Component: ARM Compiler 5.06 update 6 (build 750) Tool: armlink [4d35ed]

==============================================================================

Section Cross References

    startup_stm32f407xx.o(STACK) refers (Special) to heapauxi.o(.text) for __use_two_region_memory
    startup_stm32f407xx.o(HEAP) refers (Special) to heapauxi.o(.text) for __use_two_region_memory
    startup_stm32f407xx.o(RESET) refers (Special) to heapauxi.o(.text) for __use_two_region_memory
    startup_stm32f407xx.o(RESET) refers to startup_stm32f407xx.o(STACK) for __initial_sp
    startup_stm32f407xx.o(RESET) refers to startup_stm32f407xx.o(.text) for Reset_Handler
    startup_stm32f407xx.o(RESET) refers to stm32f4xx_it.o(i.NMI_Handler) for NMI_Handler
    startup_stm32f407xx.o(RESET) refers to stm32f4xx_it.o(i.HardFault_Handler) for HardFault_Handler
    startup_stm32f407xx.o(RESET) refers to stm32f4xx_it.o(i.MemManage_Handler) for MemManage_Handler
    startup_stm32f407xx.o(RESET) refers to stm32f4xx_it.o(i.BusFault_Handler) for BusFault_Handler
    startup_stm32f407xx.o(RESET) refers to stm32f4xx_it.o(i.UsageFault_Handler) for UsageFault_Handler
    startup_stm32f407xx.o(RESET) refers to port.o(.emb_text) for SVC_Handler
    startup_stm32f407xx.o(RESET) refers to stm32f4xx_it.o(i.DebugMon_Handler) for DebugMon_Handler
    startup_stm32f407xx.o(RESET) refers to port.o(i.SysTick_Handler) for SysTick_Handler
    startup_stm32f407xx.o(RESET) refers to stm32f4xx_it.o(i.DMA1_Stream0_IRQHandler) for DMA1_Stream0_IRQHandler
    startup_stm32f407xx.o(RESET) refers to stm32f4xx_it.o(i.DMA1_Stream2_IRQHandler) for DMA1_Stream2_IRQHandler
    startup_stm32f407xx.o(RESET) refers to stm32f4xx_it.o(i.DMA1_Stream5_IRQHandler) for DMA1_Stream5_IRQHandler
    startup_stm32f407xx.o(RESET) refers to stm32f4xx_it.o(i.CAN1_RX0_IRQHandler) for CAN1_RX0_IRQHandler
    startup_stm32f407xx.o(RESET) refers to stm32f4xx_it.o(i.TIM2_IRQHandler) for TIM2_IRQHandler
    startup_stm32f407xx.o(RESET) refers to stm32f4xx_it.o(i.USART1_IRQHandler) for USART1_IRQHandler
    startup_stm32f407xx.o(RESET) refers to stm32f4xx_it.o(i.USART2_IRQHandler) for USART2_IRQHandler
    startup_stm32f407xx.o(RESET) refers to stm32f4xx_it.o(i.UART4_IRQHandler) for UART4_IRQHandler
    startup_stm32f407xx.o(RESET) refers to stm32f4xx_it.o(i.UART5_IRQHandler) for UART5_IRQHandler
    startup_stm32f407xx.o(RESET) refers to stm32f4xx_it.o(i.DMA2_Stream2_IRQHandler) for DMA2_Stream2_IRQHandler
    startup_stm32f407xx.o(RESET) refers to stm32f4xx_it.o(i.CAN2_RX0_IRQHandler) for CAN2_RX0_IRQHandler
    startup_stm32f407xx.o(RESET) refers to stm32f4xx_it.o(i.DMA2_Stream7_IRQHandler) for DMA2_Stream7_IRQHandler
    startup_stm32f407xx.o(.text) refers (Special) to heapauxi.o(.text) for __use_two_region_memory
    startup_stm32f407xx.o(.text) refers to system_stm32f4xx.o(i.SystemInit) for SystemInit
    startup_stm32f407xx.o(.text) refers to __main.o(!!!main) for __main
    startup_stm32f407xx.o(.text) refers to startup_stm32f407xx.o(HEAP) for Heap_Mem
    startup_stm32f407xx.o(.text) refers to startup_stm32f407xx.o(STACK) for Stack_Mem
    drv_can.o(i.CAN1_Init) refers to drv_can.o(i.CAN_Filter_ParamsInit) for CAN_Filter_ParamsInit
    drv_can.o(i.CAN1_Init) refers to stm32f4xx_hal_can.o(i.HAL_CAN_ConfigFilter) for HAL_CAN_ConfigFilter
    drv_can.o(i.CAN1_Init) refers to stm32f4xx_hal_can.o(i.HAL_CAN_ActivateNotification) for HAL_CAN_ActivateNotification
    drv_can.o(i.CAN1_Init) refers to stm32f4xx_hal_can.o(i.HAL_CAN_Start) for HAL_CAN_Start
    drv_can.o(i.CAN1_Init) refers to can.o(.bss) for hcan1
    drv_can.o(i.CAN2_Init) refers to drv_can.o(i.CAN_Filter_ParamsInit) for CAN_Filter_ParamsInit
    drv_can.o(i.CAN2_Init) refers to stm32f4xx_hal_can.o(i.HAL_CAN_ConfigFilter) for HAL_CAN_ConfigFilter
    drv_can.o(i.CAN2_Init) refers to stm32f4xx_hal_can.o(i.HAL_CAN_ActivateNotification) for HAL_CAN_ActivateNotification
    drv_can.o(i.CAN2_Init) refers to stm32f4xx_hal_can.o(i.HAL_CAN_Start) for HAL_CAN_Start
    drv_can.o(i.CAN2_Init) refers to can.o(.bss) for hcan2
    drv_can.o(i.CAN_AddMsgByDriver) refers to drv_can.o(i.CAN_CreateTxPort) for CAN_CreateTxPort
    drv_can.o(i.CAN_AddMsgByDriver) refers to drv_can.o(.bss) for .bss
    drv_can.o(i.CAN_AutoTx) refers to drv_can.o(i.CAN_PopWaitTxPort) for CAN_PopWaitTxPort
    drv_can.o(i.CAN_AutoTx) refers to drv_haltick.o(i.micros) for micros
    drv_can.o(i.CAN_AutoTx) refers to drv_can.o(i.CAN_StartTxByTxPort) for CAN_StartTxByTxPort
    drv_can.o(i.CAN_AutoTx) refers to drv_can.o(.data) for .data
    drv_can.o(i.CAN_AutoTx) refers to monitor_task.o(.data) for send_control_time
    drv_can.o(i.CAN_CreateTxPort) refers to heap_4.o(i.pvPortMalloc) for pvPortMalloc
    drv_can.o(i.CAN_MailboxReadyForTx) refers to drv_haltick.o(i.micros) for micros
    drv_can.o(i.CAN_MailboxReadyForTx) refers to drv_can.o(i.CAN_PushWaitTxPort) for CAN_PushWaitTxPort
[...]
    master_sensor                            0x200002cc   Data          24  motor.o(.data)
    rc_master_info                           0x200002e4   Data           7  motor.o(.data)
    rc_master_sensor                         0x200002ec   Data          24  motor.o(.data)
    vision_sensor_driver                     0x20000304   Data           8  vision_sensor.o(.data)
    vision_sensor_info                       0x2000030c   Data          72  vision_sensor.o(.data)
    vision_sensor                            0x20000354   Data          28  vision_sensor.o(.data)
    shoot_freq_val                           0x20000378   Data           4  dial.o(.data)
    firing_rate                              0x2000037c   Data           4  dial.o(.data)
    shot_info                                0x20000394   Data           6  dial.o(.data)
    shot_motor_pid                           0x2000039c   Data         348  dial.o(.data)
    shot_dev                                 0x200004f8   Data          20  dial.o(.data)
    shoot                                    0x2000050c   Data          48  dial.o(.data)
    shot_ctrl                                0x2000053c   Data           4  dial.o(.data)
    gimb_info                                0x20000544   Data           2  gimbal.o(.data)
    real_yaw_rate                            0x20000558   Data           4  gimbal.o(.data)
    pitch_real_angle_target                  0x2000055c   Data           4  gimbal.o(.data)
    yaw_real_angle_target                    0x20000560   Data           4  gimbal.o(.data)
    pitch_init_angle_target                  0x20000564   Data           4  gimbal.o(.data)
    yaw_init_angle_target                    0x20000568   Data           4  gimbal.o(.data)
    pitch_angle_target                       0x2000056c   Data           4  gimbal.o(.data)
    pitch_angle_measure                      0x20000570   Data           4  gimbal.o(.data)
    pitch_speed_target                       0x20000574   Data           4  gimbal.o(.data)
    pitch_speed_measure                      0x20000578   Data           4  gimbal.o(.data)
    pitch_out                                0x2000057c   Data           4  gimbal.o(.data)
    gimb_drv                                 0x20000580   Data           8  gimbal.o(.data)
    gimb_motor                               0x20000588   Data           8  gimbal.o(.data)
    gimb_motor_info                          0x20000590   Data           8  gimbal.o(.data)
    gimb_motor_pid                           0x20000598   Data         232  gimbal.o(.data)
    gimb_dev                                 0x20000680   Data          16  gimbal.o(.data)
    gimb_ctrl                                0x20000690   Data           4  gimbal.o(.data)
    gimbal                                   0x20000694   Data          40  gimbal.o(.data)
    flag                                     0x200006bc   Data           2  system_task.o(.data)
    sys                                      0x200006be   Data           3  system_task.o(.data)
    send_control_time                        0x200006c8   Data           4  monitor_task.o(.data)
    event                                    0x200006cc   Data           4  monitor_task.o(.data)
    SendFlag                                 0x200006d0   Data           4  send_task.o(.data)
    vis_pitch_corret_kp                      0x200006dc   Data           4  vision_task.o(.data)
    vis_yaw_corret_kp                        0x200006e0   Data           4  vision_task.o(.data)
    vision_rx                                0x200006e4   Data          12  vision_task.o(.data)
    CRC_INIT                                 0x200006f0   Data           2  crc.o(.data)
    gyrox                                    0x200006f2   Data           2  imu_protocol.o(.data)
    gyroy                                    0x200006f4   Data           2  imu_protocol.o(.data)
    gyroz                                    0x200006f6   Data           2  imu_protocol.o(.data)
    accx                                     0x200006f8   Data           2  imu_protocol.o(.data)
    accy                                     0x200006fa   Data           2  imu_protocol.o(.data)
    accz                                     0x200006fc   Data           2  imu_protocol.o(.data)
    MonitorTaskHandle                        0x20000700   Data           4  freertos.o(.data)
    SystemTaskHandle                         0x20000704   Data           4  freertos.o(.data)
    SendTaskHandle                           0x20000708   Data           4  freertos.o(.data)
    GimbalTaskHandle                         0x2000070c   Data           4  freertos.o(.data)
    FireTaskHandle                           0x20000710   Data           4  freertos.o(.data)
    VisionTaskHandle                         0x20000714   Data           4  freertos.o(.data)
    ControlTaskHandle                        0x20000718   Data           4  freertos.o(.data)
    uwTickFreq                               0x20000720   Data           1  stm32f4xx_hal.o(.data)
    uwTickPrio                               0x20000724   Data           4  stm32f4xx_hal.o(.data)
    uwTick                                   0x20000728   Data           4  stm32f4xx_hal.o(.data)
    SystemCoreClock                          0x2000072c   Data           4  system_stm32f4xx.o(.data)
    pxCurrentTCB                             0x20000730   Data           4  tasks.o(.data)
    hcan1Mailbox                             0x20000798   Data          28  drv_can.o(.bss)
    hcan2Mailbox                             0x200007b4   Data          28  drv_can.o(.bss)
    hcan1RxFrame                             0x200007d0   Data          36  drv_can.o(.bss)
    hcan2RxFrame                             0x200007f4   Data          36  drv_can.o(.bss)
    usart1_dma_rxbuf                         0x20000818   Data         100  drv_uart.o(.bss)
    usart2_dma_rxbuf                         0x2000087c   Data          48  drv_uart.o(.bss)
    usart4_dma_rxbuf                         0x200008ac   Data         100  drv_uart.o(.bss)
    usart5_dma_rxbuf                         0x20000910   Data         200  drv_uart.o(.bss)
    bmi2_dev                                 0x200009d8   Data         104  bmi.o(.bss)
    shot_drv                                 0x20000a40   Data          12  dial.o(.bss)
    shot_motor                               0x20000a4c   Data          12  dial.o(.bss)
    shot_motor_info                          0x20000a58   Data          12  dial.o(.bss)
    Vision_SentData                          0x20000a64   Data          60  vision_task.o(.bss)
    pitch_history_queue                      0x20000aa0   Data         420  vision_task.o(.bss)
    yaw_history_queue                        0x20000c44   Data         420  vision_task.o(.bss)
    vision                                   0x20000de8   Data          52  vision_task.o(.bss)
    rc_gimbal_ch0                            0x20000e1c   Data          48  kalman.o(.bss)
    rc_gimbal_ch1                            0x20000e4c   Data          48  kalman.o(.bss)
    imu_roll_rateKF                          0x20000e7c   Data          48  kalman.o(.bss)
    imu_yaw_rateKF                           0x20000eac   Data          48  kalman.o(.bss)
    imu_pitch_rateKF                         0x20000edc   Data          48  kalman.o(.bss)
    vision_distance_get                      0x20000f0c   Data          48  kalman.o(.bss)
    gimbal_yaw_rateKF                        0x20000f3c   Data          48  kalman.o(.bss)
    gimbal_pitch_rateKF                      0x20000f6c   Data          48  kalman.o(.bss)
    GYRO_SpeedError_SF                       0x20000f9c   Data         288  moving_filter.o(.bss)
    vision_pitch_givenSF                     0x200010bc   Data         288  moving_filter.o(.bss)
    vision_yaw_givenSF                       0x200011dc   Data         288  moving_filter.o(.bss)
    hadc1                                    0x20001550   Data          72  adc.o(.bss)
    hcan1                                    0x20001598   Data          40  can.o(.bss)
    hcan2                                    0x200015c0   Data          40  can.o(.bss)
    hdac                                     0x200015e8   Data          20  dac.o(.bss)
    hiwdg                                    0x200015fc   Data          12  iwdg.o(.bss)
    htim1                                    0x20001608   Data          72  tim.o(.bss)
    htim3                                    0x20001650   Data          72  tim.o(.bss)
    huart4                                   0x20001698   Data          68  usart.o(.bss)
    huart5                                   0x200016dc   Data          68  usart.o(.bss)
    huart1                                   0x20001720   Data          68  usart.o(.bss)
    huart2                                   0x20001764   Data          68  usart.o(.bss)
    hdma_uart4_rx                            0x200017a8   Data          96  usart.o(.bss)
    hdma_uart5_rx                            0x20001808   Data          96  usart.o(.bss)
    hdma_usart1_rx                           0x20001868   Data          96  usart.o(.bss)
    hdma_usart1_tx                           0x200018c8   Data          96  usart.o(.bss)
    hdma_usart2_rx                           0x20001928   Data          96  usart.o(.bss)
    htim2                                    0x20001988   Data          72  stm32f4xx_hal_timebase_tim.o(.bss)
    __libspace_start                         0x200056c0   Data          96  libspace.o(.bss)
    __temporary_stack_top$libspace           0x20005720   Data           0  libspace.o(.bss)



==============================================================================

Memory Map of the image

  Image Entry point : 0x08000189

  Load Region LR_IROM1 (Base: 0x08000000, Size: 0x00010894, Max: 0x00080000, ABSOLUTE, COMPRESSED[0x0001030c])

    Execution Region ER_IROM1 (Exec base: 0x08000000, Load base: 0x08000000, Size: 0x000100fc, Max: 0x00080000, ABSOLUTE)

    Exec Addr    Load Addr    Size         Type   Attr      Idx    E Section Name        Object

    0x08000000   0x08000000   0x00000188   Data   RO            3    RESET               startup_stm32f407xx.o
    0x08000188   0x08000188   0x00000008   Code   RO         9171  * !!!main             c_w.l(__main.o)
    0x08000190   0x08000190   0x00000034   Code   RO         9507    !!!scatter          c_w.l(__scatter.o)
    0x080001c4   0x080001c4   0x0000005a   Code   RO         9505    !!dczerorl2         c_w.l(__dczerorl2.o)
    0x0800021e   0x0800021e   0x00000002   PAD
    0x08000220   0x08000220   0x0000001c   Code   RO         9509    !!handler_zi        c_w.l(__scatter_zi.o)
    0x0800023c   0x0800023c   0x00000002   Code   RO         9442    .ARM.Collect$$libinit$$00000000  c_w.l(libinit.o)
    0x0800023e   0x0800023e   0x00000004   Code   RO         9251    .ARM.Collect$$libinit$$00000001  c_w.l(libinit2.o)
    0x08000242   0x08000242   0x00000000   Code   RO         9254    .ARM.Collect$$libinit$$00000004  c_w.l(libinit2.o)
    0x08000242   0x08000242   0x00000008   Code   RO         9255    .ARM.Collect$$libinit$$00000005  c_w.l(libinit2.o)
    0x0800024a   0x0800024a   0x00000000   Code   RO         9257    .ARM.Collect$$libinit$$0000000A  c_w.l(libinit2.o)
    0x0800024a   0x0800024a   0x00000000   Code   RO         9259    .ARM.Collect$$libinit$$0000000C  c_w.l(libinit2.o)
    0x0800024a   0x0800024a   0x00000000   Code   RO         9261    .ARM.Collect$$libinit$$0000000E  c_w.l(libinit2.o)
    0x0800024a   0x0800024a   0x00000000   Code   RO         9264    .ARM.Collect$$libinit$$00000011  c_w.l(libinit2.o)
    0x0800024a   0x0800024a   0x00000000   Code   RO         9266    .ARM.Collect$$libinit$$00000013  c_w.l(libinit2.o)
    0x0800024a   0x0800024a   0x00000000   Code   RO         9268    .ARM.Collect$$libinit$$00000015  c_w.l(libinit2.o)
    0x0800024a   0x0800024a   0x00000000   Code   RO         9270    .ARM.Collect$$libinit$$00000017  c_w.l(libinit2.o)
    0x0800024a   0x0800024a   0x00000000   Code   RO         9272    .ARM.Collect$$libinit$$00000019  c_w.l(libinit2.o)
    0x0800024a   0x0800024a   0x00000000   Code   RO         9274    .ARM.Collect$$libinit$$0000001B  c_w.l(libinit2.o)
    0x0800024a   0x0800024a   0x00000000   Code   RO         9276    .ARM.Collect$$libinit$$0000001D  c_w.l(libinit2.o)
    0x0800024a   0x0800024a   0x00000000   Code   RO         9278    .ARM.Collect$$libinit$$0000001F  c_w.l(libinit2.o)
    0x0800024a   0x0800024a   0x00000000   Code   RO         9280    .ARM.Collect$$libinit$$00000021  c_w.l(libinit2.o)
    0x0800024a   0x0800024a   0x00000000   Code   RO         9282    .ARM.Collect$$libinit$$00000023  c_w.l(libinit2.o)
    0x0800024a   0x0800024a   0x00000000   Code   RO         9284    .ARM.Collect$$libinit$$00000025  c_w.l(libinit2.o)
    0x0800024a   0x0800024a   0x00000000   Code   RO         9288    .ARM.Collect$$libinit$$0000002C  c_w.l(libinit2.o)
    0x0800024a   0x0800024a   0x00000000   Code   RO         9290    .ARM.Collect$$libinit$$0000002E  c_w.l(libinit2.o)
    0x0800024a   0x0800024a   0x00000000   Code   RO         9292    .ARM.Collect$$libinit$$00000030  c_w.l(libinit2.o)
    0x0800024a   0x0800024a   0x00000000   Code   RO         9294    .ARM.Collect$$libinit$$00000032  c_w.l(libinit2.o)
    0x0800024a   0x0800024a   0x00000002   Code   RO         9295    .ARM.Collect$$libinit$$00000033  c_w.l(libinit2.o)
    0x0800024c   0x0800024c   0x00000002   Code   RO         9502    .ARM.Collect$$libshutdown$$00000000  c_w.l(libshutdown.o)
    0x0800024e   0x0800024e   0x00000000   Code   RO         9460    .ARM.Collect$$libshutdown$$00000002  c_w.l(libshutdown2.o)
    0x0800024e   0x0800024e   0x00000000   Code   RO         9462    .ARM.Collect$$libshutdown$$00000004  c_w.l(libshutdown2.o)
    0x0800024e   0x0800024e   0x00000000   Code   RO         9465    .ARM.Collect$$libshutdown$$00000007  c_w.l(libshutdown2.o)
    0x0800024e   0x0800024e   0x00000000   Code   RO         9468    .ARM.Collect$$libshutdown$$0000000A  c_w.l(libshutdown2.o)
    0x0800024e   0x0800024e   0x00000000   Code   RO         9470    .ARM.Collect$$libshutdown$$0000000C  c_w.l(libshutdown2.o)
    0x0800024e   0x0800024e   0x00000000   Code   RO         9473    .ARM.Collect$$libshutdown$$0000000F  c_w.l(libshutdown2.o)
    0x0800024e   0x0800024e   0x00000002   Code   RO         9474    .ARM.Collect$$libshutdown$$00000010  c_w.l(libshutdown2.o)
    0x08000250   0x08000250   0x00000000   Code   RO         9217    .ARM.Collect$$rtentry$$00000000  c_w.l(__rtentry.o)
    0x08000250   0x08000250   0x00000000   Code   RO         9370    .ARM.Collect$$rtentry$$00000002  c_w.l(__rtentry2.o)
    0x08000250   0x08000250   0x00000006   Code   RO         9382    .ARM.Collect$$rtentry$$00000004  c_w.l(__rtentry4.o)
    0x08000256   0x08000256   0x00000000   Code   RO         9372    .ARM.Collect$$rtentry$$00000009  c_w.l(__rtentry2.o)
    0x08000256   0x08000256   0x00000004   Code   RO         9373    .ARM.Collect$$rtentry$$0000000A  c_w.l(__rtentry2.o)
    0x0800025a   0x0800025a   0x00000000   Code   RO         9375    .ARM.Collect$$rtentry$$0000000C  c_w.l(__rtentry2.o)
    0x0800025a   0x0800025a   0x00000008   Code   RO         9376    .ARM.Collect$$rtentry$$0000000D  c_w.l(__rtentry2.o)
    0x08000262   0x08000262   0x00000002   Code   RO         9447    .ARM.Collect$$rtexit$$00000000  c_w.l(rtexit.o)
    0x08000264   0x08000264   0x00000000   Code   RO         9478    .ARM.Collect$$rtexit$$00000002  c_w.l(rtexit2.o)
    0x08000264   0x08000264   0x00000004   Code   RO         9479    .ARM.Collect$$rtexit$$00000003  c_w.l(rtexit2.o)
    0x08000268   0x08000268   0x00000006   Code   RO         9480    .ARM.Collect$$rtexit$$00000004  c_w.l(rtexit2.o)
    0x0800026e   0x0800026e   0x00000002   PAD
    0x08000270   0x08000270   0x000000be   Code   RO         9016    .emb_text           port.o
    0x0800032e   0x0800032e   0x00000002   PAD
    0x08000330   0x08000330   0x00000000   Code   RO         9393    .emb_text           c_w.l(maybetermalloc1.o)
    0x08000330   0x08000330   0x00000040   Code   RO            4    .text               startup_stm32f407xx.o
    0x08000370   0x08000370   0x0000005e   Code   RO         9099    .text               c_w.l(h1_alloc.o)
    0x080003ce   0x080003ce   0x0000004e   Code   RO         9101    .text               c_w.l(h1_free.o)
    0x0800041c   0x0800041c   0x000000ee   Code   RO         9157    .text               c_w.l(lludivv7m.o)
    0x0800050a   0x0800050a   0x0000008a   Code   RO         9159    .text               c_w.l(rt_memcpy_v6.o)
    0x08000594   0x08000594   0x00000064   Code   RO         9161    .text               c_w.l(rt_memcpy_w.o)
    0x080005f8   0x080005f8   0x00000044   Code   RO         9165    .text               c_w.l(rt_memclr.o)
    0x0800063c   0x0800063c   0x0000004e   Code   RO         9167    .text               c_w.l(rt_memclr_w.o)
    0x0800068a   0x0800068a   0x00000006   Code   RO         9169    .text               c_w.l(heapauxi.o)
    0x08000690   0x08000690   0x00000008   Code   RO         9225    .text               c_w.l(rt_heap_descriptor_intlibspace.o)
    0x08000698   0x08000698   0x00000004   Code   RO         9227    .text               c_w.l(hguard.o)
    0x0800069c   0x0800069c   0x0000008a   Code   RO         9229    .text               c_w.l(init_alloc.o)
    0x08000726   0x08000726   0x0000000e   Code   RO         9233    .text               c_w.l(h1_init.o)
    0x08000734   0x08000734   0x00000016   Code   RO         9247    .text               c_w.l(_rserrno.o)
    0x0800074a   0x0800074a   0x00000002   PAD
    0x0800074c   0x0800074c   0x00000008   Code   RO         9366    .text               c_w.l(libspace.o)
    0x08000754   0x08000754   0x00000008   Code   RO         9389    .text               c_w.l(rt_errno_addr_intlibspace.o)
    0x0800075c   0x0800075c   0x00000034   Code   RO         9395    .text               c_w.l(h1_extend.o)
    0x08000790   0x08000790   0x0000000e   Code   RO         9399    .text               c_w.l(defsig_rtmem_outer.o)
    0x0800079e   0x0800079e   0x00000002   Code   RO         9414    .text               c_w.l(use_no_semi.o)
    0x080007a0   0x080007a0   0x00000000   Code   RO         9416    .text               c_w.l(indicate_semi.o)
    0x080007a0   0x080007a0   0x0000004a   Code   RO         9417    .text               c_w.l(sys_stackheap_outer.o)
    0x080007ea   0x080007ea   0x00000012   Code   RO         9423    .text               c_w.l(exit.o)
    0x080007fc   0x080007fc   0x0000000a   Code   RO         9425    .text               c_w.l(defsig_exit.o)
    0x08000806   0x08000806   0x00000002   PAD
    0x08000808   0x08000808   0x00000050   Code   RO         9431    .text               c_w.l(defsig_rtmem_inner.o)
    0x08000858   0x08000858   0x0000000c   Code   RO         9445    .text               c_w.l(sys_exit.o)
    0x08000864   0x08000864   0x00000032   Code   RO         9455    .text               c_w.l(defsig_general.o)
    0x08000896   0x08000896   0x0000000e   Code   RO         9475    .text               c_w.l(sys_wrch.o)
    0x080008a4   0x080008a4   0x00000002   Code   RO          500    i.ADC_Init          drv_adda.o
    0x080008a6   0x080008a6   0x00000002   PAD
    0x080008a8   0x080008a8   0x00000128   Code   RO         4239    i.ADC_Init          stm32f4xx_hal_adc.o
    0x080009d0   0x080009d0   0x00000014   Code   RO         2380    i.Aerial_Ctrl       dial.o
    0x080009e4   0x080009e4   0x00000028   Code   RO         3062    i.Append_CRC16_Check_Sum  crc.o
    0x08000a0c   0x08000a0c   0x00000020   Code   RO         3063    i.Append_CRC8_Check_Sum  crc.o
    0x08000a2c   0x08000a2c   0x0000045c   Code   RO          694    i.BMI_Get_EulerAngle  bmi.o
    0x08000e88   0x08000e88   0x00000048   Code   RO          696    i.BMI_Get_RawData   bmi.o
    0x08000ed0   0x08000ed0   0x0000006c   Code   RO          697    i.BMI_Init          bmi.o
    0x08000f3c   0x08000f3c   0x00000002   Code   RO         4043    i.BusFault_Handler  stm32f4xx_it.o
    0x08000f3e   0x08000f3e   0x00000002   PAD
    0x08000f40   0x08000f40   0x00000028   Code   RO          152    i.CAN1_Init         drv_can.o
    0x08000f68   0x08000f68   0x0000000c   Code   RO         4044    i.CAN1_RX0_IRQHandler  stm32f4xx_it.o
    0x08000f74   0x08000f74   0x00000038   Code   RO         3363    i.CAN1_rxDataHandler  can_protocol.o
    0x08000fac   0x08000fac   0x00000028   Code   RO          154    i.CAN2_Init         drv_can.o
    0x08000fd4   0x08000fd4   0x0000000c   Code   RO         4045    i.CAN2_RX0_IRQHandler  stm32f4xx_it.o
    0x08000fe0   0x08000fe0   0x00000080   Code   RO         3364    i.CAN2_rxDataHandler  can_protocol.o
    0x08001060   0x08001060   0x00000006   Code   RO         3423    i.CAN_01_GetMotorAngle  rm_protocol.o
    0x08001066   0x08001066   0x00000008   Code   RO         3424    i.CAN_23_GetMotorSpeed  rm_protocol.o
    0x0800106e   0x0800106e   0x00000008   Code   RO         3426    i.CAN_45_GetMotorCurrent  rm_protocol.o
    0x08001076   0x08001076   0x00000008   Code   RO         3427    i.CAN_45_GetMotorTorque  rm_protocol.o
    0x0800107e   0x0800107e   0x00000004   Code   RO         3428    i.CAN_6_GetMotorTemperature  rm_protocol.o
    0x08001082   0x08001082   0x0000000c   Code   RO         3365    i.CAN_AddByte       can_protocol.o
    0x0800108e   0x0800108e   0x00000016   Code   RO         3366    i.CAN_AddHalfWord   can_protocol.o
    0x080010a4   0x080010a4   0x00000004   Code   RO         3367    i.CAN_AddMsg        can_protocol.o
    0x080010a8   0x080010a8   0x00000068   Code   RO          156    i.CAN_AddMsgByDriver  drv_can.o
    0x08001110   0x08001110   0x00000022   Code   RO         3368    i.CAN_AddWord       can_protocol.o
    0x08001132   0x08001132   0x00000002   PAD
    0x08001134   0x08001134   0x0000004c   Code   RO          157    i.CAN_AutoTx        drv_can.o
    0x08001180   0x08001180   0x00000086   Code   RO          158    i.CAN_CreateTxPort  drv_can.o
    0x08001206   0x08001206   0x0000001a   Code   RO          159    i.CAN_Filter_ParamsInit  drv_can.o
    0x08001220   0x08001220   0x00000040   Code   RO          160    i.CAN_MailboxReadyForTx  drv_can.o
    0x08001260   0x08001260   0x00000004   Code   RO         3369    i.CAN_ManualTx      can_protocol.o
    0x08001264   0x08001264   0x0000002e   Code   RO          161    i.CAN_PopWaitTxPort  drv_can.o
    0x08001292   0x08001292   0x0000001e   Code   RO          162    i.CAN_PushWaitTxPort  drv_can.o
    0x080012b0   0x080012b0   0x00000058   Code   RO          163    i.CAN_Rx_Callback   drv_can.o
    0x08001308   0x08001308   0x00000044   Code   RO          164    i.CAN_StartTxByDriver  drv_can.o
    0x0800134c   0x0800134c   0x00000064   Code   RO          165    i.CAN_StartTxByTxPort  drv_can.o
    0x080013b0   0x080013b0   0x0000000c   Code   RO          501    i.DAC_Init          drv_adda.o
    0x080013bc   0x080013bc   0x0000003c   Code   RO         2188    i.DEV_Init          device.o
    0x080013f8   0x080013f8   0x0000001c   Code   RO         2381    i.DIAL_GetAerialInfo  dial.o
    0x08001414   0x08001414   0x0000005c   Code   RO         2382    i.DIAL_NormoalShot  dial.o
    0x08001470   0x08001470   0x0000004c   Code   RO         2383    i.DIAL_RepeatingShot  dial.o
    0x080014bc   0x080014bc   0x0000006c   Code   RO         2385    i.DIAL_StuckHandle  dial.o
    0x08001528   0x08001528   0x0000005c   Code   RO         2386    i.DIAL_TripleShot   dial.o
    0x08001584   0x08001584   0x0000000c   Code   RO         4046    i.DMA1_Stream0_IRQHandler  stm32f4xx_it.o
    0x08001590   0x08001590   0x0000000c   Code   RO         4047    i.DMA1_Stream2_IRQHandler  stm32f4xx_it.o
    0x0800159c   0x0800159c   0x0000000c   Code   RO         4048    i.DMA1_Stream5_IRQHandler  stm32f4xx_it.o
    0x080015a8   0x080015a8   0x0000000c   Code   RO         4049    i.DMA2_Stream2_IRQHandler  stm32f4xx_it.o
    0x080015b4   0x080015b4   0x0000000c   Code   RO         4050    i.DMA2_Stream7_IRQHandler  stm32f4xx_it.o
    0x080015c0   0x080015c0   0x00000244   Code   RO          330    i.DMAEx_MultiBufferStart_NoIT  drv_uart.o
    0x08001804   0x08001804   0x00000028   Code   RO         4973    i.DMA_CalcBaseAndBitshift  stm32f4xx_hal_dma.o
    0x0800182c   0x0800182c   0x00000054   Code   RO         4974    i.DMA_CheckFifoParam  stm32f4xx_hal_dma.o
    0x08001880   0x08001880   0x00000028   Code   RO         4975    i.DMA_SetConfig     stm32f4xx_hal_dma.o
    0x080018a8   0x080018a8   0x00000062   Code   RO          331    i.DMA_Start         drv_uart.o
    0x0800190a   0x0800190a   0x00000036   Code   RO          583    i.DRIVER_Init       driver.o
    0x08001940   0x08001940   0x00000014   Code   RO          332    i.DRV_UART_IRQHandler  drv_uart.o
    0x08001954   0x08001954   0x00000002   Code   RO         4051    i.DebugMon_Handler  stm32f4xx_it.o
    0x08001956   0x08001956   0x00000002   PAD
    0x08001958   0x08001958   0x0000001c   Code   RO          460    i.ENCODER_Init      drv_tim.o
    0x08001974   0x08001974   0x00000002   Code   RO         3588    i.Error_Handler     main.o
    0x08001976   0x08001976   0x00000002   PAD
    0x08001978   0x08001978   0x00000018   Code   RO          461    i.FRICTION_PwmOut   drv_tim.o
    0x08001990   0x08001990   0x00000044   Code   RO         2387    i.Fric_SpeedCtrl    dial.o
    0x080019d4   0x080019d4   0x0000004a   Code   RO         2574    i.GIMBAL_Angle_PidCalc  gimbal.o
    0x08001a1e   0x08001a1e   0x00000002   PAD
    0x08001a20   0x08001a20   0x000000e8   Code   RO         2575    i.GIMBAL_AutoCtrl   gimbal.o
    0x08001b08   0x08001b08   0x00000040   Code   RO         2576    i.GIMBAL_Ctrl       gimbal.o
    0x08001b48   0x08001b48   0x0000000e   Code   RO         2577    i.GIMBAL_GetInfo    gimbal.o
    0x08001b56   0x08001b56   0x00000002   PAD
    0x08001b58   0x08001b58   0x00000020   Code   RO         2579    i.GIMBAL_GetSysInfo  gimbal.o
    0x08001b78   0x08001b78   0x0000002c   Code   RO         2580    i.GIMBAL_Init       gimbal.o
    0x08001ba4   0x08001ba4   0x000000d4   Code   RO         2581    i.GIMBAL_InspectionCtrl  gimbal.o
    0x08001c78   0x08001c78   0x00000068   Code   RO         2584    i.GIMBAL_PidCtrl    gimbal.o
    0x08001ce0   0x08001ce0   0x00000040   Code   RO         2585    i.GIMBAL_PidParamsInit  gimbal.o
    0x08001d20   0x08001d20   0x000000d4   Code   RO         2586    i.GIMBAL_RcCtrl     gimbal.o
    0x08001df4   0x08001df4   0x00000304   Code   RO         2587    i.GIMBAL_Reset      gimbal.o
    0x080020f8   0x080020f8   0x00000058   Code   RO         2588    i.GIMBAL_SelfProtect  gimbal.o
    0x08002150   0x08002150   0x00000034   Code   RO         2589    i.GIMBAL_Test       gimbal.o
    0x08002184   0x08002184   0x0000008c   Code   RO         2590    i.GIMBAL_UpdateController  gimbal.o
    0x08002210   0x08002210   0x0000000a   Code   RO         3432    i.GM6020_GetDataId  rm_protocol.o
    0x0800221a   0x0800221a   0x00000016   Code   RO         3433    i.GM6020_GetTxId    rm_protocol.o
    0x08002230   0x08002230   0x0000002c   Code   RO         3064    i.Get_CRC16_Check_Sum  crc.o
    0x0800225c   0x0800225c   0x00000020   Code   RO         3065    i.Get_CRC8_Check_Sum  crc.o
    0x0800227c   0x0800227c   0x00000070   Code   RO         3176    i.Gimbal_Real_YawRate  rp_math.o
    0x080022ec   0x080022ec   0x0000014c   Code   RO         4241    i.HAL_ADC_ConfigChannel  stm32f4xx_hal_adc.o
    0x08002438   0x08002438   0x00000054   Code   RO         4250    i.HAL_ADC_Init      stm32f4xx_hal_adc.o
    0x0800248c   0x0800248c   0x00000060   Code   RO         3731    i.HAL_ADC_MspInit   adc.o
    0x080024ec   0x080024ec   0x00000024   Code   RO         5647    i.HAL_CAN_ActivateNotification  stm32f4xx_hal_can.o
    0x08002510   0x08002510   0x000000c8   Code   RO         5648    i.HAL_CAN_AddTxMessage  stm32f4xx_hal_can.o
    0x080025d8   0x080025d8   0x0000010c   Code   RO         5649    i.HAL_CAN_ConfigFilter  stm32f4xx_hal_can.o
    0x080026e4   0x080026e4   0x00000002   Code   RO         5652    i.HAL_CAN_ErrorCallback  stm32f4xx_hal_can.o
    0x080026e6   0x080026e6   0x000000e8   Code   RO         5655    i.HAL_CAN_GetRxMessage  stm32f4xx_hal_can.o
    0x080027ce   0x080027ce   0x000001fc   Code   RO         5659    i.HAL_CAN_IRQHandler  stm32f4xx_hal_can.o
    0x080029ca   0x080029ca   0x0000011a   Code   RO         5660    i.HAL_CAN_Init      stm32f4xx_hal_can.o
    0x08002ae4   0x08002ae4   0x000000fc   Code   RO         3773    i.HAL_CAN_MspInit   can.o
    0x08002be0   0x08002be0   0x00000002   Code   RO         5667    i.HAL_CAN_RxFifo0FullCallback  stm32f4xx_hal_can.o
    0x08002be2   0x08002be2   0x00000002   PAD
    0x08002be4   0x08002be4   0x0000001c   Code   RO          166    i.HAL_CAN_RxFifo0MsgPendingCallback  drv_can.o
    0x08002c00   0x08002c00   0x00000002   Code   RO         5669    i.HAL_CAN_RxFifo1FullCallback  stm32f4xx_hal_can.o
    0x08002c02   0x08002c02   0x00000002   Code   RO         5670    i.HAL_CAN_RxFifo1MsgPendingCallback  stm32f4xx_hal_can.o
    0x08002c04   0x08002c04   0x00000002   Code   RO         5671    i.HAL_CAN_SleepCallback  stm32f4xx_hal_can.o
    0x08002c06   0x08002c06   0x00000002   PAD
    0x08002c08   0x08002c08   0x00000058   Code   RO         5672    i.HAL_CAN_Start     stm32f4xx_hal_can.o
    0x08002c60   0x08002c60   0x00000002   Code   RO         5674    i.HAL_CAN_TxMailbox0AbortCallback  stm32f4xx_hal_can.o
    0x08002c62   0x08002c62   0x00000002   Code   RO         5675    i.HAL_CAN_TxMailbox0CompleteCallback  stm32f4xx_hal_can.o
    0x08002c64   0x08002c64   0x00000002   Code   RO         5676    i.HAL_CAN_TxMailbox1AbortCallback  stm32f4xx_hal_can.o
    0x08002c66   0x08002c66   0x00000002   Code   RO         5677    i.HAL_CAN_TxMailbox1CompleteCallback  stm32f4xx_hal_can.o
    0x08002c68   0x08002c68   0x00000002   Code   RO         5678    i.HAL_CAN_TxMailbox2AbortCallback  stm32f4xx_hal_can.o
    0x08002c6a   0x08002c6a   0x00000002   Code   RO         5679    i.HAL_CAN_TxMailbox2CompleteCallback  stm32f4xx_hal_can.o
    0x08002c6c   0x08002c6c   0x00000002   Code   RO         5681    i.HAL_CAN_WakeUpFromRxMsgCallback  stm32f4xx_hal_can.o
    0x08002c6e   0x08002c6e   0x00000046   Code   RO         5883    i.HAL_DAC_ConfigChannel  stm32f4xx_hal_dac.o
    0x08002cb4   0x08002cb4   0x00000028   Code   RO         5893    i.HAL_DAC_Init      stm32f4xx_hal_dac.o
    0x08002cdc   0x08002cdc   0x00000060   Code   RO         3822    i.HAL_DAC_MspInit   dac.o
    0x08002d3c   0x08002d3c   0x0000005c   Code   RO         5897    i.HAL_DAC_Start     stm32f4xx_hal_dac.o
    0x08002d98   0x08002d98   0x00000092   Code   RO         4976    i.HAL_DMA_Abort     stm32f4xx_hal_dma.o
    0x08002e2a   0x08002e2a   0x00000024   Code   RO         4977    i.HAL_DMA_Abort_IT  stm32f4xx_hal_dma.o
    0x08002e4e   0x08002e4e   0x00000002   PAD
    0x08002e50   0x08002e50   0x000001a0   Code   RO         4981    i.HAL_DMA_IRQHandler  stm32f4xx_hal_dma.o
    0x08002ff0   0x08002ff0   0x000000d4   Code   RO         4982    i.HAL_DMA_Init      stm32f4xx_hal_dma.o
    0x080030c4   0x080030c4   0x0000006e   Code   RO         4986    i.HAL_DMA_Start_IT  stm32f4xx_hal_dma.o
    0x08003132   0x08003132   0x00000002   PAD
    0x08003134   0x08003134   0x000001f0   Code   RO         4869    i.HAL_GPIO_Init     stm32f4xx_hal_gpio.o
    0x08003324   0x08003324   0x00000010   Code   RO         4872    i.HAL_GPIO_TogglePin  stm32f4xx_hal_gpio.o
    0x08003334   0x08003334   0x0000000a   Code   RO         4873    i.HAL_GPIO_WritePin  stm32f4xx_hal_gpio.o
    0x0800333e   0x0800333e   0x00000002   PAD
    0x08003340   0x08003340   0x0000000c   Code   RO         5401    i.HAL_GetTick       stm32f4xx_hal.o
    0x0800334c   0x0800334c   0x0000005a   Code   RO         6120    i.HAL_IWDG_Init     stm32f4xx_hal_iwdg.o
    0x080033a6   0x080033a6   0x0000000c   Code   RO         6121    i.HAL_IWDG_Refresh  stm32f4xx_hal_iwdg.o
    0x080033b2   0x080033b2   0x00000002   PAD
    0x080033b4   0x080033b4   0x00000034   Code   RO          539    i.HAL_IncTick       drv_haltick.o
    0x080033e8   0x080033e8   0x00000034   Code   RO         5408    i.HAL_Init          stm32f4xx_hal.o
    0x0800341c   0x0800341c   0x00000074   Code   RO         4197    i.HAL_InitTick      stm32f4xx_hal_timebase_tim.o
    0x08003490   0x08003490   0x00000038   Code   RO         4173    i.HAL_MspInit       stm32f4xx_hal_msp.o
    0x080034c8   0x080034c8   0x0000001a   Code   RO         5258    i.HAL_NVIC_EnableIRQ  stm32f4xx_hal_cortex.o
    0x080034e2   0x080034e2   0x00000002   PAD
    0x080034e4   0x080034e4   0x00000040   Code   RO         5264    i.HAL_NVIC_SetPriority  stm32f4xx_hal_cortex.o
    0x08003524   0x08003524   0x00000024   Code   RO         5265    i.HAL_NVIC_SetPriorityGrouping  stm32f4xx_hal_cortex.o
    0x08003548   0x08003548   0x00000134   Code   RO         4515    i.HAL_RCC_ClockConfig  stm32f4xx_hal_rcc.o
    0x0800367c   0x0800367c   0x00000040   Code   RO         4519    i.HAL_RCC_GetClockConfig  stm32f4xx_hal_rcc.o
    0x080036bc   0x080036bc   0x00000020   Code   RO         4522    i.HAL_RCC_GetPCLK1Freq  stm32f4xx_hal_rcc.o
    0x080036dc   0x080036dc   0x00000020   Code   RO         4523    i.HAL_RCC_GetPCLK2Freq  stm32f4xx_hal_rcc.o
    0x080036fc   0x080036fc   0x00000064   Code   RO         4524    i.HAL_RCC_GetSysClockFreq  stm32f4xx_hal_rcc.o
    0x08003760   0x08003760   0x0000036c   Code   RO         4527    i.HAL_RCC_OscConfig  stm32f4xx_hal_rcc.o
    0x08003acc   0x08003acc   0x00000002   Code   RO         6856    i.HAL_TIMEx_BreakCallback  stm32f4xx_hal_tim_ex.o
    0x08003ace   0x08003ace   0x00000002   Code   RO         6857    i.HAL_TIMEx_CommutCallback  stm32f4xx_hal_tim_ex.o
    0x08003ad0   0x08003ad0   0x00000090   Code   RO         6875    i.HAL_TIMEx_MasterConfigSynchronization  stm32f4xx_hal_tim_ex.o
    0x08003b60   0x08003b60   0x0000005a   Code   RO         6152    i.HAL_TIM_Base_Init  stm32f4xx_hal_tim.o
    0x08003bba   0x08003bba   0x00000002   PAD
    0x08003bbc   0x08003bbc   0x00000028   Code   RO         3918    i.HAL_TIM_Base_MspInit  tim.o
    0x08003be4   0x08003be4   0x00000080   Code   RO         6157    i.HAL_TIM_Base_Start_IT  stm32f4xx_hal_tim.o
    0x08003c64   0x08003c64   0x000000dc   Code   RO         6161    i.HAL_TIM_ConfigClockSource  stm32f4xx_hal_tim.o
    0x08003d40   0x08003d40   0x000000a4   Code   RO         6173    i.HAL_TIM_Encoder_Init  stm32f4xx_hal_tim.o
    0x08003de4   0x08003de4   0x00000068   Code   RO         3920    i.HAL_TIM_Encoder_MspInit  tim.o
    0x08003e4c   0x08003e4c   0x0000008e   Code   RO         6176    i.HAL_TIM_Encoder_Start  stm32f4xx_hal_tim.o
    0x08003eda   0x08003eda   0x00000002   Code   RO         6186    i.HAL_TIM_IC_CaptureCallback  stm32f4xx_hal_tim.o
    0x08003edc   0x08003edc   0x00000166   Code   RO         6200    i.HAL_TIM_IRQHandler  stm32f4xx_hal_tim.o
    0x08004042   0x08004042   0x00000002   PAD
    0x08004044   0x08004044   0x00000050   Code   RO         3921    i.HAL_TIM_MspPostInit  tim.o
    0x08004094   0x08004094   0x00000002   Code   RO         6203    i.HAL_TIM_OC_DelayElapsedCallback  stm32f4xx_hal_tim.o
    0x08004096   0x08004096   0x000000cc   Code   RO         6224    i.HAL_TIM_PWM_ConfigChannel  stm32f4xx_hal_tim.o
    0x08004162   0x08004162   0x0000005a   Code   RO         6227    i.HAL_TIM_PWM_Init  stm32f4xx_hal_tim.o
    0x080041bc   0x080041bc   0x00000002   Code   RO         6229    i.HAL_TIM_PWM_MspInit  stm32f4xx_hal_tim.o
    0x080041be   0x080041be   0x00000002   Code   RO         6230    i.HAL_TIM_PWM_PulseFinishedCallback  stm32f4xx_hal_tim.o
    0x080041c0   0x080041c0   0x000000c8   Code   RO         6232    i.HAL_TIM_PWM_Start  stm32f4xx_hal_tim.o
    0x08004288   0x08004288   0x0000000e   Code   RO         3589    i.HAL_TIM_PeriodElapsedCallback  main.o
    0x08004296   0x08004296   0x00000002   Code   RO         6243    i.HAL_TIM_TriggerCallback  stm32f4xx_hal_tim.o
    0x08004298   0x08004298   0x00000002   Code   RO         7134    i.HAL_UARTEx_RxEventCallback  stm32f4xx_hal_uart.o
    0x0800429a   0x0800429a   0x00000002   Code   RO         7148    i.HAL_UART_ErrorCallback  stm32f4xx_hal_uart.o
    0x0800429c   0x0800429c   0x00000268   Code   RO         7151    i.HAL_UART_IRQHandler  stm32f4xx_hal_uart.o
    0x08004504   0x08004504   0x00000062   Code   RO         7152    i.HAL_UART_Init     stm32f4xx_hal_uart.o
    0x08004566   0x08004566   0x00000002   PAD
    0x08004568   0x08004568   0x00000328   Code   RO         3984    i.HAL_UART_MspInit  usart.o
    0x08004890   0x08004890   0x00000002   Code   RO         7158    i.HAL_UART_RxCpltCallback  stm32f4xx_hal_uart.o
    0x08004892   0x08004892   0x00000002   PAD
    0x08004894   0x08004894   0x0000008c   Code   RO         7161    i.HAL_UART_Transmit_DMA  stm32f4xx_hal_uart.o
    0x08004920   0x08004920   0x00000002   Code   RO         7163    i.HAL_UART_TxCpltCallback  stm32f4xx_hal_uart.o
    0x08004922   0x08004922   0x00000002   Code   RO         7164    i.HAL_UART_TxHalfCpltCallback  stm32f4xx_hal_uart.o
    0x08004924   0x08004924   0x00000002   Code   RO         4052    i.HardFault_Handler  stm32f4xx_it.o
    0x08004926   0x08004926   0x00000002   PAD
    0x08004928   0x08004928   0x00000040   Code   RO          629    i.IIC_Ack           soft_iic.o
    0x08004968   0x08004968   0x00000040   Code   RO          630    i.IIC_NAck          soft_iic.o
    0x080049a8   0x080049a8   0x00000068   Code   RO          631    i.IIC_Read_Byte     soft_iic.o
    0x08004a10   0x08004a10   0x00000060   Code   RO          632    i.IIC_Send_Byte     soft_iic.o
    0x08004a70   0x08004a70   0x00000040   Code   RO          633    i.IIC_Start         soft_iic.o
    0x08004ab0   0x08004ab0   0x00000044   Code   RO          634    i.IIC_Stop          soft_iic.o
    0x08004af4   0x08004af4   0x00000054   Code   RO          635    i.IIC_Wait_Ack      soft_iic.o
    0x08004b48   0x08004b48   0x00000030   Code   RO         3120    i.KalmanCreate      kalman.o
    0x08004b78   0x08004b78   0x0000005a   Code   RO         3121    i.KalmanFilter      kalman.o
    0x08004bd2   0x08004bd2   0x00000002   PAD
    0x08004bd4   0x08004bd4   0x0000009c   Code   RO         3122    i.Kalman_Init       kalman.o
    0x08004c70   0x08004c70   0x0000004c   Code   RO         1895    i.MPU_Read_Byte     bmi2_common.o
    0x08004cbc   0x08004cbc   0x00000060   Code   RO         1896    i.MPU_Read_all      bmi2_common.o
    0x08004d1c   0x08004d1c   0x00000064   Code   RO         3732    i.MX_ADC1_Init      adc.o
    0x08004d80   0x08004d80   0x00000048   Code   RO         3774    i.MX_CAN1_Init      can.o
    0x08004dc8   0x08004dc8   0x00000048   Code   RO         3775    i.MX_CAN2_Init      can.o
    0x08004e10   0x08004e10   0x0000003c   Code   RO         3823    i.MX_DAC_Init       dac.o
    0x08004e4c   0x08004e4c   0x0000007c   Code   RO         3863    i.MX_DMA_Init       dma.o
    0x08004ec8   0x08004ec8   0x000000ac   Code   RO         3680    i.MX_FREERTOS_Init  freertos.o
    0x08004f74   0x08004f74   0x00000140   Code   RO         3656    i.MX_GPIO_Init      gpio.o
    0x080050b4   0x080050b4   0x0000002c   Code   RO         3887    i.MX_IWDG_Init      iwdg.o
    0x080050e0   0x080050e0   0x0000006c   Code   RO         3922    i.MX_TIM1_Init      tim.o
    0x0800514c   0x0800514c   0x000000a8   Code   RO         3923    i.MX_TIM3_Init      tim.o
    0x080051f4   0x080051f4   0x00000038   Code   RO         3985    i.MX_UART4_Init     usart.o
    0x0800522c   0x0800522c   0x00000038   Code   RO         3986    i.MX_UART5_Init     usart.o
    0x08005264   0x08005264   0x00000038   Code   RO         3987    i.MX_USART1_UART_Init  usart.o
    0x0800529c   0x0800529c   0x0000003c   Code   RO         3988    i.MX_USART2_UART_Init  usart.o
    0x080052d8   0x080052d8   0x00000002   Code   RO         4053    i.MemManage_Handler  stm32f4xx_it.o
    0x080052da   0x080052da   0x00000002   PAD
    0x080052dc   0x080052dc   0x00000024   Code   RO         3238    i.MovingFilter_Init  moving_filter.o
    0x08005300   0x08005300   0x00000018   Code   RO         3240    i.Moving_Filter_Init  moving_filter.o
    0x08005318   0x08005318   0x00000002   Code   RO         4054    i.NMI_Handler       stm32f4xx_it.o
    0x0800531a   0x0800531a   0x00000002   PAD
    0x0800531c   0x0800531c   0x00000024   Code   RO          462    i.PWM_Init          drv_tim.o
    0x08005340   0x08005340   0x00000060   Code   RO         2591    i.Pitch_Auto        gimbal.o
    0x080053a0   0x080053a0   0x00000028   Code   RO         2940    i.QueueInit         vision_task.o
    0x080053c8   0x080053c8   0x00000038   Code   RO         2941    i.QueueUpdate       vision_task.o
    0x08005400   0x08005400   0x00000020   Code   RO         3177    i.Queue_Clear       rp_math.o
    0x08005420   0x08005420   0x00000028   Code   RO         3179    i.Queue_Init        rp_math.o
    0x08005448   0x08005448   0x00000090   Code   RO         3180    i.Queue_Update      rp_math.o
    0x080054d8   0x080054d8   0x0000003a   Code   RO         2077    i.RC_ResetData      rc_sensor.o
    0x08005512   0x08005512   0x0000000a   Code   RO         3434    i.RM2006_GetDataId  rm_protocol.o
    0x0800551c   0x0800551c   0x00000016   Code   RO         3435    i.RM2006_GetTxId    rm_protocol.o
    0x08005532   0x08005532   0x0000000a   Code   RO         3436    i.RM3508_GetDataId  rm_protocol.o
    0x0800553c   0x0800553c   0x00000016   Code   RO         3437    i.RM3508_GetTxId    rm_protocol.o
    0x08005552   0x08005552   0x00000002   PAD
    0x08005554   0x08005554   0x000000b0   Code   RO         2388    i.RateLimit_Process  dial.o
    0x08005604   0x08005604   0x00000064   Code   RO         2389    i.SHOOTER_HeatLimit  dial.o
    0x08005668   0x08005668   0x0000003e   Code   RO         2390    i.SHOOT_Angle_PidCalc  dial.o
    0x080056a6   0x080056a6   0x00000002   PAD
    0x080056a8   0x080056a8   0x00000028   Code   RO         2391    i.SHOOT_AutoCtrl    dial.o
    0x080056d0   0x080056d0   0x0000004c   Code   RO         2392    i.SHOOT_Ctrl        dial.o
    0x0800571c   0x0800571c   0x00000012   Code   RO         2393    i.SHOOT_GetInfo     dial.o
    0x0800572e   0x0800572e   0x00000002   PAD
    0x08005730   0x08005730   0x0000001c   Code   RO         2394    i.SHOOT_GetSysInfo  dial.o
    0x0800574c   0x0800574c   0x00000054   Code   RO         2395    i.SHOOT_Init        dial.o
    0x080057a0   0x080057a0   0x00000028   Code   RO         2396    i.SHOOT_InspectionCtrl  dial.o
    0x080057c8   0x080057c8   0x00000030   Code   RO         2398    i.SHOOT_ModeSelect  dial.o
    0x080057f8   0x080057f8   0x00000090   Code   RO         2399    i.SHOOT_PidCtrl     dial.o
    0x08005888   0x08005888   0x00000040   Code   RO         2400    i.SHOOT_PidParamsInit  dial.o
    0x080058c8   0x080058c8   0x00000028   Code   RO         2401    i.SHOOT_RcCtrl      dial.o
    0x080058f0   0x080058f0   0x00000058   Code   RO         2402    i.SHOOT_SelfProtect  dial.o
    0x08005948   0x08005948   0x0000002a   Code   RO         2403    i.SHOOT_Speed_PidCalc  dial.o
    0x08005972   0x08005972   0x00000002   Code   RO         2404    i.SHOOT_Test        dial.o
    0x08005974   0x08005974   0x00000054   Code   RO         2405    i.SHOOT_UpdateController  dial.o
    0x080059c8   0x080059c8   0x000000dc   Code   RO         2942    i.Sent_to_Vision_Version2_1  vision_task.o
    0x08005aa4   0x08005aa4   0x00000054   Code   RO          698    i.Set_accel         bmi.o
    0x08005af8   0x08005af8   0x00000058   Code   RO          699    i.Set_gyro          bmi.o
    0x08005b50   0x08005b50   0x00000118   Code   RO         2406    i.Shoot_Strategy    dial.o
    0x08005c68   0x08005c68   0x00000068   Code   RO         2824    i.StartControlTask  control_task.o
    0x08005cd0   0x08005cd0   0x00000040   Code   RO         2913    i.StartFireTask     fire_task.o
    0x08005d10   0x08005d10   0x0000003c   Code   RO         2882    i.StartGimbalTask   gimbal_task.o
    0x08005d4c   0x08005d4c   0x00000090   Code   RO         2772    i.StartMonitorTask  monitor_task.o
    0x08005ddc   0x08005ddc   0x0000003c   Code   RO         2852    i.StartSendTask     send_task.o
    0x08005e18   0x08005e18   0x00000080   Code   RO         2714    i.StartSystemTask   system_task.o
    0x08005e98   0x08005e98   0x00000028   Code   RO         2943    i.StartVisionTask   vision_task.o
    0x08005ec0   0x08005ec0   0x00000068   Code   RO         2407    i.StuckCheck        dial.o
    0x08005f28   0x08005f28   0x0000002c   Code   RO         9017    i.SysTick_Handler   port.o
    0x08005f54   0x08005f54   0x0000008c   Code   RO         3590    i.SystemClock_Config  main.o
    0x08005fe0   0x08005fe0   0x0000001c   Code   RO         7765    i.SystemInit        system_stm32f4xx.o
    0x08005ffc   0x08005ffc   0x0000000c   Code   RO         4055    i.TIM2_IRQHandler   stm32f4xx_it.o
    0x08006008   0x08006008   0x000000c8   Code   RO         6245    i.TIM_Base_SetConfig  stm32f4xx_hal_tim.o
    0x080060d0   0x080060d0   0x0000001a   Code   RO         6246    i.TIM_CCxChannelCmd  stm32f4xx_hal_tim.o
    0x080060ea   0x080060ea   0x00000014   Code   RO         6256    i.TIM_ETR_SetConfig  stm32f4xx_hal_tim.o
    0x080060fe   0x080060fe   0x00000010   Code   RO         6257    i.TIM_ITRx_SetConfig  stm32f4xx_hal_tim.o
    0x0800610e   0x0800610e   0x00000002   PAD
    0x08006110   0x08006110   0x00000060   Code   RO         6258    i.TIM_OC1_SetConfig  stm32f4xx_hal_tim.o
    0x08006170   0x08006170   0x0000006c   Code   RO         6259    i.TIM_OC2_SetConfig  stm32f4xx_hal_tim.o
    0x080061dc   0x080061dc   0x00000068   Code   RO         6260    i.TIM_OC3_SetConfig  stm32f4xx_hal_tim.o
    0x08006244   0x08006244   0x00000050   Code   RO         6261    i.TIM_OC4_SetConfig  stm32f4xx_hal_tim.o
    0x08006294   0x08006294   0x00000022   Code   RO         6263    i.TIM_TI1_ConfigInputStage  stm32f4xx_hal_tim.o
    0x080062b6   0x080062b6   0x00000024   Code   RO         6265    i.TIM_TI2_ConfigInputStage  stm32f4xx_hal_tim.o
    0x080062da   0x080062da   0x00000002   PAD
    0x080062dc   0x080062dc   0x00000010   Code   RO          333    i.UART1_SendData    drv_uart.o
    0x080062ec   0x080062ec   0x00000018   Code   RO         4056    i.UART4_IRQHandler  stm32f4xx_it.o
    0x08006304   0x08006304   0x00000018   Code   RO         4057    i.UART5_IRQHandler  stm32f4xx_it.o
    0x0800631c   0x0800631c   0x00000010   Code   RO         7165    i.UART_DMAAbortOnError  stm32f4xx_hal_uart.o
    0x0800632c   0x0800632c   0x0000004a   Code   RO         7166    i.UART_DMAError     stm32f4xx_hal_uart.o
    0x08006376   0x08006376   0x00000042   Code   RO         7171    i.UART_DMATransmitCplt  stm32f4xx_hal_uart.o
    0x080063b8   0x080063b8   0x0000000a   Code   RO         7173    i.UART_DMATxHalfCplt  stm32f4xx_hal_uart.o
    0x080063c2   0x080063c2   0x0000004e   Code   RO         7175    i.UART_EndRxTransfer  stm32f4xx_hal_uart.o
    0x08006410   0x08006410   0x0000001c   Code   RO         7176    i.UART_EndTxTransfer  stm32f4xx_hal_uart.o
    0x0800642c   0x0800642c   0x000000c0   Code   RO         7177    i.UART_Receive_IT   stm32f4xx_hal_uart.o
    0x080064ec   0x080064ec   0x0000010c   Code   RO         7178    i.UART_SetConfig    stm32f4xx_hal_uart.o
    0x080065f8   0x080065f8   0x00000018   Code   RO         4058    i.USART1_IRQHandler  stm32f4xx_it.o
    0x08006610   0x08006610   0x00000038   Code   RO          336    i.USART1_Init       drv_uart.o
    0x08006648   0x08006648   0x0000001c   Code   RO         3552    i.USART1_rxDataHandler  vision_protocol.o
    0x08006664   0x08006664   0x00000018   Code   RO         4059    i.USART2_IRQHandler  stm32f4xx_it.o
    0x0800667c   0x0800667c   0x0000003c   Code   RO          338    i.USART2_Init       drv_uart.o
    0x080066b8   0x080066b8   0x0000001c   Code   RO         3294    i.USART2_rxDataHandler  rc_protocol.o
    0x080066d4   0x080066d4   0x00000038   Code   RO          340    i.USART4_Init       drv_uart.o
    0x0800670c   0x0800670c   0x00000002   Code   RO          341    i.USART4_rxDataHandler  drv_uart.o
    0x0800670e   0x0800670e   0x00000002   PAD
    0x08006710   0x08006710   0x00000038   Code   RO          342    i.USART5_Init       drv_uart.o
    0x08006748   0x08006748   0x00000002   Code   RO          343    i.USART5_rxDataHandler  drv_uart.o
    0x0800674a   0x0800674a   0x00000002   Code   RO         4060    i.UsageFault_Handler  stm32f4xx_it.o
    0x0800674c   0x0800674c   0x0000003c   Code   RO         3066    i.Verify_CRC16_Check_Sum  crc.o
    0x08006788   0x08006788   0x0000002a   Code   RO         3067    i.Verify_CRC8_Check_Sum  crc.o
    0x080067b2   0x080067b2   0x00000002   PAD
    0x080067b4   0x080067b4   0x00000040   Code   RO         2945    i.Vision_Init       vision_task.o
    0x080067f4   0x080067f4   0x000000d8   Code   RO         2946    i.Vision_Normal     vision_task.o
    0x080068cc   0x080068cc   0x0000003c   Code   RO         2947    i.Vision_Reset      vision_task.o
    0x08006908   0x08006908   0x0000005c   Code   RO         2592    i.Yaw_Auto          gimbal.o
    0x08006964   0x08006964   0x000000c0   Code   RO         2948    i.ZeroCrossing_Handle  vision_task.o
    0x08006a24   0x08006a24   0x00000030   Code   RO         9347    i.__ARM_fpclassify  m_wm.l(fpclassify.o)
    0x08006a54   0x08006a54   0x00000020   Code   RO         5271    i.__NVIC_SetPriority  stm32f4xx_hal_cortex.o
    0x08006a74   0x08006a74   0x00000024   Code   RO         2715    i.__NVIC_SystemReset  system_task.o
    0x08006a98   0x08006a98   0x00000360   Code   RO         9189    i.__hardfp_asin     m_wm.l(asin.o)
    0x08006df8   0x08006df8   0x000002d8   Code   RO         9313    i.__hardfp_atan     m_wm.l(atan.o)
    0x080070d0   0x080070d0   0x000001f0   Code   RO         9203    i.__hardfp_atan2    m_wm.l(atan2.o)
    0x080072c0   0x080072c0   0x000000f8   Code   RO         9349    i.__kernel_poly     m_wm.l(poly.o)
    0x080073b8   0x080073b8   0x00000014   Code   RO         9328    i.__mathlib_dbl_infnan  m_wm.l(dunder.o)
    0x080073cc   0x080073cc   0x00000014   Code   RO         9329    i.__mathlib_dbl_infnan2  m_wm.l(dunder.o)
    0x080073e0   0x080073e0   0x00000020   Code   RO         9330    i.__mathlib_dbl_invalid  m_wm.l(dunder.o)
    0x08007400   0x08007400   0x00000020   Code   RO         9333    i.__mathlib_dbl_underflow  m_wm.l(dunder.o)
    0x08007420   0x08007420   0x00000078   Code   RO         7630    i.arm_cos_f32       arm_cos_f32.o
    0x08007498   0x08007498   0x0000008c   Code   RO         7658    i.arm_sin_f32       arm_sin_f32.o
    0x08007524   0x08007524   0x00000010   Code   RO         9315    i.atan              m_wm.l(atan.o)
    0x08007534   0x08007534   0x00000078   Code   RO         2047    i.bmi270_init       bmi270.o
    0x080075ac   0x080075ac   0x00000002   Code   RO         1898    i.bmi2_error_codes_print_result  bmi2_common.o
    0x080075ae   0x080075ae   0x00000036   Code   RO          802    i.bmi2_extract_input_feat_config  bmi2.o
    0x080075e4   0x080075e4   0x000000a0   Code   RO          807    i.bmi2_get_feat_config  bmi2.o
    0x08007684   0x08007684   0x0000003c   Code   RO          814    i.bmi2_get_gyro_cross_sense  bmi2.o
    0x080076c0   0x080076c0   0x00000030   Code   RO          817    i.bmi2_get_internal_status  bmi2.o
    0x080076f0   0x080076f0   0x00000092   Code   RO          818    i.bmi2_get_regs     bmi2.o
    0x08007782   0x08007782   0x00000002   PAD
    0x08007784   0x08007784   0x0000023a   Code   RO          820    i.bmi2_get_sensor_config  bmi2.o
    0x080079be   0x080079be   0x000002de   Code   RO          821    i.bmi2_get_sensor_data  bmi2.o
    0x08007c9c   0x08007c9c   0x00000026   Code   RO          822    i.bmi2_get_status   bmi2.o
    0x08007cc2   0x08007cc2   0x00000002   PAD
    0x08007cc4   0x08007cc4   0x00000040   Code   RO         1899    i.bmi2_interface_selection  bmi2_common.o
    0x08007d04   0x08007d04   0x00000076   Code   RO          823    i.bmi2_map_data_int  bmi2.o
    0x08007d7a   0x08007d7a   0x00000002   PAD
    0x08007d7c   0x08007d7c   0x00000064   Code   RO          833    i.bmi2_sec_init     bmi2.o
    0x08007de0   0x08007de0   0x00000038   Code   RO          835    i.bmi2_sensor_enable  bmi2.o
    0x08007e18   0x08007e18   0x00000062   Code   RO          837    i.bmi2_set_adv_power_save  bmi2.o
    0x08007e7a   0x08007e7a   0x00000002   PAD
    0x08007e7c   0x08007e7c   0x0000009c   Code   RO          847    i.bmi2_set_regs     bmi2.o
    0x08007f18   0x08007f18   0x000001e6   Code   RO          849    i.bmi2_set_sensor_config  bmi2.o
    0x080080fe   0x080080fe   0x00000060   Code   RO          850    i.bmi2_soft_reset   bmi2.o
    0x0800815e   0x0800815e   0x00000056   Code   RO          854    i.bmi2_write_config_file  bmi2.o
    0x080081b4   0x080081b4   0x0000003e   Code   RO          857    i.cfg_error_status  bmi2.o
    0x080081f2   0x080081f2   0x00000030   Code   RO          858    i.check_boundary_val  bmi2.o
    0x08008222   0x08008222   0x0000001a   Code   RO          860    i.comp_gyro_cross_axis_sensitivity  bmi2.o
    0x0800823c   0x0800823c   0x000000dc   Code   RO          861    i.config_aux_interface  bmi2.o
    0x08008318   0x08008318   0x00000018   Code   RO          541    i.delay_us          drv_haltick.o
    0x08008330   0x08008330   0x00000068   Code   RO         2773    i.device_heart_beat  monitor_task.o
    0x08008398   0x08008398   0x00000024   Code   RO         2230    i.dial_motor_update  motor.o
    0x080083bc   0x080083bc   0x00000018   Code   RO          344    i.dma_m0_rxcplt_callback  drv_uart.o
    0x080083d4   0x080083d4   0x00000018   Code   RO          345    i.dma_m1_rxcplt_callback  drv_uart.o
    0x080083ec   0x080083ec   0x00000058   Code   RO         2774    i.event_notify      monitor_task.o
    0x08008444   0x08008444   0x00000036   Code   RO          868    i.extract_output_feat_config  bmi2.o
    0x0800847a   0x0800847a   0x00000018   Code   RO         9343    i.fabs              m_wm.l(fabs.o)
    0x08008492   0x08008492   0x0000002c   Code   RO         2231    i.fric_motor_update  motor.o
    0x080084be   0x080084be   0x00000020   Code   RO          869    i.get_acc_gyr_data  bmi2.o
    0x080084de   0x080084de   0x0000004e   Code   RO          870    i.get_accel_config  bmi2.o
    0x0800852c   0x0800852c   0x00000068   Code   RO          871    i.get_accel_self_test_status  bmi2.o
    0x08008594   0x08008594   0x0000008a   Code   RO          872    i.get_any_motion_config  bmi2.o
    0x0800861e   0x0800861e   0x000000aa   Code   RO          873    i.get_aux_config    bmi2.o
    0x080086c8   0x080086c8   0x00000058   Code   RO          875    i.get_ext_sens_sync_config  bmi2.o
    0x08008720   0x08008720   0x00000086   Code   RO          876    i.get_flat_config   bmi2.o
    0x080087a6   0x080087a6   0x00000082   Code   RO          877    i.get_free_fall_det_config  bmi2.o
    0x08008828   0x08008828   0x00000058   Code   RO          878    i.get_glance_detect_config  bmi2.o
    0x08008880   0x08008880   0x0000005e   Code   RO          879    i.get_gyro_config   bmi2.o
    0x080088de   0x080088de   0x00000072   Code   RO          880    i.get_gyro_cross_sense  bmi2.o
    0x08008950   0x08008950   0x0000008a   Code   RO          881    i.get_gyro_gain_update_config  bmi2.o
    0x080089da   0x080089da   0x00000068   Code   RO          882    i.get_gyro_gain_update_status  bmi2.o
    0x08008a42   0x08008a42   0x000000a4   Code   RO          883    i.get_high_g_config  bmi2.o
    0x08008ae6   0x08008ae6   0x00000092   Code   RO          884    i.get_low_g_config  bmi2.o
    0x08008b78   0x08008b78   0x0000008a   Code   RO          886    i.get_no_motion_config  bmi2.o
    0x08008c02   0x08008c02   0x00000076   Code   RO          887    i.get_nvm_error_status  bmi2.o
    0x08008c78   0x08008c78   0x000000b4   Code   RO          888    i.get_ois_output    bmi2.o
    0x08008d2c   0x08008d2c   0x0000008c   Code   RO          889    i.get_orient_config  bmi2.o
    0x08008db8   0x08008db8   0x00000056   Code   RO          892    i.get_remapped_data  bmi2.o
    0x08008e0e   0x08008e0e   0x000000be   Code   RO          893    i.get_sig_motion_config  bmi2.o
    0x08008ecc   0x08008ecc   0x0000008a   Code   RO          895    i.get_step_config   bmi2.o
    0x08008f56   0x08008f56   0x000000aa   Code   RO          896    i.get_step_count_params_config  bmi2.o
    0x08009000   0x08009000   0x0000006e   Code   RO          897    i.get_step_counter_output  bmi2.o
    0x0800906e   0x0800906e   0x00000058   Code   RO          898    i.get_tilt_config   bmi2.o
    0x080090c6   0x080090c6   0x00000058   Code   RO          899    i.get_up_hold_to_wake_config  bmi2.o
    0x0800911e   0x0800911e   0x0000007c   Code   RO          901    i.get_wake_up_config  bmi2.o
    0x0800919a   0x0800919a   0x00000076   Code   RO          902    i.get_wrist_gest_config  bmi2.o
    0x08009210   0x08009210   0x0000008a   Code   RO          903    i.get_wrist_gest_w_config  bmi2.o
    0x0800929a   0x0800929a   0x0000008e   Code   RO          904    i.get_wrist_wear_wake_up_config  bmi2.o
    0x08009328   0x08009328   0x0000009c   Code   RO          905    i.get_wrist_wear_wake_up_wh_config  bmi2.o
    0x080093c4   0x080093c4   0x0000002c   Code   RO         2232    i.gimbal_motor_update  motor.o
    0x080093f0   0x080093f0   0x00000044   Code   RO         2149    i.imu_sensor_check  imu_sensor.o
    0x08009434   0x08009434   0x00000006   Code   RO         2150    i.imu_sensor_heart_beat  imu_sensor.o
    0x0800943a   0x0800943a   0x00000002   PAD
    0x0800943c   0x0800943c   0x0000004c   Code   RO         3330    i.imu_sensor_init   imu_protocol.o
    0x08009488   0x08009488   0x0000005c   Code   RO         3331    i.imu_sensor_update  imu_protocol.o
    0x080094e4   0x080094e4   0x0000002c   Code   RO          700    i.inVSqrt           bmi.o
    0x08009510   0x08009510   0x00000026   Code   RO          701    i.lsb_to_dps        bmi.o
    0x08009536   0x08009536   0x00000002   PAD
    0x08009538   0x08009538   0x00000034   Code   RO          702    i.lsb_to_mps2       bmi.o
    0x0800956c   0x0800956c   0x0000004e   Code   RO         3591    i.main              main.o
    0x080095ba   0x080095ba   0x0000000c   Code   RO         8582    i.makeFreeRtosPriority  cmsis_os.o
    0x080095c6   0x080095c6   0x0000001c   Code   RO         2233    i.master_check      motor.o
    0x080095e2   0x080095e2   0x00000024   Code   RO         2234    i.master_heart_beat  motor.o
    0x08009606   0x08009606   0x00000018   Code   RO         2235    i.master_init       motor.o
    0x0800961e   0x0800961e   0x00000010   Code   RO         2236    i.master_update     motor.o
    0x0800962e   0x0800962e   0x00000002   PAD
    0x08009630   0x08009630   0x00000028   Code   RO          542    i.micros            drv_haltick.o
    0x08009658   0x08009658   0x00000048   Code   RO         2237    i.motor_check       motor.o
    0x080096a0   0x080096a0   0x00000022   Code   RO         2238    i.motor_heart_beat  motor.o
    0x080096c2   0x080096c2   0x00000060   Code   RO         2239    i.motor_init        motor.o
    0x08009722   0x08009722   0x00000018   Code   RO          907    i.null_ptr_check    bmi2.o
    0x0800973a   0x0800973a   0x0000000e   Code   RO         8584    i.osDelay           cmsis_os.o
    0x08009748   0x08009748   0x0000000a   Code   RO         8587    i.osKernelStart     cmsis_os.o
    0x08009752   0x08009752   0x00000054   Code   RO         8621    i.osThreadCreate    cmsis_os.o
    0x080097a6   0x080097a6   0x00000002   PAD
    0x080097a8   0x080097a8   0x00000028   Code   RO         3027    i.pid_val_init      pid.o
    0x080097d0   0x080097d0   0x00000070   Code   RO         8264    i.prvAddCurrentTaskToDelayedList  tasks.o
    0x08009840   0x08009840   0x000000d0   Code   RO         8265    i.prvAddNewTaskToReadyList  tasks.o
    0x08009910   0x08009910   0x00000034   Code   RO         8266    i.prvDeleteTCB      tasks.o
    0x08009944   0x08009944   0x0000004c   Code   RO         8949    i.prvHeapInit       heap_4.o
    0x08009990   0x08009990   0x00000060   Code   RO         8267    i.prvIdleTask       tasks.o
    0x080099f0   0x080099f0   0x00000098   Code   RO         8268    i.prvInitialiseNewTask  tasks.o
    0x08009a88   0x08009a88   0x0000004c   Code   RO         8950    i.prvInsertBlockIntoFreeList  heap_4.o
    0x08009ad4   0x08009ad4   0x00000020   Code   RO         8269    i.prvResetNextTaskUnblockTime  tasks.o
    0x08009af4   0x08009af4   0x00000028   Code   RO         9018    i.prvTaskExitError  port.o
    0x08009b1c   0x08009b1c   0x000000dc   Code   RO         8951    i.pvPortMalloc      heap_4.o
    0x08009bf8   0x08009bf8   0x0000002c   Code   RO         9019    i.pxPortInitialiseStack  port.o
    0x08009c24   0x08009c24   0x00000002   Code   RO         2240    i.rc_master_check   motor.o
    0x08009c26   0x08009c26   0x00000024   Code   RO         2241    i.rc_master_heart_beat  motor.o
    0x08009c4a   0x08009c4a   0x00000018   Code   RO         2242    i.rc_master_init    motor.o
    0x08009c62   0x08009c62   0x0000000c   Code   RO         2243    i.rc_master_update  motor.o
    0x08009c6e   0x08009c6e   0x00000006   Code   RO         2078    i.rc_sensor_check   rc_sensor.o
    0x08009c74   0x08009c74   0x00000024   Code   RO         2079    i.rc_sensor_heart_beat  rc_sensor.o
    0x08009c98   0x08009c98   0x00000016   Code   RO         3295    i.rc_sensor_init    rc_protocol.o
    0x08009cae   0x08009cae   0x00000088   Code   RO         3296    i.rc_sensor_update  rc_protocol.o
    0x08009d36   0x08009d36   0x0000014e   Code   RO          921    i.select_sensor     bmi2.o
    0x08009e84   0x08009e84   0x000003c4   Code   RO          924    i.sensor_enable     bmi2.o
    0x0800a248   0x0800a248   0x00000098   Code   RO          925    i.set_accel_config  bmi2.o
    0x0800a2e0   0x0800a2e0   0x00000056   Code   RO          927    i.set_act_recog     bmi2.o
    0x0800a336   0x0800a336   0x0000005a   Code   RO          928    i.set_any_motion    bmi2.o
    0x0800a390   0x0800a390   0x000000c6   Code   RO          929    i.set_any_motion_config  bmi2.o
    0x0800a456   0x0800a456   0x00000090   Code   RO          930    i.set_aux_config    bmi2.o
    0x0800a4e6   0x0800a4e6   0x00000036   Code   RO          931    i.set_config_load   bmi2.o
    0x0800a51c   0x0800a51c   0x00000056   Code   RO          932    i.set_double_tap    bmi2.o
    0x0800a572   0x0800a572   0x00000056   Code   RO          933    i.set_ext_sens_sync  bmi2.o
    0x0800a5c8   0x0800a5c8   0x0000008e   Code   RO          934    i.set_ext_sens_sync_config  bmi2.o
    0x0800a656   0x0800a656   0x00000002   PAD
    0x0800a658   0x0800a658   0x00000068   Code   RO          935    i.set_feat_accel_self_test  bmi2.o
    0x0800a6c0   0x0800a6c0   0x00000056   Code   RO          936    i.set_flat          bmi2.o
    0x0800a716   0x0800a716   0x000000bc   Code   RO          937    i.set_flat_config   bmi2.o
    0x0800a7d2   0x0800a7d2   0x00000056   Code   RO          938    i.set_free_fall_det  bmi2.o
    0x0800a828   0x0800a828   0x000000a8   Code   RO          939    i.set_free_fall_det_config  bmi2.o
    0x0800a8d0   0x0800a8d0   0x0000008e   Code   RO          940    i.set_glance_detect_config  bmi2.o
    0x0800a95e   0x0800a95e   0x00000056   Code   RO          941    i.set_glance_detector  bmi2.o
    0x0800a9b4   0x0800a9b4   0x000000ac   Code   RO          942    i.set_gyro_config   bmi2.o
    0x0800aa60   0x0800aa60   0x00000056   Code   RO          943    i.set_gyro_self_offset_corr  bmi2.o
    0x0800aab6   0x0800aab6   0x0000005a   Code   RO          944    i.set_gyro_user_gain  bmi2.o
    0x0800ab10   0x0800ab10   0x000000a2   Code   RO          945    i.set_gyro_user_gain_config  bmi2.o
    0x0800abb2   0x0800abb2   0x0000005a   Code   RO          946    i.set_high_g        bmi2.o
    0x0800ac0c   0x0800ac0c   0x000000da   Code   RO          947    i.set_high_g_config  bmi2.o
    0x0800ace6   0x0800ace6   0x0000005a   Code   RO          949    i.set_low_g         bmi2.o
    0x0800ad40   0x0800ad40   0x000000ba   Code   RO          950    i.set_low_g_config  bmi2.o
    0x0800adfa   0x0800adfa   0x0000005a   Code   RO          952    i.set_no_motion     bmi2.o
    0x0800ae54   0x0800ae54   0x000000c6   Code   RO          953    i.set_no_motion_config  bmi2.o
    0x0800af1a   0x0800af1a   0x000000c6   Code   RO          955    i.set_orient_config  bmi2.o
    0x0800afe0   0x0800afe0   0x00000056   Code   RO          956    i.set_orientation   bmi2.o
    0x0800b036   0x0800b036   0x0000009e   Code   RO          957    i.set_primary_ois_config  bmi2.o
    0x0800b0d4   0x0800b0d4   0x0000005a   Code   RO          959    i.set_sig_motion    bmi2.o
    0x0800b12e   0x0800b12e   0x000000be   Code   RO          960    i.set_sig_motion_config  bmi2.o
    0x0800b1ec   0x0800b1ec   0x00000056   Code   RO          961    i.set_single_tap    bmi2.o
    0x0800b242   0x0800b242   0x0000005a   Code   RO          962    i.set_step_activity  bmi2.o
    0x0800b29c   0x0800b29c   0x000000c0   Code   RO          963    i.set_step_config   bmi2.o
    0x0800b35c   0x0800b35c   0x000000d4   Code   RO          964    i.set_step_count_params_config  bmi2.o
    0x0800b430   0x0800b430   0x0000005a   Code   RO          965    i.set_step_counter  bmi2.o
    0x0800b48a   0x0800b48a   0x0000005a   Code   RO          966    i.set_step_detector  bmi2.o
    0x0800b4e4   0x0800b4e4   0x00000056   Code   RO          967    i.set_tilt          bmi2.o
    0x0800b53a   0x0800b53a   0x0000008e   Code   RO          968    i.set_tilt_config   bmi2.o
    0x0800b5c8   0x0800b5c8   0x00000056   Code   RO          969    i.set_triple_tap    bmi2.o
    0x0800b61e   0x0800b61e   0x00000056   Code   RO          970    i.set_up_hold_to_wake  bmi2.o
    0x0800b674   0x0800b674   0x0000008e   Code   RO          971    i.set_up_hold_to_wake_config  bmi2.o
    0x0800b702   0x0800b702   0x00000056   Code   RO          972    i.set_wake_up       bmi2.o
    0x0800b758   0x0800b758   0x000000bc   Code   RO          973    i.set_wake_up_config  bmi2.o
    0x0800b814   0x0800b814   0x000000b6   Code   RO          974    i.set_wrist_gest_config  bmi2.o
    0x0800b8ca   0x0800b8ca   0x000000c8   Code   RO          975    i.set_wrist_gest_w_config  bmi2.o
    0x0800b992   0x0800b992   0x00000056   Code   RO          976    i.set_wrist_gesture  bmi2.o
    0x0800b9e8   0x0800b9e8   0x00000056   Code   RO          977    i.set_wrist_gesture_wh  bmi2.o
    0x0800ba3e   0x0800ba3e   0x00000056   Code   RO          978    i.set_wrist_wear_wake_up  bmi2.o
    0x0800ba94   0x0800ba94   0x000000c8   Code   RO          979    i.set_wrist_wear_wake_up_config  bmi2.o
    0x0800bb5c   0x0800bb5c   0x00000056   Code   RO          980    i.set_wrist_wear_wake_up_wh  bmi2.o
    0x0800bbb2   0x0800bbb2   0x000000fa   Code   RO          981    i.set_wrist_wear_wake_up_wh_config  bmi2.o
    0x0800bcac   0x0800bcac   0x00000096   Code   RO         3028    i.single_pid_ctrl   pid.o
    0x0800bd42   0x0800bd42   0x0000006e   Code   RO         9354    i.sqrt              m_wm.l(sqrt.o)
    0x0800bdb0   0x0800bdb0   0x0000002c   Code   RO         2716    i.system_state_machine  system_task.o
    0x0800bddc   0x0800bddc   0x000000c8   Code   RO          346    i.uart_rx_idle_callback  drv_uart.o
    0x0800bea4   0x0800bea4   0x00000040   Code   RO          993    i.upload_file       bmi2.o
    0x0800bee4   0x0800bee4   0x00000004   Code   RO         1903    i.user_delay_us     bmi2_common.o
    0x0800bee8   0x0800bee8   0x00000024   Code   RO         1904    i.user_i2c_reg_read  bmi2_common.o
    0x0800bf0c   0x0800bf0c   0x0000004c   Code   RO         1905    i.user_i2c_reg_write  bmi2_common.o
    0x0800bf58   0x0800bf58   0x00000026   Code   RO         7903    i.uxListRemove      list.o
    0x0800bf7e   0x0800bf7e   0x00000002   PAD
    0x0800bf80   0x0800bf80   0x00000014   Code   RO         3682    i.vApplicationGetIdleTaskMemory  freertos.o
    0x0800bf94   0x0800bf94   0x00000016   Code   RO         7904    i.vListInitialise   list.o
    0x0800bfaa   0x0800bfaa   0x00000006   Code   RO         7905    i.vListInitialiseItem  list.o
    0x0800bfb0   0x0800bfb0   0x00000030   Code   RO         7906    i.vListInsert       list.o
    0x0800bfe0   0x0800bfe0   0x00000018   Code   RO         7907    i.vListInsertEnd    list.o
    0x0800bff8   0x0800bff8   0x00000040   Code   RO         9021    i.vPortEnterCritical  port.o
    0x0800c038   0x0800c038   0x00000028   Code   RO         9022    i.vPortExitCritical  port.o
    0x0800c060   0x0800c060   0x00000064   Code   RO         8952    i.vPortFree         heap_4.o
    0x0800c0c4   0x0800c0c4   0x00000024   Code   RO         9023    i.vPortSetupTimerInterrupt  port.o
    0x0800c0e8   0x0800c0e8   0x0000004c   Code   RO         8278    i.vTaskDelay        tasks.o
    0x0800c134   0x0800c134   0x0000006c   Code   RO         8291    i.vTaskStartScheduler  tasks.o
    0x0800c1a0   0x0800c1a0   0x00000010   Code   RO         8293    i.vTaskSuspendAll   tasks.o
    0x0800c1b0   0x0800c1b0   0x0000005c   Code   RO         8294    i.vTaskSwitchContext  tasks.o
    0x0800c20c   0x0800c20c   0x00000002   Code   RO         2336    i.vision_check      vision_sensor.o
    0x0800c20e   0x0800c20e   0x0000002a   Code   RO         2337    i.vision_heart_beat  vision_sensor.o
    0x0800c238   0x0800c238   0x0000001c   Code   RO         3553    i.vision_init       vision_protocol.o
    0x0800c254   0x0800c254   0x0000006a   Code   RO         3554    i.vision_update     vision_protocol.o
    0x0800c2be   0x0800c2be   0x00000002   PAD
    0x0800c2c0   0x0800c2c0   0x000000e4   Code   RO          999    i.write_config_file  bmi2.o
    0x0800c3a4   0x0800c3a4   0x000000f4   Code   RO         9025    i.xPortStartScheduler  port.o
    0x0800c498   0x0800c498   0x0000005a   Code   RO         8297    i.xTaskCreate       tasks.o
    0x0800c4f2   0x0800c4f2   0x00000056   Code   RO         8298    i.xTaskCreateStatic  tasks.o
    0x0800c548   0x0800c548   0x000000e0   Code   RO         8299    i.xTaskGenericNotify  tasks.o
    0x0800c628   0x0800c628   0x000000cc   Code   RO         8305    i.xTaskIncrementTick  tasks.o
    0x0800c6f4   0x0800c6f4   0x0000008c   Code   RO         8307    i.xTaskNotifyWait   tasks.o
    0x0800c780   0x0800c780   0x000000c4   Code   RO         8311    i.xTaskResumeAll    tasks.o
    0x0800c844   0x0800c844   0x00000018   Code   RO         9296    x$fpl$basic         fz_wm.l(basic.o)
    0x0800c85c   0x0800c85c   0x00000062   Code   RO         9173    x$fpl$d2f           fz_wm.l(d2f.o)
    0x0800c8be   0x0800c8be   0x00000002   PAD
    0x0800c8c0   0x0800c8c0   0x00000150   Code   RO         9298    x$fpl$dadd          fz_wm.l(daddsub_clz.o)
    0x0800ca10   0x0800ca10   0x000002b0   Code   RO         9176    x$fpl$ddiv          fz_wm.l(ddiv.o)
    0x0800ccc0   0x0800ccc0   0x00000026   Code   RO         9179    x$fpl$dfltu         fz_wm.l(dflt_clz.o)
    0x0800cce6   0x0800cce6   0x00000002   PAD
    0x0800cce8   0x0800cce8   0x00000154   Code   RO         9185    x$fpl$dmul          fz_wm.l(dmul.o)
    0x0800ce3c   0x0800ce3c   0x0000009c   Code   RO         9304    x$fpl$dnaninf       fz_wm.l(dnaninf.o)
    0x0800ced8   0x0800ced8   0x0000000c   Code   RO         9306    x$fpl$dretinf       fz_wm.l(dretinf.o)
    0x0800cee4   0x0800cee4   0x00000016   Code   RO         9299    x$fpl$drsb          fz_wm.l(daddsub_clz.o)
    0x0800cefa   0x0800cefa   0x00000002   PAD
    0x0800cefc   0x0800cefc   0x00000198   Code   RO         9410    x$fpl$dsqrt         fz_wm.l(dsqrt_umaal.o)
    0x0800d094   0x0800d094   0x000001d4   Code   RO         9300    x$fpl$dsub          fz_wm.l(daddsub_clz.o)
    0x0800d268   0x0800d268   0x00000056   Code   RO         9187    x$fpl$f2d           fz_wm.l(f2d.o)
    0x0800d2be   0x0800d2be   0x0000008c   Code   RO         9308    x$fpl$fnaninf       fz_wm.l(fnaninf.o)
    0x0800d34a   0x0800d34a   0x0000000a   Code   RO         9412    x$fpl$fpinit        fz_wm.l(fpinit.o)
    0x0800d354   0x0800d354   0x0000000a   Code   RO         9310    x$fpl$fretinf       fz_wm.l(fretinf.o)
    0x0800d35e   0x0800d35e   0x00000000   Code   RO         9312    x$fpl$usenofp       fz_wm.l(usenofp.o)
    0x0800d35e   0x0800d35e   0x00000002   PAD
    0x0800d360   0x0800d360   0x00000006   Data   RO         1001    .constdata          bmi2.o
    0x0800d366   0x0800d366   0x00002045   Data   RO         2048    .constdata          bmi270.o
    0x0800f3ab   0x0800f3ab   0x00000001   PAD
    0x0800f3ac   0x0800f3ac   0x00000300   Data   RO         3069    .constdata          crc.o
    0x0800f6ac   0x0800f6ac   0x000000c4   Data   RO         3684    .constdata          freertos.o
    0x0800f770   0x0800f770   0x00000008   Data   RO         4988    .constdata          stm32f4xx_hal_dma.o
    0x0800f778   0x0800f778   0x00000804   Data   RO         7738    .constdata          arm_common_tables.o
    0x0800ff7c   0x0800ff7c   0x00000010   Data   RO         7766    .constdata          system_stm32f4xx.o
    0x0800ff8c   0x0800ff8c   0x00000008   Data   RO         7767    .constdata          system_stm32f4xx.o
    0x0800ff94   0x0800ff94   0x00000004   PAD
    0x0800ff98   0x0800ff98   0x00000050   Data   RO         9192    .constdata          m_wm.l(asin.o)
    0x0800ffe8   0x0800ffe8   0x00000098   Data   RO         9316    .constdata          m_wm.l(atan.o)
    0x08010080   0x08010080   0x00000008   Data   RO         9351    .constdata          m_wm.l(qnan.o)
    0x08010088   0x08010088   0x00000054   Data   RO         3685    .conststring        freertos.o
    0x080100dc   0x080100dc   0x00000020   Data   RO         9503    Region$$Table       anon$$obj.o


    Execution Region RW_IRAM1 (Exec base: 0x20000000, Load base: 0x080100fc, Size: 0x00005d20, Max: 0x00020000, ABSOLUTE, COMPRESSED[0x00000210])

    Exec Addr    Load Addr    Size         Type   Attr      Idx    E Section Name        Object

    0x20000000   COMPRESSED   0x00000010   Data   RW          170    .data               drv_can.o
    0x20000010   COMPRESSED   0x00000004   Data   RW          543    .data               drv_haltick.o
    0x20000014   COMPRESSED   0x0000006c   Data   RW          705    .data               bmi.o
    0x20000080   COMPRESSED   0x00000002   Data   RW         1908    .data               bmi2_common.o
    0x20000082   COMPRESSED   0x0000001a   Data   RW         2081    .data               rc_sensor.o
    0x2000009c   COMPRESSED   0x0000001c   Data   RW         2082    .data               rc_sensor.o
    0x200000b8   COMPRESSED   0x00000002   Data   RW         2151    .data               imu_sensor.o
    0x200000ba   COMPRESSED   0x00000002   PAD
    0x200000bc   COMPRESSED   0x00000020   Data   RW         2152    .data               imu_sensor.o
    0x200000dc   COMPRESSED   0x0000001c   Data   RW         2153    .data               imu_sensor.o
    0x200000f8   COMPRESSED   0x00000020   Data   RW         2189    .data               device.o
    0x20000118   COMPRESSED   0x000000b4   Data   RW         2244    .data               motor.o
    0x200001cc   COMPRESSED   0x00000064   Data   RW         2245    .data               motor.o
    0x20000230   COMPRESSED   0x0000008c   Data   RW         2246    .data               motor.o
    0x200002bc   COMPRESSED   0x0000000d   Data   RW         2247    .data               motor.o
    0x200002c9   COMPRESSED   0x00000003   PAD
    0x200002cc   COMPRESSED   0x00000018   Data   RW         2248    .data               motor.o
    0x200002e4   COMPRESSED   0x00000007   Data   RW         2249    .data               motor.o
    0x200002eb   COMPRESSED   0x00000001   PAD
    0x200002ec   COMPRESSED   0x00000018   Data   RW         2250    .data               motor.o
    0x20000304   COMPRESSED   0x00000008   Data   RW         2338    .data               vision_sensor.o
    0x2000030c   COMPRESSED   0x00000048   Data   RW         2339    .data               vision_sensor.o
    0x20000354   COMPRESSED   0x0000001c   Data   RW         2340    .data               vision_sensor.o
    0x20000370   COMPRESSED   0x000001cc   Data   RW         2409    .data               dial.o
    0x2000053c   COMPRESSED   0x00000004   Data   RW         2410    .data               dial.o
    0x20000540   COMPRESSED   0x00000150   Data   RW         2593    .data               gimbal.o
    0x20000690   COMPRESSED   0x00000004   Data   RW         2594    .data               gimbal.o
    0x20000694   COMPRESSED   0x00000028   Data   RW         2595    .data               gimbal.o
    0x200006bc   COMPRESSED   0x00000005   Data   RW         2717    .data               system_task.o
    0x200006c1   COMPRESSED   0x00000003   PAD
    0x200006c4   COMPRESSED   0x0000000c   Data   RW         2775    .data               monitor_task.o
    0x200006d0   COMPRESSED   0x00000004   Data   RW         2853    .data               send_task.o
    0x200006d4   COMPRESSED   0x0000001c   Data   RW         2950    .data               vision_task.o
    0x200006f0   COMPRESSED   0x00000002   Data   RW         3070    .data               crc.o
    0x200006f2   COMPRESSED   0x0000000c   Data   RW         3332    .data               imu_protocol.o
    0x200006fe   COMPRESSED   0x00000002   PAD
    0x20000700   COMPRESSED   0x0000001c   Data   RW         3686    .data               freertos.o
    0x2000071c   COMPRESSED   0x00000004   Data   RW         3777    .data               can.o
    0x20000720   COMPRESSED   0x0000000c   Data   RW         5415    .data               stm32f4xx_hal.o
    0x2000072c   COMPRESSED   0x00000004   Data   RW         7768    .data               system_stm32f4xx.o
    0x20000730   COMPRESSED   0x0000003c   Data   RW         8314    .data               tasks.o
    0x2000076c   COMPRESSED   0x00000020   Data   RW         8958    .data               heap_4.o
    0x2000078c   COMPRESSED   0x0000000c   Data   RW         9026    .data               port.o
    0x20000798        -       0x00000080   Zero   RW          167    .bss                drv_can.o
    0x20000818        -       0x000001c0   Zero   RW          347    .bss                drv_uart.o
    0x200009d8        -       0x00000068   Zero   RW          704    .bss                bmi.o
    0x20000a40        -       0x00000024   Zero   RW         2408    .bss                dial.o
    0x20000a64        -       0x000003b8   Zero   RW         2949    .bss                vision_task.o
    0x20000e1c        -       0x00000180   Zero   RW         3125    .bss                kalman.o
    0x20000f9c        -       0x00000360   Zero   RW         3241    .bss                moving_filter.o
    0x200012fc        -       0x00000254   Zero   RW         3683    .bss                freertos.o
    0x20001550        -       0x00000048   Zero   RW         3733    .bss                adc.o
    0x20001598        -       0x00000050   Zero   RW         3776    .bss                can.o
    0x200015e8        -       0x00000014   Zero   RW         3824    .bss                dac.o
    0x200015fc        -       0x0000000c   Zero   RW         3888    .bss                iwdg.o
    0x20001608        -       0x00000090   Zero   RW         3924    .bss                tim.o
    0x20001698        -       0x000002f0   Zero   RW         3989    .bss                usart.o
    0x20001988        -       0x00000048   Zero   RW         4200    .bss                stm32f4xx_hal_timebase_tim.o
    0x200019d0        -       0x000000f0   Zero   RW         8313    .bss                tasks.o
    0x20001ac0        -       0x00003c00   Zero   RW         8957    .bss                heap_4.o
    0x200056c0        -       0x00000060   Zero   RW         9367    .bss                c_w.l(libspace.o)
    0x20005720        -       0x00000200   Zero   RW            2    HEAP                startup_stm32f407xx.o
    0x20005920        -       0x00000400   Zero   RW            1    STACK               startup_stm32f407xx.o


==============================================================================

Image component sizes


      Code (inc. data)   RO Data    RW Data    ZI Data      Debug   Object Name

       196         24          0          0         72       1945   adc.o
         0          0       2052          0          0       4852   arm_common_tables.o
       120         12          0          0          0        826   arm_cos_f32.o
         0          0          0          0          0        384   arm_mat_init_f32.o
       140         16          0          0          0        842   arm_sin_f32.o
      1602         46          0        108        104      47947   bmi.o
     15630        116          6          0          0     121394   bmi2.o
       120         10       8261          0          0       1790   bmi270.o
       354         30          0          2          0       6050   bmi2_common.o
       396         46          0          4         80       2782   can.o
       260         14          0          0          0       5308   can_protocol.o
       120          0          0          0          0      23837   cmsis_os.o
       104         18          0          0          0       1427   control_task.o
       250         22        768          2          0       5532   crc.o
       156         20          0          0         20       1911   dac.o
        60          4          0         32          0       9002   device.o
      2004        324          0        464         36      20307   dial.o
       124          4          0          0          0        966   dma.o
        54          0          0          0          0      14058   driver.o
        14          4          0          0          0       1062   drv_adda.o
       844         70          0         16        128      47065   drv_can.o
       116         24          0          4          0       2454   drv_haltick.o
         0          0          0          0          0     720884   drv_io.o
        88         18          0          0          0       2232   drv_tim.o
      1194         88          0          0        448      13325   drv_uart.o
         0          0          0          0          0      17124   event_groups.o
        64         12          0          0          0        624   fire_task.o
       192         14        280         28        596       2774   freertos.o
      2292        230          0        380          0      14966   gimbal.o
        60         14          0          0          0        626   gimbal_task.o
       320         22          0          0          0       1219   gpio.o
       472         24          0         32      15360       7839   heap_4.o
       168         10          0         12          0       2501   imu_protocol.o
        74          0          0         62          0       2927   imu_sensor.o
        44          8          0          0         12        847   iwdg.o
       294         24          0          0        384       4672   kalman.o
       138          0          0          0          0       3906   list.o
       234          8          0          0          0       3076   main.o
       336         68          0         12          0       7798   monitor_task.o
       504          0          0        488          0      12038   motor.o
        60         16          0          0        864       2670   moving_filter.o
       190          6          0          0          0       1641   pid.o
       702         72          0         12          0      11656   port.o
       186          6          0          0          0       2423   rc_protocol.o
       100          0          0         54          0       9009   rc_sensor.o
       130          0          0          0          0       7685   rm_protocol.o
       328         24          0          0          0       3284   rp_math.o
        60         12          0          4          0        899   send_task.o
       544         62          0          0          0       4719   soft_iic.o
        64         26        392          0       1536        904   startup_stm32f407xx.o
        64         10          0         12          0       7876   stm32f4xx_hal.o
       712         28          0          0          0       3123   stm32f4xx_hal_adc.o
      1638          6          0          0          0      15487   stm32f4xx_hal_can.o
       158         14          0          0          0      33462   stm32f4xx_hal_cortex.o
       202          0          0          0          0       2919   stm32f4xx_hal_dac.o
      1084         16          8          0          0       7898   stm32f4xx_hal_dma.o
       522         46          0          0          0       3077   stm32f4xx_hal_gpio.o
       102          0          0          0          0       2067   stm32f4xx_hal_iwdg.o
        56          4          0          0          0        990   stm32f4xx_hal_msp.o
      1412         86          0          0          0       6321   stm32f4xx_hal_rcc.o
      2326        136          0          0          0      20405   stm32f4xx_hal_tim.o
       148         28          0          0          0       2697   stm32f4xx_hal_tim_ex.o
       116         14          0          0         72       1603   stm32f4xx_hal_timebase_tim.o
      1596         30          0          0          0      13238   stm32f4xx_hal_uart.o
       204         72          0          0          0       9759   stm32f4xx_it.o
        28          6         24          4          0       1335   system_stm32f4xx.o
       208         36          0          5          0      39636   system_task.o
      1884        140          0         60        240      22933   tasks.o
       500         50          0          0        144       4159   tim.o
      1036         86          0          0        752       4806   usart.o
       162          6          0          0          0       2645   vision_protocol.o
        44          0          0        108          0       4468   vision_sensor.o
       888        132          0         28        952       9695   vision_task.o

    ----------------------------------------------------------------------
     46674       2514      11828       1944      21800    1406608   Object Totals
         0          0         32          0          0          0   (incl. Generated)
        82          0          5         11          0          0   (incl. Padding)

    ----------------------------------------------------------------------

      Code (inc. data)   RO Data    RW Data    ZI Data      Debug   Library Member Name

        90          0          0          0          0          0   __dczerorl2.o
         8          0          0          0          0         68   __main.o
         0          0          0          0          0          0   __rtentry.o
        12          0          0          0          0          0   __rtentry2.o
         6          0          0          0          0          0   __rtentry4.o
        52          8          0          0          0          0   __scatter.o
        28          0          0          0          0          0   __scatter_zi.o
        22          0          0          0          0        100   _rserrno.o
        10          0          0          0          0         68   defsig_exit.o
        50          0          0          0          0         88   defsig_general.o
        80         58          0          0          0         76   defsig_rtmem_inner.o
        14          0          0          0          0         80   defsig_rtmem_outer.o
        18          0          0          0          0         80   exit.o
        94          0          0          0          0         80   h1_alloc.o
        52          0          0          0          0         68   h1_extend.o
        78          0          0          0          0         80   h1_free.o
        14          0          0          0          0         84   h1_init.o
         6          0          0          0          0        152   heapauxi.o
         4          0          0          0          0        136   hguard.o
         0          0          0          0          0          0   indicate_semi.o
       138          0          0          0          0        168   init_alloc.o
         2          0          0          0          0          0   libinit.o
        14          0          0          0          0          0   libinit2.o
         2          0          0          0          0          0   libshutdown.o
         2          0          0          0          0          0   libshutdown2.o
         8          4          0          0         96         68   libspace.o
       238          0          0          0          0        100   lludivv7m.o
         0          0          0          0          0          0   maybetermalloc1.o
         8          4          0          0          0         68   rt_errno_addr_intlibspace.o
         8          4          0          0          0         68   rt_heap_descriptor_intlibspace.o
        68          0          0          0          0         68   rt_memclr.o
        78          0          0          0          0         80   rt_memclr_w.o
       138          0          0          0          0         68   rt_memcpy_v6.o
       100          0          0          0          0         80   rt_memcpy_w.o
         2          0          0          0          0          0   rtexit.o
        10          0          0          0          0          0   rtexit2.o
        12          4          0          0          0         68   sys_exit.o
        74          0          0          0          0         80   sys_stackheap_outer.o
        14          0          0          0          0         76   sys_wrch.o
         2          0          0          0          0         68   use_no_semi.o
        24          0          0          0          0        164   basic.o
        98          4          0          0          0        140   d2f.o
       826         16          0          0          0        492   daddsub_clz.o
       688        140          0          0          0        256   ddiv.o
        38          0          0          0          0        116   dflt_clz.o
       340         12          0          0          0        152   dmul.o
       156          4          0          0          0        140   dnaninf.o
        12          0          0          0          0        116   dretinf.o
       408         56          0          0          0        168   dsqrt_umaal.o
        86          4          0          0          0        132   f2d.o
       140          4          0          0          0        132   fnaninf.o
        10          0          0          0          0        116   fpinit.o
        10          0          0          0          0        116   fretinf.o
         0          0          0          0          0          0   usenofp.o
       864         94         80          0          0        280   asin.o
       744        106        152          0          0        352   atan.o
       496         64          0          0          0        192   atan2.o
       104         16          0          0          0        496   dunder.o
        24          0          0          0          0        124   fabs.o
        48          0          0          0          0        124   fpclassify.o
       248          0          0          0          0        152   poly.o
         0          0          8          0          0          0   qnan.o
       110          0          0          0          0        148   sqrt.o

    ----------------------------------------------------------------------
      7046        602        240          0         96       6328   Library Totals
        16          0          0          0          0          0   (incl. Padding)

    ----------------------------------------------------------------------

      Code (inc. data)   RO Data    RW Data    ZI Data      Debug   Library Name

      1556         82          0          0         96       2220   c_w.l
      2836        240          0          0          0       2240   fz_wm.l
      2638        280        240          0          0       1868   m_wm.l

    ----------------------------------------------------------------------
      7046        602        240          0         96       6328   Library Totals

    ----------------------------------------------------------------------

==============================================================================


      Code (inc. data)   RO Data    RW Data    ZI Data      Debug   

     53720       3116      12068       1944      21896    1364540   Grand Totals
     53720       3116      12068        528      21896    1364540   ELF Image Totals (compressed)
     53720       3116      12068        528          0          0   ROM Totals

==============================================================================

    Total RO  Size (Code + RO Data)                65788 (  64.25kB)
    Total RW  Size (RW Data + ZI Data)             23840 (  23.28kB)
    Total ROM Size (Code + RO Data + RW Data)      66316 (  64.76kB)

==============================================================================

