Component: ARM Compiler 5.06 update 6 (build 750) Tool: armlink [4d35ed]

==============================================================================

Section Cross References

    startup_stm32f407xx.o(STACK) refers (Special) to heapauxi.o(.text) for __use_two_region_memory
    startup_stm32f407xx.o(HEAP) refers (Special) to heapauxi.o(.text) for __use_two_region_memory
    startup_stm32f407xx.o(RESET) refers (Special) to heapauxi.o(.text) for __use_two_region_memory
    startup_stm32f407xx.o(RESET) refers to startup_stm32f407xx.o(STACK) for __initial_sp
    startup_stm32f407xx.o(RESET) refers to startup_stm32f407xx.o(.text) for Reset_Handler
    startup_stm32f407xx.o(RESET) refers to stm32f4xx_it.o(i.NMI_Handler) for NMI_Handler
    startup_stm32f407xx.o(RESET) refers to stm32f4xx_it.o(i.HardFault_Handler) for HardFault_Handler
    startup_stm32f407xx.o(RESET) refers to stm32f4xx_it.o(i.MemManage_Handler) for MemManage_Handler
    startup_stm32f407xx.o(RESET) refers to stm32f4xx_it.o(i.BusFault_Handler) for BusFault_Handler
    startup_stm32f407xx.o(RESET) refers to stm32f4xx_it.o(i.UsageFault_Handler) for UsageFault_Handler
    startup_stm32f407xx.o(RESET) refers to port.o(.emb_text) for SVC_Handler
    startup_stm32f407xx.o(RESET) refers to stm32f4xx_it.o(i.DebugMon_Handler) for DebugMon_Handler
    startup_stm32f407xx.o(RESET) refers to port.o(i.SysTick_Handler) for SysTick_Handler
    startup_stm32f407xx.o(RESET) refers to stm32f4xx_it.o(i.DMA1_Stream0_IRQHandler) for DMA1_Stream0_IRQHandler
    startup_stm32f407xx.o(RESET) refers to stm32f4xx_it.o(i.DMA1_Stream2_IRQHandler) for DMA1_Stream2_IRQHandler
    startup_stm32f407xx.o(RESET) refers to stm32f4xx_it.o(i.DMA1_Stream5_IRQHandler) for DMA1_Stream5_IRQHandler
    startup_stm32f407xx.o(RESET) refers to stm32f4xx_it.o(i.CAN1_RX0_IRQHandler) for CAN1_RX0_IRQHandler
    startup_stm32f407xx.o(RESET) refers to stm32f4xx_it.o(i.TIM2_IRQHandler) for TIM2_IRQHandler
    startup_stm32f407xx.o(RESET) refers to stm32f4xx_it.o(i.USART1_IRQHandler) for USART1_IRQHandler
    startup_stm32f407xx.o(RESET) refers to stm32f4xx_it.o(i.USART2_IRQHandler) for USART2_IRQHandler
    startup_stm32f407xx.o(RESET) refers to stm32f4xx_it.o(i.UART4_IRQHandler) for UART4_IRQHandler
    startup_stm32f407xx.o(RESET) refers to stm32f4xx_it.o(i.UART5_IRQHandler) for UART5_IRQHandler
    startup_stm32f407xx.o(RESET) refers to stm32f4xx_it.o(i.DMA2_Stream2_IRQHandler) for DMA2_Stream2_IRQHandler
    startup_stm32f407xx.o(RESET) refers to stm32f4xx_it.o(i.CAN2_RX0_IRQHandler) for CAN2_RX0_IRQHandler
    startup_stm32f407xx.o(RESET) refers to stm32f4xx_it.o(i.DMA2_Stream7_IRQHandler) for DMA2_Stream7_IRQHandler
    startup_stm32f407xx.o(.text) refers (Special) to heapauxi.o(.text) for __use_two_region_memory
    startup_stm32f407xx.o(.text) refers to system_stm32f4xx.o(i.SystemInit) for SystemInit
    startup_stm32f407xx.o(.text) refers to __main.o(!!!main) for __main
    startup_stm32f407xx.o(.text) refers to startup_stm32f407xx.o(HEAP) for Heap_Mem
    startup_stm32f407xx.o(.text) refers to startup_stm32f407xx.o(STACK) for Stack_Mem
    drv_can.o(i.CAN1_Init) refers to drv_can.o(i.CAN_Filter_ParamsInit) for CAN_Filter_ParamsInit
    drv_can.o(i.CAN1_Init) refers to stm32f4xx_hal_can.o(i.HAL_CAN_ConfigFilter) for HAL_CAN_ConfigFilter
    drv_can.o(i.CAN1_Init) refers to stm32f4xx_hal_can.o(i.HAL_CAN_ActivateNotification) for HAL_CAN_ActivateNotification
    drv_can.o(i.CAN1_Init) refers to stm32f4xx_hal_can.o(i.HAL_CAN_Start) for HAL_CAN_Start
    drv_can.o(i.CAN1_Init) refers to can.o(.bss) for hcan1
    drv_can.o(i.CAN2_Init) refers to drv_can.o(i.CAN_Filter_ParamsInit) for CAN_Filter_ParamsInit
    drv_can.o(i.CAN2_Init) refers to stm32f4xx_hal_can.o(i.HAL_CAN_ConfigFilter) for HAL_CAN_ConfigFilter
    drv_can.o(i.CAN2_Init) refers to stm32f4xx_hal_can.o(i.HAL_CAN_ActivateNotification) for HAL_CAN_ActivateNotification
    drv_can.o(i.CAN2_Init) refers to stm32f4xx_hal_can.o(i.HAL_CAN_Start) for HAL_CAN_Start
    drv_can.o(i.CAN2_Init) refers to can.o(.bss) for hcan2
    drv_can.o(i.CAN_AddMsgByDriver) refers to drv_can.o(i.CAN_CreateTxPort) for CAN_CreateTxPort
    drv_can.o(i.CAN_AddMsgByDriver) refers to drv_can.o(.bss) for .bss
    drv_can.o(i.CAN_AutoTx) refers to drv_can.o(i.CAN_PopWaitTxPort) for CAN_PopWaitTxPort
    drv_can.o(i.CAN_AutoTx) refers to drv_haltick.o(i.micros) for micros
    drv_can.o(i.CAN_AutoTx) refers to drv_can.o(i.CAN_StartTxByTxPort) for CAN_StartTxByTxPort
    drv_can.o(i.CAN_AutoTx) refers to drv_can.o(.data) for .data
    drv_can.o(i.CAN_AutoTx) refers to monitor_task.o(.data) for send_control_time
    drv_can.o(i.CAN_CreateTxPort) refers to heap_4.o(i.pvPortMalloc) for pvPortMalloc
    drv_can.o(i.CAN_MailboxReadyForTx) refers to drv_haltick.o(i.micros) for micros
    drv_can.o(i.CAN_MailboxReadyForTx) refers to drv_can.o(i.CAN_PushWaitTxPort) for CAN_PushWaitTxPort
[...]
    motor_driver                             0x20000118   Data         180  motor.o(.data)
    motor_info                               0x200001cc   Data         100  motor.o(.data)
    motor                                    0x20000230   Data         140  motor.o(.data)
    master_info                              0x200002bc   Data          13  motor.o(.data)
    master_sensor                            0x200002cc   Data          24  motor.o(.data)
    rc_master_info                           0x200002e4   Data           7  motor.o(.data)
    rc_master_sensor                         0x200002ec   Data          24  motor.o(.data)
    vision_sensor_driver                     0x20000304   Data           8  vision_sensor.o(.data)
    vision_sensor_info                       0x2000030c   Data          72  vision_sensor.o(.data)
    vision_sensor                            0x20000354   Data          28  vision_sensor.o(.data)
    shoot_freq_val                           0x20000378   Data           4  dial.o(.data)
    firing_rate                              0x2000037c   Data           4  dial.o(.data)
    shot_info                                0x20000394   Data           6  dial.o(.data)
    shot_motor_pid                           0x2000039c   Data         348  dial.o(.data)
    shot_dev                                 0x200004f8   Data          20  dial.o(.data)
    shoot                                    0x2000050c   Data          48  dial.o(.data)
    shot_ctrl                                0x2000053c   Data           4  dial.o(.data)
    gimb_info                                0x20000544   Data           2  gimbal.o(.data)
    real_yaw_rate                            0x20000558   Data           4  gimbal.o(.data)
    pitch_real_angle_target                  0x2000055c   Data           4  gimbal.o(.data)
    yaw_real_angle_target                    0x20000560   Data           4  gimbal.o(.data)
    pitch_init_angle_target                  0x20000564   Data           4  gimbal.o(.data)
    yaw_init_angle_target                    0x20000568   Data           4  gimbal.o(.data)
    gimb_drv                                 0x2000056c   Data           8  gimbal.o(.data)
    gimb_motor                               0x20000574   Data           8  gimbal.o(.data)
    gimb_motor_info                          0x2000057c   Data           8  gimbal.o(.data)
    gimb_motor_pid                           0x20000584   Data         232  gimbal.o(.data)
    gimb_dev                                 0x2000066c   Data          16  gimbal.o(.data)
    gimb_ctrl                                0x2000067c   Data           4  gimbal.o(.data)
    gimbal                                   0x20000680   Data          40  gimbal.o(.data)
    flag                                     0x200006a8   Data           2  system_task.o(.data)
    sys                                      0x200006aa   Data           3  system_task.o(.data)
    send_control_time                        0x200006b4   Data           4  monitor_task.o(.data)
    event                                    0x200006b8   Data           4  monitor_task.o(.data)
    SendFlag                                 0x200006bc   Data           4  send_task.o(.data)
    vis_pitch_corret_kp                      0x200006c8   Data           4  vision_task.o(.data)
    vis_yaw_corret_kp                        0x200006cc   Data           4  vision_task.o(.data)
    vision_rx                                0x200006d0   Data          12  vision_task.o(.data)
    CRC_INIT                                 0x200006dc   Data           2  crc.o(.data)
    gyrox                                    0x200006de   Data           2  imu_protocol.o(.data)
    gyroy                                    0x200006e0   Data           2  imu_protocol.o(.data)
    gyroz                                    0x200006e2   Data           2  imu_protocol.o(.data)
    accx                                     0x200006e4   Data           2  imu_protocol.o(.data)
    accy                                     0x200006e6   Data           2  imu_protocol.o(.data)
    accz                                     0x200006e8   Data           2  imu_protocol.o(.data)
    MonitorTaskHandle                        0x200006ec   Data           4  freertos.o(.data)
    SystemTaskHandle                         0x200006f0   Data           4  freertos.o(.data)
    SendTaskHandle                           0x200006f4   Data           4  freertos.o(.data)
    GimbalTaskHandle                         0x200006f8   Data           4  freertos.o(.data)
    FireTaskHandle                           0x200006fc   Data           4  freertos.o(.data)
    VisionTaskHandle                         0x20000700   Data           4  freertos.o(.data)
    ControlTaskHandle                        0x20000704   Data           4  freertos.o(.data)
    uwTickFreq                               0x2000070c   Data           1  stm32f4xx_hal.o(.data)
    uwTickPrio                               0x20000710   Data           4  stm32f4xx_hal.o(.data)
    uwTick                                   0x20000714   Data           4  stm32f4xx_hal.o(.data)
    SystemCoreClock                          0x20000718   Data           4  system_stm32f4xx.o(.data)
    pxCurrentTCB                             0x2000071c   Data           4  tasks.o(.data)
    hcan1Mailbox                             0x20000784   Data          28  drv_can.o(.bss)
    hcan2Mailbox                             0x200007a0   Data          28  drv_can.o(.bss)
    hcan1RxFrame                             0x200007bc   Data          36  drv_can.o(.bss)
    hcan2RxFrame                             0x200007e0   Data          36  drv_can.o(.bss)
    usart1_dma_rxbuf                         0x20000804   Data         100  drv_uart.o(.bss)
    usart2_dma_rxbuf                         0x20000868   Data          48  drv_uart.o(.bss)
    usart4_dma_rxbuf                         0x20000898   Data         100  drv_uart.o(.bss)
    usart5_dma_rxbuf                         0x200008fc   Data         200  drv_uart.o(.bss)
    bmi2_dev                                 0x200009c8   Data         104  bmi.o(.bss)
    shot_drv                                 0x20000a30   Data          12  dial.o(.bss)
    shot_motor                               0x20000a3c   Data          12  dial.o(.bss)
    shot_motor_info                          0x20000a48   Data          12  dial.o(.bss)
    Vision_SentData                          0x20000a54   Data          20  vision_task.o(.bss)
    pitch_history_queue                      0x20000a68   Data         420  vision_task.o(.bss)
    yaw_history_queue                        0x20000c0c   Data         420  vision_task.o(.bss)
    vision                                   0x20000db0   Data          52  vision_task.o(.bss)
    rc_gimbal_ch0                            0x20000de4   Data          48  kalman.o(.bss)
    rc_gimbal_ch1                            0x20000e14   Data          48  kalman.o(.bss)
    imu_roll_rateKF                          0x20000e44   Data          48  kalman.o(.bss)
    imu_yaw_rateKF                           0x20000e74   Data          48  kalman.o(.bss)
    imu_pitch_rateKF                         0x20000ea4   Data          48  kalman.o(.bss)
    vision_distance_get                      0x20000ed4   Data          48  kalman.o(.bss)
    gimbal_yaw_rateKF                        0x20000f04   Data          48  kalman.o(.bss)
    gimbal_pitch_rateKF                      0x20000f34   Data          48  kalman.o(.bss)
    GYRO_SpeedError_SF                       0x20000f64   Data         288  moving_filter.o(.bss)
    vision_pitch_givenSF                     0x20001084   Data         288  moving_filter.o(.bss)
    vision_yaw_givenSF                       0x200011a4   Data         288  moving_filter.o(.bss)
    hadc1                                    0x20001518   Data          72  adc.o(.bss)
    hcan1                                    0x20001560   Data          40  can.o(.bss)
    hcan2                                    0x20001588   Data          40  can.o(.bss)
    hdac                                     0x200015b0   Data          20  dac.o(.bss)
    hiwdg                                    0x200015c4   Data          12  iwdg.o(.bss)
    htim1                                    0x200015d0   Data          72  tim.o(.bss)
    htim3                                    0x20001618   Data          72  tim.o(.bss)
    huart4                                   0x20001660   Data          68  usart.o(.bss)
    huart5                                   0x200016a4   Data          68  usart.o(.bss)
    huart1                                   0x200016e8   Data          68  usart.o(.bss)
    huart2                                   0x2000172c   Data          68  usart.o(.bss)
    hdma_uart4_rx                            0x20001770   Data          96  usart.o(.bss)
    hdma_uart5_rx                            0x200017d0   Data          96  usart.o(.bss)
    hdma_usart1_rx                           0x20001830   Data          96  usart.o(.bss)
    hdma_usart1_tx                           0x20001890   Data          96  usart.o(.bss)
    hdma_usart2_rx                           0x200018f0   Data          96  usart.o(.bss)
    htim2                                    0x20001950   Data          72  stm32f4xx_hal_timebase_tim.o(.bss)
    __libspace_start                         0x20005688   Data          96  libspace.o(.bss)
    __temporary_stack_top$libspace           0x200056e8   Data           0  libspace.o(.bss)



==============================================================================

Memory Map of the image

  Image Entry point : 0x08000189

  Load Region LR_IROM1 (Base: 0x08000000, Size: 0x00010820, Max: 0x00080000, ABSOLUTE, COMPRESSED[0x000102ac])

    Execution Region ER_IROM1 (Exec base: 0x08000000, Load base: 0x08000000, Size: 0x0001009c, Max: 0x00080000, ABSOLUTE)

    Exec Addr    Load Addr    Size         Type   Attr      Idx    E Section Name        Object

    0x08000000   0x08000000   0x00000188   Data   RO            3    RESET               startup_stm32f407xx.o
    0x08000188   0x08000188   0x00000008   Code   RO         9541  * !!!main             c_w.l(__main.o)
    0x08000190   0x08000190   0x00000034   Code   RO         9877    !!!scatter          c_w.l(__scatter.o)
    0x080001c4   0x080001c4   0x0000005a   Code   RO         9875    !!dczerorl2         c_w.l(__dczerorl2.o)
    0x0800021e   0x0800021e   0x00000002   PAD
    0x08000220   0x08000220   0x0000001c   Code   RO         9879    !!handler_zi        c_w.l(__scatter_zi.o)
    0x0800023c   0x0800023c   0x00000002   Code   RO         9812    .ARM.Collect$$libinit$$00000000  c_w.l(libinit.o)
    0x0800023e   0x0800023e   0x00000004   Code   RO         9621    .ARM.Collect$$libinit$$00000001  c_w.l(libinit2.o)
    0x08000242   0x08000242   0x00000000   Code   RO         9624    .ARM.Collect$$libinit$$00000004  c_w.l(libinit2.o)
    0x08000242   0x08000242   0x00000008   Code   RO         9625    .ARM.Collect$$libinit$$00000005  c_w.l(libinit2.o)
    0x0800024a   0x0800024a   0x00000000   Code   RO         9627    .ARM.Collect$$libinit$$0000000A  c_w.l(libinit2.o)
    0x0800024a   0x0800024a   0x00000000   Code   RO         9629    .ARM.Collect$$libinit$$0000000C  c_w.l(libinit2.o)
    0x0800024a   0x0800024a   0x00000000   Code   RO         9631    .ARM.Collect$$libinit$$0000000E  c_w.l(libinit2.o)
    0x0800024a   0x0800024a   0x00000000   Code   RO         9634    .ARM.Collect$$libinit$$00000011  c_w.l(libinit2.o)
    0x0800024a   0x0800024a   0x00000000   Code   RO         9636    .ARM.Collect$$libinit$$00000013  c_w.l(libinit2.o)
    0x0800024a   0x0800024a   0x00000000   Code   RO         9638    .ARM.Collect$$libinit$$00000015  c_w.l(libinit2.o)
    0x0800024a   0x0800024a   0x00000000   Code   RO         9640    .ARM.Collect$$libinit$$00000017  c_w.l(libinit2.o)
    0x0800024a   0x0800024a   0x00000000   Code   RO         9642    .ARM.Collect$$libinit$$00000019  c_w.l(libinit2.o)
    0x0800024a   0x0800024a   0x00000000   Code   RO         9644    .ARM.Collect$$libinit$$0000001B  c_w.l(libinit2.o)
    0x0800024a   0x0800024a   0x00000000   Code   RO         9646    .ARM.Collect$$libinit$$0000001D  c_w.l(libinit2.o)
    0x0800024a   0x0800024a   0x00000000   Code   RO         9648    .ARM.Collect$$libinit$$0000001F  c_w.l(libinit2.o)
    0x0800024a   0x0800024a   0x00000000   Code   RO         9650    .ARM.Collect$$libinit$$00000021  c_w.l(libinit2.o)
    0x0800024a   0x0800024a   0x00000000   Code   RO         9652    .ARM.Collect$$libinit$$00000023  c_w.l(libinit2.o)
    0x0800024a   0x0800024a   0x00000000   Code   RO         9654    .ARM.Collect$$libinit$$00000025  c_w.l(libinit2.o)
    0x0800024a   0x0800024a   0x00000000   Code   RO         9658    .ARM.Collect$$libinit$$0000002C  c_w.l(libinit2.o)
    0x0800024a   0x0800024a   0x00000000   Code   RO         9660    .ARM.Collect$$libinit$$0000002E  c_w.l(libinit2.o)
    0x0800024a   0x0800024a   0x00000000   Code   RO         9662    .ARM.Collect$$libinit$$00000030  c_w.l(libinit2.o)
    0x0800024a   0x0800024a   0x00000000   Code   RO         9664    .ARM.Collect$$libinit$$00000032  c_w.l(libinit2.o)
    0x0800024a   0x0800024a   0x00000002   Code   RO         9665    .ARM.Collect$$libinit$$00000033  c_w.l(libinit2.o)
    0x0800024c   0x0800024c   0x00000002   Code   RO         9872    .ARM.Collect$$libshutdown$$00000000  c_w.l(libshutdown.o)
    0x0800024e   0x0800024e   0x00000000   Code   RO         9830    .ARM.Collect$$libshutdown$$00000002  c_w.l(libshutdown2.o)
    0x0800024e   0x0800024e   0x00000000   Code   RO         9832    .ARM.Collect$$libshutdown$$00000004  c_w.l(libshutdown2.o)
    0x0800024e   0x0800024e   0x00000000   Code   RO         9835    .ARM.Collect$$libshutdown$$00000007  c_w.l(libshutdown2.o)
    0x0800024e   0x0800024e   0x00000000   Code   RO         9838    .ARM.Collect$$libshutdown$$0000000A  c_w.l(libshutdown2.o)
    0x0800024e   0x0800024e   0x00000000   Code   RO         9840    .ARM.Collect$$libshutdown$$0000000C  c_w.l(libshutdown2.o)
    0x0800024e   0x0800024e   0x00000000   Code   RO         9843    .ARM.Collect$$libshutdown$$0000000F  c_w.l(libshutdown2.o)
    0x0800024e   0x0800024e   0x00000002   Code   RO         9844    .ARM.Collect$$libshutdown$$00000010  c_w.l(libshutdown2.o)
    0x08000250   0x08000250   0x00000000   Code   RO         9587    .ARM.Collect$$rtentry$$00000000  c_w.l(__rtentry.o)
    0x08000250   0x08000250   0x00000000   Code   RO         9740    .ARM.Collect$$rtentry$$00000002  c_w.l(__rtentry2.o)
    0x08000250   0x08000250   0x00000006   Code   RO         9752    .ARM.Collect$$rtentry$$00000004  c_w.l(__rtentry4.o)
    0x08000256   0x08000256   0x00000000   Code   RO         9742    .ARM.Collect$$rtentry$$00000009  c_w.l(__rtentry2.o)
    0x08000256   0x08000256   0x00000004   Code   RO         9743    .ARM.Collect$$rtentry$$0000000A  c_w.l(__rtentry2.o)
    0x0800025a   0x0800025a   0x00000000   Code   RO         9745    .ARM.Collect$$rtentry$$0000000C  c_w.l(__rtentry2.o)
    0x0800025a   0x0800025a   0x00000008   Code   RO         9746    .ARM.Collect$$rtentry$$0000000D  c_w.l(__rtentry2.o)
    0x08000262   0x08000262   0x00000002   Code   RO         9817    .ARM.Collect$$rtexit$$00000000  c_w.l(rtexit.o)
    0x08000264   0x08000264   0x00000000   Code   RO         9848    .ARM.Collect$$rtexit$$00000002  c_w.l(rtexit2.o)
    0x08000264   0x08000264   0x00000004   Code   RO         9849    .ARM.Collect$$rtexit$$00000003  c_w.l(rtexit2.o)
    0x08000268   0x08000268   0x00000006   Code   RO         9850    .ARM.Collect$$rtexit$$00000004  c_w.l(rtexit2.o)
    0x0800026e   0x0800026e   0x00000002   PAD
    0x08000270   0x08000270   0x000000be   Code   RO         9386    .emb_text           port.o
    0x0800032e   0x0800032e   0x00000002   PAD
    0x08000330   0x08000330   0x00000000   Code   RO         9763    .emb_text           c_w.l(maybetermalloc1.o)
    0x08000330   0x08000330   0x00000040   Code   RO            4    .text               startup_stm32f407xx.o
    0x08000370   0x08000370   0x0000005e   Code   RO         9469    .text               c_w.l(h1_alloc.o)
    0x080003ce   0x080003ce   0x0000004e   Code   RO         9471    .text               c_w.l(h1_free.o)
    0x0800041c   0x0800041c   0x000000ee   Code   RO         9527    .text               c_w.l(lludivv7m.o)
    0x0800050a   0x0800050a   0x0000008a   Code   RO         9529    .text               c_w.l(rt_memcpy_v6.o)
    0x08000594   0x08000594   0x00000064   Code   RO         9531    .text               c_w.l(rt_memcpy_w.o)
    0x080005f8   0x080005f8   0x00000044   Code   RO         9535    .text               c_w.l(rt_memclr.o)
    0x0800063c   0x0800063c   0x0000004e   Code   RO         9537    .text               c_w.l(rt_memclr_w.o)
    0x0800068a   0x0800068a   0x00000006   Code   RO         9539    .text               c_w.l(heapauxi.o)
    0x08000690   0x08000690   0x00000008   Code   RO         9595    .text               c_w.l(rt_heap_descriptor_intlibspace.o)
    0x08000698   0x08000698   0x00000004   Code   RO         9597    .text               c_w.l(hguard.o)
    0x0800069c   0x0800069c   0x0000008a   Code   RO         9599    .text               c_w.l(init_alloc.o)
    0x08000726   0x08000726   0x0000000e   Code   RO         9603    .text               c_w.l(h1_init.o)
    0x08000734   0x08000734   0x00000016   Code   RO         9617    .text               c_w.l(_rserrno.o)
    0x0800074a   0x0800074a   0x00000002   PAD
    0x0800074c   0x0800074c   0x00000008   Code   RO         9736    .text               c_w.l(libspace.o)
    0x08000754   0x08000754   0x00000008   Code   RO         9759    .text               c_w.l(rt_errno_addr_intlibspace.o)
    0x0800075c   0x0800075c   0x00000034   Code   RO         9765    .text               c_w.l(h1_extend.o)
    0x08000790   0x08000790   0x0000000e   Code   RO         9769    .text               c_w.l(defsig_rtmem_outer.o)
    0x0800079e   0x0800079e   0x00000002   Code   RO         9784    .text               c_w.l(use_no_semi.o)
    0x080007a0   0x080007a0   0x00000000   Code   RO         9786    .text               c_w.l(indicate_semi.o)
    0x080007a0   0x080007a0   0x0000004a   Code   RO         9787    .text               c_w.l(sys_stackheap_outer.o)
    0x080007ea   0x080007ea   0x00000012   Code   RO         9793    .text               c_w.l(exit.o)
    0x080007fc   0x080007fc   0x0000000a   Code   RO         9795    .text               c_w.l(defsig_exit.o)
    0x08000806   0x08000806   0x00000002   PAD
    0x08000808   0x08000808   0x00000050   Code   RO         9801    .text               c_w.l(defsig_rtmem_inner.o)
    0x08000858   0x08000858   0x0000000c   Code   RO         9815    .text               c_w.l(sys_exit.o)
    0x08000864   0x08000864   0x00000032   Code   RO         9825    .text               c_w.l(defsig_general.o)
    0x08000896   0x08000896   0x0000000e   Code   RO         9845    .text               c_w.l(sys_wrch.o)
    0x080008a4   0x080008a4   0x00000002   Code   RO          500    i.ADC_Init          drv_adda.o
    0x080008a6   0x080008a6   0x00000002   PAD
    0x080008a8   0x080008a8   0x00000128   Code   RO         4609    i.ADC_Init          stm32f4xx_hal_adc.o
    0x080009d0   0x080009d0   0x00000014   Code   RO         2552    i.Aerial_Ctrl       dial.o
    0x080009e4   0x080009e4   0x00000028   Code   RO         3267    i.Append_CRC16_Check_Sum  crc.o
    0x08000a0c   0x08000a0c   0x00000020   Code   RO         3268    i.Append_CRC8_Check_Sum  crc.o
    0x08000a2c   0x08000a2c   0x0000045c   Code   RO          694    i.BMI_Get_EulerAngle  bmi.o
    0x08000e88   0x08000e88   0x00000048   Code   RO          696    i.BMI_Get_RawData   bmi.o
    0x08000ed0   0x08000ed0   0x0000006c   Code   RO          697    i.BMI_Init          bmi.o
    0x08000f3c   0x08000f3c   0x00000002   Code   RO         4413    i.BusFault_Handler  stm32f4xx_it.o
    0x08000f3e   0x08000f3e   0x00000002   PAD
    0x08000f40   0x08000f40   0x00000028   Code   RO          152    i.CAN1_Init         drv_can.o
    0x08000f68   0x08000f68   0x0000000c   Code   RO         4414    i.CAN1_RX0_IRQHandler  stm32f4xx_it.o
    0x08000f74   0x08000f74   0x00000038   Code   RO         3717    i.CAN1_rxDataHandler  can_protocol.o
    0x08000fac   0x08000fac   0x00000028   Code   RO          154    i.CAN2_Init         drv_can.o
    0x08000fd4   0x08000fd4   0x0000000c   Code   RO         4415    i.CAN2_RX0_IRQHandler  stm32f4xx_it.o
    0x08000fe0   0x08000fe0   0x00000080   Code   RO         3718    i.CAN2_rxDataHandler  can_protocol.o
    0x08001060   0x08001060   0x00000006   Code   RO         3777    i.CAN_01_GetMotorAngle  rm_protocol.o
    0x08001066   0x08001066   0x00000008   Code   RO         3778    i.CAN_23_GetMotorSpeed  rm_protocol.o
    0x0800106e   0x0800106e   0x00000008   Code   RO         3780    i.CAN_45_GetMotorCurrent  rm_protocol.o
    0x08001076   0x08001076   0x00000008   Code   RO         3781    i.CAN_45_GetMotorTorque  rm_protocol.o
    0x0800107e   0x0800107e   0x00000004   Code   RO         3782    i.CAN_6_GetMotorTemperature  rm_protocol.o
    0x08001082   0x08001082   0x0000000c   Code   RO         3719    i.CAN_AddByte       can_protocol.o
    0x0800108e   0x0800108e   0x00000016   Code   RO         3720    i.CAN_AddHalfWord   can_protocol.o
    0x080010a4   0x080010a4   0x00000004   Code   RO         3721    i.CAN_AddMsg        can_protocol.o
    0x080010a8   0x080010a8   0x00000068   Code   RO          156    i.CAN_AddMsgByDriver  drv_can.o
    0x08001110   0x08001110   0x00000022   Code   RO         3722    i.CAN_AddWord       can_protocol.o
    0x08001132   0x08001132   0x00000002   PAD
    0x08001134   0x08001134   0x0000004c   Code   RO          157    i.CAN_AutoTx        drv_can.o
    0x08001180   0x08001180   0x00000086   Code   RO          158    i.CAN_CreateTxPort  drv_can.o
    0x08001206   0x08001206   0x0000001a   Code   RO          159    i.CAN_Filter_ParamsInit  drv_can.o
    0x08001220   0x08001220   0x00000040   Code   RO          160    i.CAN_MailboxReadyForTx  drv_can.o
    0x08001260   0x08001260   0x00000004   Code   RO         3723    i.CAN_ManualTx      can_protocol.o
    0x08001264   0x08001264   0x0000002e   Code   RO          161    i.CAN_PopWaitTxPort  drv_can.o
    0x08001292   0x08001292   0x0000001e   Code   RO          162    i.CAN_PushWaitTxPort  drv_can.o
    0x080012b0   0x080012b0   0x00000058   Code   RO          163    i.CAN_Rx_Callback   drv_can.o
    0x08001308   0x08001308   0x00000044   Code   RO          164    i.CAN_StartTxByDriver  drv_can.o
    0x0800134c   0x0800134c   0x00000064   Code   RO          165    i.CAN_StartTxByTxPort  drv_can.o
    0x080013b0   0x080013b0   0x0000000c   Code   RO          501    i.DAC_Init          drv_adda.o
    0x080013bc   0x080013bc   0x0000003c   Code   RO         2357    i.DEV_Init          device.o
    0x080013f8   0x080013f8   0x0000001c   Code   RO         2553    i.DIAL_GetAerialInfo  dial.o
    0x08001414   0x08001414   0x0000005c   Code   RO         2554    i.DIAL_NormoalShot  dial.o
    0x08001470   0x08001470   0x0000004c   Code   RO         2555    i.DIAL_RepeatingShot  dial.o
    0x080014bc   0x080014bc   0x0000006c   Code   RO         2557    i.DIAL_StuckHandle  dial.o
    0x08001528   0x08001528   0x0000005c   Code   RO         2558    i.DIAL_TripleShot   dial.o
    0x08001584   0x08001584   0x0000000c   Code   RO         4416    i.DMA1_Stream0_IRQHandler  stm32f4xx_it.o
    0x08001590   0x08001590   0x0000000c   Code   RO         4417    i.DMA1_Stream2_IRQHandler  stm32f4xx_it.o
    0x0800159c   0x0800159c   0x0000000c   Code   RO         4418    i.DMA1_Stream5_IRQHandler  stm32f4xx_it.o
    0x080015a8   0x080015a8   0x0000000c   Code   RO         4419    i.DMA2_Stream2_IRQHandler  stm32f4xx_it.o
    0x080015b4   0x080015b4   0x0000000c   Code   RO         4420    i.DMA2_Stream7_IRQHandler  stm32f4xx_it.o
    0x080015c0   0x080015c0   0x00000244   Code   RO          330    i.DMAEx_MultiBufferStart_NoIT  drv_uart.o
    0x08001804   0x08001804   0x00000028   Code   RO         5343    i.DMA_CalcBaseAndBitshift  stm32f4xx_hal_dma.o
    0x0800182c   0x0800182c   0x00000054   Code   RO         5344    i.DMA_CheckFifoParam  stm32f4xx_hal_dma.o
    0x08001880   0x08001880   0x00000028   Code   RO         5345    i.DMA_SetConfig     stm32f4xx_hal_dma.o
    0x080018a8   0x080018a8   0x00000062   Code   RO          331    i.DMA_Start         drv_uart.o
    0x0800190a   0x0800190a   0x00000036   Code   RO          583    i.DRIVER_Init       driver.o
    0x08001940   0x08001940   0x00000014   Code   RO          332    i.DRV_UART_IRQHandler  drv_uart.o
    0x08001954   0x08001954   0x00000002   Code   RO         4421    i.DebugMon_Handler  stm32f4xx_it.o
    0x08001956   0x08001956   0x00000002   PAD
    0x08001958   0x08001958   0x0000001c   Code   RO          460    i.ENCODER_Init      drv_tim.o
    0x08001974   0x08001974   0x00000002   Code   RO         3952    i.Error_Handler     main.o
    0x08001976   0x08001976   0x00000002   PAD
    0x08001978   0x08001978   0x00000018   Code   RO          461    i.FRICTION_PwmOut   drv_tim.o
    0x08001990   0x08001990   0x00000044   Code   RO         2559    i.Fric_SpeedCtrl    dial.o
    0x080019d4   0x080019d4   0x0000004a   Code   RO         2772    i.GIMBAL_Angle_PidCalc  gimbal.o
    0x08001a1e   0x08001a1e   0x00000002   PAD
    0x08001a20   0x08001a20   0x000000e8   Code   RO         2773    i.GIMBAL_AutoCtrl   gimbal.o
    0x08001b08   0x08001b08   0x0000003c   Code   RO         2774    i.GIMBAL_Ctrl       gimbal.o
    0x08001b44   0x08001b44   0x0000000e   Code   RO         2775    i.GIMBAL_GetInfo    gimbal.o
    0x08001b52   0x08001b52   0x00000002   PAD
    0x08001b54   0x08001b54   0x00000020   Code   RO         2777    i.GIMBAL_GetSysInfo  gimbal.o
    0x08001b74   0x08001b74   0x0000002c   Code   RO         2778    i.GIMBAL_Init       gimbal.o
    0x08001ba0   0x08001ba0   0x000000d4   Code   RO         2779    i.GIMBAL_InspectionCtrl  gimbal.o
    0x08001c74   0x08001c74   0x00000068   Code   RO         2782    i.GIMBAL_PidCtrl    gimbal.o
    0x08001cdc   0x08001cdc   0x00000040   Code   RO         2783    i.GIMBAL_PidParamsInit  gimbal.o
    0x08001d1c   0x08001d1c   0x000000d4   Code   RO         2784    i.GIMBAL_RcCtrl     gimbal.o
    0x08001df0   0x08001df0   0x00000304   Code   RO         2785    i.GIMBAL_Reset      gimbal.o
    0x080020f4   0x080020f4   0x00000058   Code   RO         2786    i.GIMBAL_SelfProtect  gimbal.o
    0x0800214c   0x0800214c   0x00000002   Code   RO         2787    i.GIMBAL_Test       gimbal.o
    0x0800214e   0x0800214e   0x00000002   PAD
    0x08002150   0x08002150   0x0000005c   Code   RO         2788    i.GIMBAL_UpdateController  gimbal.o
    0x080021ac   0x080021ac   0x0000000a   Code   RO         3786    i.GM6020_GetDataId  rm_protocol.o
    0x080021b6   0x080021b6   0x00000016   Code   RO         3787    i.GM6020_GetTxId    rm_protocol.o
    0x080021cc   0x080021cc   0x0000002c   Code   RO         3269    i.Get_CRC16_Check_Sum  crc.o
    0x080021f8   0x080021f8   0x00000020   Code   RO         3270    i.Get_CRC8_Check_Sum  crc.o
    0x08002218   0x08002218   0x00000070   Code   RO         3384    i.Gimbal_Real_YawRate  rp_math.o
    0x08002288   0x08002288   0x0000014c   Code   RO         4611    i.HAL_ADC_ConfigChannel  stm32f4xx_hal_adc.o
    0x080023d4   0x080023d4   0x00000054   Code   RO         4620    i.HAL_ADC_Init      stm32f4xx_hal_adc.o
    0x08002428   0x08002428   0x00000060   Code   RO         4098    i.HAL_ADC_MspInit   adc.o
    0x08002488   0x08002488   0x00000024   Code   RO         6017    i.HAL_CAN_ActivateNotification  stm32f4xx_hal_can.o
    0x080024ac   0x080024ac   0x000000c8   Code   RO         6018    i.HAL_CAN_AddTxMessage  stm32f4xx_hal_can.o
    0x08002574   0x08002574   0x0000010c   Code   RO         6019    i.HAL_CAN_ConfigFilter  stm32f4xx_hal_can.o
    0x08002680   0x08002680   0x00000002   Code   RO         6022    i.HAL_CAN_ErrorCallback  stm32f4xx_hal_can.o
    0x08002682   0x08002682   0x000000e8   Code   RO         6025    i.HAL_CAN_GetRxMessage  stm32f4xx_hal_can.o
    0x0800276a   0x0800276a   0x000001fc   Code   RO         6029    i.HAL_CAN_IRQHandler  stm32f4xx_hal_can.o
    0x08002966   0x08002966   0x0000011a   Code   RO         6030    i.HAL_CAN_Init      stm32f4xx_hal_can.o
    0x08002a80   0x08002a80   0x000000fc   Code   RO         4140    i.HAL_CAN_MspInit   can.o
    0x08002b7c   0x08002b7c   0x00000002   Code   RO         6037    i.HAL_CAN_RxFifo0FullCallback  stm32f4xx_hal_can.o
    0x08002b7e   0x08002b7e   0x00000002   PAD
    0x08002b80   0x08002b80   0x0000001c   Code   RO          166    i.HAL_CAN_RxFifo0MsgPendingCallback  drv_can.o
    0x08002b9c   0x08002b9c   0x00000002   Code   RO         6039    i.HAL_CAN_RxFifo1FullCallback  stm32f4xx_hal_can.o
    0x08002b9e   0x08002b9e   0x00000002   Code   RO         6040    i.HAL_CAN_RxFifo1MsgPendingCallback  stm32f4xx_hal_can.o
    0x08002ba0   0x08002ba0   0x00000002   Code   RO         6041    i.HAL_CAN_SleepCallback  stm32f4xx_hal_can.o
    0x08002ba2   0x08002ba2   0x00000002   PAD
    0x08002ba4   0x08002ba4   0x00000058   Code   RO         6042    i.HAL_CAN_Start     stm32f4xx_hal_can.o
    0x08002bfc   0x08002bfc   0x00000002   Code   RO         6044    i.HAL_CAN_TxMailbox0AbortCallback  stm32f4xx_hal_can.o
    0x08002bfe   0x08002bfe   0x00000002   Code   RO         6045    i.HAL_CAN_TxMailbox0CompleteCallback  stm32f4xx_hal_can.o
    0x08002c00   0x08002c00   0x00000002   Code   RO         6046    i.HAL_CAN_TxMailbox1AbortCallback  stm32f4xx_hal_can.o
    0x08002c02   0x08002c02   0x00000002   Code   RO         6047    i.HAL_CAN_TxMailbox1CompleteCallback  stm32f4xx_hal_can.o
    0x08002c04   0x08002c04   0x00000002   Code   RO         6048    i.HAL_CAN_TxMailbox2AbortCallback  stm32f4xx_hal_can.o
    0x08002c06   0x08002c06   0x00000002   Code   RO         6049    i.HAL_CAN_TxMailbox2CompleteCallback  stm32f4xx_hal_can.o
    0x08002c08   0x08002c08   0x00000002   Code   RO         6051    i.HAL_CAN_WakeUpFromRxMsgCallback  stm32f4xx_hal_can.o
    0x08002c0a   0x08002c0a   0x00000046   Code   RO         6253    i.HAL_DAC_ConfigChannel  stm32f4xx_hal_dac.o
    0x08002c50   0x08002c50   0x00000028   Code   RO         6263    i.HAL_DAC_Init      stm32f4xx_hal_dac.o
    0x08002c78   0x08002c78   0x00000060   Code   RO         4189    i.HAL_DAC_MspInit   dac.o
    0x08002cd8   0x08002cd8   0x0000005c   Code   RO         6267    i.HAL_DAC_Start     stm32f4xx_hal_dac.o
    0x08002d34   0x08002d34   0x00000092   Code   RO         5346    i.HAL_DMA_Abort     stm32f4xx_hal_dma.o
    0x08002dc6   0x08002dc6   0x00000024   Code   RO         5347    i.HAL_DMA_Abort_IT  stm32f4xx_hal_dma.o
    0x08002dea   0x08002dea   0x00000002   PAD
    0x08002dec   0x08002dec   0x000001a0   Code   RO         5351    i.HAL_DMA_IRQHandler  stm32f4xx_hal_dma.o
    0x08002f8c   0x08002f8c   0x000000d4   Code   RO         5352    i.HAL_DMA_Init      stm32f4xx_hal_dma.o
    0x08003060   0x08003060   0x0000006e   Code   RO         5356    i.HAL_DMA_Start_IT  stm32f4xx_hal_dma.o
    0x080030ce   0x080030ce   0x00000002   PAD
    0x080030d0   0x080030d0   0x000001f0   Code   RO         5239    i.HAL_GPIO_Init     stm32f4xx_hal_gpio.o
    0x080032c0   0x080032c0   0x00000010   Code   RO         5242    i.HAL_GPIO_TogglePin  stm32f4xx_hal_gpio.o
    0x080032d0   0x080032d0   0x0000000a   Code   RO         5243    i.HAL_GPIO_WritePin  stm32f4xx_hal_gpio.o
    0x080032da   0x080032da   0x00000002   PAD
    0x080032dc   0x080032dc   0x0000000c   Code   RO         5771    i.HAL_GetTick       stm32f4xx_hal.o
    0x080032e8   0x080032e8   0x0000005a   Code   RO         6490    i.HAL_IWDG_Init     stm32f4xx_hal_iwdg.o
    0x08003342   0x08003342   0x0000000c   Code   RO         6491    i.HAL_IWDG_Refresh  stm32f4xx_hal_iwdg.o
    0x0800334e   0x0800334e   0x00000002   PAD
    0x08003350   0x08003350   0x00000034   Code   RO          539    i.HAL_IncTick       drv_haltick.o
    0x08003384   0x08003384   0x00000034   Code   RO         5778    i.HAL_Init          stm32f4xx_hal.o
    0x080033b8   0x080033b8   0x00000074   Code   RO         4567    i.HAL_InitTick      stm32f4xx_hal_timebase_tim.o
    0x0800342c   0x0800342c   0x00000038   Code   RO         4543    i.HAL_MspInit       stm32f4xx_hal_msp.o
    0x08003464   0x08003464   0x0000001a   Code   RO         5628    i.HAL_NVIC_EnableIRQ  stm32f4xx_hal_cortex.o
    0x0800347e   0x0800347e   0x00000002   PAD
    0x08003480   0x08003480   0x00000040   Code   RO         5634    i.HAL_NVIC_SetPriority  stm32f4xx_hal_cortex.o
    0x080034c0   0x080034c0   0x00000024   Code   RO         5635    i.HAL_NVIC_SetPriorityGrouping  stm32f4xx_hal_cortex.o
    0x080034e4   0x080034e4   0x00000134   Code   RO         4885    i.HAL_RCC_ClockConfig  stm32f4xx_hal_rcc.o
    0x08003618   0x08003618   0x00000040   Code   RO         4889    i.HAL_RCC_GetClockConfig  stm32f4xx_hal_rcc.o
    0x08003658   0x08003658   0x00000020   Code   RO         4892    i.HAL_RCC_GetPCLK1Freq  stm32f4xx_hal_rcc.o
    0x08003678   0x08003678   0x00000020   Code   RO         4893    i.HAL_RCC_GetPCLK2Freq  stm32f4xx_hal_rcc.o
    0x08003698   0x08003698   0x00000064   Code   RO         4894    i.HAL_RCC_GetSysClockFreq  stm32f4xx_hal_rcc.o
    0x080036fc   0x080036fc   0x0000036c   Code   RO         4897    i.HAL_RCC_OscConfig  stm32f4xx_hal_rcc.o
    0x08003a68   0x08003a68   0x00000002   Code   RO         7226    i.HAL_TIMEx_BreakCallback  stm32f4xx_hal_tim_ex.o
    0x08003a6a   0x08003a6a   0x00000002   Code   RO         7227    i.HAL_TIMEx_CommutCallback  stm32f4xx_hal_tim_ex.o
    0x08003a6c   0x08003a6c   0x00000090   Code   RO         7245    i.HAL_TIMEx_MasterConfigSynchronization  stm32f4xx_hal_tim_ex.o
    0x08003afc   0x08003afc   0x0000005a   Code   RO         6522    i.HAL_TIM_Base_Init  stm32f4xx_hal_tim.o
    0x08003b56   0x08003b56   0x00000002   PAD
    0x08003b58   0x08003b58   0x00000028   Code   RO         4288    i.HAL_TIM_Base_MspInit  tim.o
    0x08003b80   0x08003b80   0x00000080   Code   RO         6527    i.HAL_TIM_Base_Start_IT  stm32f4xx_hal_tim.o
    0x08003c00   0x08003c00   0x000000dc   Code   RO         6531    i.HAL_TIM_ConfigClockSource  stm32f4xx_hal_tim.o
    0x08003cdc   0x08003cdc   0x000000a4   Code   RO         6543    i.HAL_TIM_Encoder_Init  stm32f4xx_hal_tim.o
    0x08003d80   0x08003d80   0x00000068   Code   RO         4290    i.HAL_TIM_Encoder_MspInit  tim.o
    0x08003de8   0x08003de8   0x0000008e   Code   RO         6546    i.HAL_TIM_Encoder_Start  stm32f4xx_hal_tim.o
    0x08003e76   0x08003e76   0x00000002   Code   RO         6556    i.HAL_TIM_IC_CaptureCallback  stm32f4xx_hal_tim.o
    0x08003e78   0x08003e78   0x00000166   Code   RO         6570    i.HAL_TIM_IRQHandler  stm32f4xx_hal_tim.o
    0x08003fde   0x08003fde   0x00000002   PAD
    0x08003fe0   0x08003fe0   0x00000050   Code   RO         4291    i.HAL_TIM_MspPostInit  tim.o
    0x08004030   0x08004030   0x00000002   Code   RO         6573    i.HAL_TIM_OC_DelayElapsedCallback  stm32f4xx_hal_tim.o
    0x08004032   0x08004032   0x000000cc   Code   RO         6594    i.HAL_TIM_PWM_ConfigChannel  stm32f4xx_hal_tim.o
    0x080040fe   0x080040fe   0x0000005a   Code   RO         6597    i.HAL_TIM_PWM_Init  stm32f4xx_hal_tim.o
    0x08004158   0x08004158   0x00000002   Code   RO         6599    i.HAL_TIM_PWM_MspInit  stm32f4xx_hal_tim.o
    0x0800415a   0x0800415a   0x00000002   Code   RO         6600    i.HAL_TIM_PWM_PulseFinishedCallback  stm32f4xx_hal_tim.o
    0x0800415c   0x0800415c   0x000000c8   Code   RO         6602    i.HAL_TIM_PWM_Start  stm32f4xx_hal_tim.o
    0x08004224   0x08004224   0x0000000e   Code   RO         3953    i.HAL_TIM_PeriodElapsedCallback  main.o
    0x08004232   0x08004232   0x00000002   Code   RO         6613    i.HAL_TIM_TriggerCallback  stm32f4xx_hal_tim.o
    0x08004234   0x08004234   0x00000002   Code   RO         7504    i.HAL_UARTEx_RxEventCallback  stm32f4xx_hal_uart.o
    0x08004236   0x08004236   0x00000002   Code   RO         7518    i.HAL_UART_ErrorCallback  stm32f4xx_hal_uart.o
    0x08004238   0x08004238   0x00000268   Code   RO         7521    i.HAL_UART_IRQHandler  stm32f4xx_hal_uart.o
    0x080044a0   0x080044a0   0x00000062   Code   RO         7522    i.HAL_UART_Init     stm32f4xx_hal_uart.o
    0x08004502   0x08004502   0x00000002   PAD
    0x08004504   0x08004504   0x00000328   Code   RO         4354    i.HAL_UART_MspInit  usart.o
    0x0800482c   0x0800482c   0x00000002   Code   RO         7528    i.HAL_UART_RxCpltCallback  stm32f4xx_hal_uart.o
    0x0800482e   0x0800482e   0x00000002   PAD
    0x08004830   0x08004830   0x0000008c   Code   RO         7531    i.HAL_UART_Transmit_DMA  stm32f4xx_hal_uart.o
    0x080048bc   0x080048bc   0x00000002   Code   RO         7533    i.HAL_UART_TxCpltCallback  stm32f4xx_hal_uart.o
    0x080048be   0x080048be   0x00000002   Code   RO         7534    i.HAL_UART_TxHalfCpltCallback  stm32f4xx_hal_uart.o
    0x080048c0   0x080048c0   0x00000002   Code   RO         4422    i.HardFault_Handler  stm32f4xx_it.o
    0x080048c2   0x080048c2   0x00000002   PAD
    0x080048c4   0x080048c4   0x00000040   Code   RO          629    i.IIC_Ack           soft_iic.o
    0x08004904   0x08004904   0x00000040   Code   RO          630    i.IIC_NAck          soft_iic.o
    0x08004944   0x08004944   0x00000068   Code   RO          631    i.IIC_Read_Byte     soft_iic.o
    0x080049ac   0x080049ac   0x00000060   Code   RO          632    i.IIC_Send_Byte     soft_iic.o
    0x08004a0c   0x08004a0c   0x00000040   Code   RO          633    i.IIC_Start         soft_iic.o
    0x08004a4c   0x08004a4c   0x00000044   Code   RO          634    i.IIC_Stop          soft_iic.o
    0x08004a90   0x08004a90   0x00000054   Code   RO          635    i.IIC_Wait_Ack      soft_iic.o
    0x08004ae4   0x08004ae4   0x00000030   Code   RO         3328    i.KalmanCreate      kalman.o
    0x08004b14   0x08004b14   0x0000005a   Code   RO         3329    i.KalmanFilter      kalman.o
    0x08004b6e   0x08004b6e   0x00000002   PAD
    0x08004b70   0x08004b70   0x0000009c   Code   RO         3330    i.Kalman_Init       kalman.o
    0x08004c0c   0x08004c0c   0x0000004c   Code   RO         1895    i.MPU_Read_Byte     bmi2_common.o
    0x08004c58   0x08004c58   0x00000060   Code   RO         1896    i.MPU_Read_all      bmi2_common.o
    0x08004cb8   0x08004cb8   0x00000064   Code   RO         4099    i.MX_ADC1_Init      adc.o
    0x08004d1c   0x08004d1c   0x00000048   Code   RO         4141    i.MX_CAN1_Init      can.o
    0x08004d64   0x08004d64   0x00000048   Code   RO         4142    i.MX_CAN2_Init      can.o
    0x08004dac   0x08004dac   0x0000003c   Code   RO         4190    i.MX_DAC_Init       dac.o
    0x08004de8   0x08004de8   0x0000007c   Code   RO         4230    i.MX_DMA_Init       dma.o
    0x08004e64   0x08004e64   0x000000ac   Code   RO         4047    i.MX_FREERTOS_Init  freertos.o
    0x08004f10   0x08004f10   0x00000140   Code   RO         4020    i.MX_GPIO_Init      gpio.o
    0x08005050   0x08005050   0x0000002c   Code   RO         4257    i.MX_IWDG_Init      iwdg.o
    0x0800507c   0x0800507c   0x0000006c   Code   RO         4292    i.MX_TIM1_Init      tim.o
    0x080050e8   0x080050e8   0x000000a8   Code   RO         4293    i.MX_TIM3_Init      tim.o
    0x08005190   0x08005190   0x00000038   Code   RO         4355    i.MX_UART4_Init     usart.o
    0x080051c8   0x080051c8   0x00000038   Code   RO         4356    i.MX_UART5_Init     usart.o
    0x08005200   0x08005200   0x00000038   Code   RO         4357    i.MX_USART1_UART_Init  usart.o
    0x08005238   0x08005238   0x0000003c   Code   RO         4358    i.MX_USART2_UART_Init  usart.o
    0x08005274   0x08005274   0x00000002   Code   RO         4423    i.MemManage_Handler  stm32f4xx_it.o
    0x08005276   0x08005276   0x00000002   PAD
    0x08005278   0x08005278   0x00000024   Code   RO         3577    i.MovingFilter_Init  moving_filter.o
    0x0800529c   0x0800529c   0x00000018   Code   RO         3579    i.Moving_Filter_Init  moving_filter.o
    0x080052b4   0x080052b4   0x00000002   Code   RO         4424    i.NMI_Handler       stm32f4xx_it.o
    0x080052b6   0x080052b6   0x00000002   PAD
    0x080052b8   0x080052b8   0x00000024   Code   RO          462    i.PWM_Init          drv_tim.o
    0x080052dc   0x080052dc   0x00000060   Code   RO         2789    i.Pitch_Auto        gimbal.o
    0x0800533c   0x0800533c   0x00000028   Code   RO         3142    i.QueueInit         vision_task.o
    0x08005364   0x08005364   0x00000038   Code   RO         3143    i.QueueUpdate       vision_task.o
    0x0800539c   0x0800539c   0x00000020   Code   RO         3385    i.Queue_Clear       rp_math.o
    0x080053bc   0x080053bc   0x00000028   Code   RO         3387    i.Queue_Init        rp_math.o
    0x080053e4   0x080053e4   0x00000090   Code   RO         3388    i.Queue_Update      rp_math.o
    0x08005474   0x08005474   0x0000003a   Code   RO         2077    i.RC_ResetData      rc_sensor.o
    0x080054ae   0x080054ae   0x0000000a   Code   RO         3788    i.RM2006_GetDataId  rm_protocol.o
    0x080054b8   0x080054b8   0x00000016   Code   RO         3789    i.RM2006_GetTxId    rm_protocol.o
    0x080054ce   0x080054ce   0x0000000a   Code   RO         3790    i.RM3508_GetDataId  rm_protocol.o
    0x080054d8   0x080054d8   0x00000016   Code   RO         3791    i.RM3508_GetTxId    rm_protocol.o
    0x080054ee   0x080054ee   0x00000002   PAD
    0x080054f0   0x080054f0   0x000000b0   Code   RO         2560    i.RateLimit_Process  dial.o
    0x080055a0   0x080055a0   0x00000064   Code   RO         2561    i.SHOOTER_HeatLimit  dial.o
    0x08005604   0x08005604   0x0000003e   Code   RO         2562    i.SHOOT_Angle_PidCalc  dial.o
    0x08005642   0x08005642   0x00000002   PAD
    0x08005644   0x08005644   0x00000028   Code   RO         2563    i.SHOOT_AutoCtrl    dial.o
    0x0800566c   0x0800566c   0x0000004c   Code   RO         2564    i.SHOOT_Ctrl        dial.o
    0x080056b8   0x080056b8   0x00000012   Code   RO         2565    i.SHOOT_GetInfo     dial.o
    0x080056ca   0x080056ca   0x00000002   PAD
    0x080056cc   0x080056cc   0x0000001c   Code   RO         2566    i.SHOOT_GetSysInfo  dial.o
    0x080056e8   0x080056e8   0x00000054   Code   RO         2567    i.SHOOT_Init        dial.o
    0x0800573c   0x0800573c   0x00000028   Code   RO         2568    i.SHOOT_InspectionCtrl  dial.o
    0x08005764   0x08005764   0x00000030   Code   RO         2570    i.SHOOT_ModeSelect  dial.o
    0x08005794   0x08005794   0x00000090   Code   RO         2571    i.SHOOT_PidCtrl     dial.o
    0x08005824   0x08005824   0x00000040   Code   RO         2572    i.SHOOT_PidParamsInit  dial.o
    0x08005864   0x08005864   0x00000028   Code   RO         2573    i.SHOOT_RcCtrl      dial.o
    0x0800588c   0x0800588c   0x00000058   Code   RO         2574    i.SHOOT_SelfProtect  dial.o
    0x080058e4   0x080058e4   0x0000002a   Code   RO         2575    i.SHOOT_Speed_PidCalc  dial.o
    0x0800590e   0x0800590e   0x00000002   Code   RO         2576    i.SHOOT_Test        dial.o
    0x08005910   0x08005910   0x00000054   Code   RO         2577    i.SHOOT_UpdateController  dial.o
    0x08005964   0x08005964   0x000000dc   Code   RO         3144    i.Sent_to_Vision_Version2_1  vision_task.o
    0x08005a40   0x08005a40   0x00000054   Code   RO          698    i.Set_accel         bmi.o
    0x08005a94   0x08005a94   0x00000058   Code   RO          699    i.Set_gyro          bmi.o
    0x08005aec   0x08005aec   0x00000118   Code   RO         2578    i.Shoot_Strategy    dial.o
    0x08005c04   0x08005c04   0x00000068   Code   RO         3026    i.StartControlTask  control_task.o
    0x08005c6c   0x08005c6c   0x00000040   Code   RO         3115    i.StartFireTask     fire_task.o
    0x08005cac   0x08005cac   0x0000003c   Code   RO         3084    i.StartGimbalTask   gimbal_task.o
    0x08005ce8   0x08005ce8   0x00000090   Code   RO         2974    i.StartMonitorTask  monitor_task.o
    0x08005d78   0x08005d78   0x0000003c   Code   RO         3054    i.StartSendTask     send_task.o
    0x08005db4   0x08005db4   0x00000080   Code   RO         2916    i.StartSystemTask   system_task.o
    0x08005e34   0x08005e34   0x00000028   Code   RO         3145    i.StartVisionTask   vision_task.o
    0x08005e5c   0x08005e5c   0x00000068   Code   RO         2579    i.StuckCheck        dial.o
    0x08005ec4   0x08005ec4   0x0000002c   Code   RO         9387    i.SysTick_Handler   port.o
    0x08005ef0   0x08005ef0   0x0000008c   Code   RO         3954    i.SystemClock_Config  main.o
    0x08005f7c   0x08005f7c   0x0000001c   Code   RO         8135    i.SystemInit        system_stm32f4xx.o
    0x08005f98   0x08005f98   0x0000000c   Code   RO         4425    i.TIM2_IRQHandler   stm32f4xx_it.o
    0x08005fa4   0x08005fa4   0x000000c8   Code   RO         6615    i.TIM_Base_SetConfig  stm32f4xx_hal_tim.o
    0x0800606c   0x0800606c   0x0000001a   Code   RO         6616    i.TIM_CCxChannelCmd  stm32f4xx_hal_tim.o
    0x08006086   0x08006086   0x00000014   Code   RO         6626    i.TIM_ETR_SetConfig  stm32f4xx_hal_tim.o
    0x0800609a   0x0800609a   0x00000010   Code   RO         6627    i.TIM_ITRx_SetConfig  stm32f4xx_hal_tim.o
    0x080060aa   0x080060aa   0x00000002   PAD
    0x080060ac   0x080060ac   0x00000060   Code   RO         6628    i.TIM_OC1_SetConfig  stm32f4xx_hal_tim.o
    0x0800610c   0x0800610c   0x0000006c   Code   RO         6629    i.TIM_OC2_SetConfig  stm32f4xx_hal_tim.o
    0x08006178   0x08006178   0x00000068   Code   RO         6630    i.TIM_OC3_SetConfig  stm32f4xx_hal_tim.o
    0x080061e0   0x080061e0   0x00000050   Code   RO         6631    i.TIM_OC4_SetConfig  stm32f4xx_hal_tim.o
    0x08006230   0x08006230   0x00000022   Code   RO         6633    i.TIM_TI1_ConfigInputStage  stm32f4xx_hal_tim.o
    0x08006252   0x08006252   0x00000024   Code   RO         6635    i.TIM_TI2_ConfigInputStage  stm32f4xx_hal_tim.o
    0x08006276   0x08006276   0x00000002   PAD
    0x08006278   0x08006278   0x00000010   Code   RO          333    i.UART1_SendData    drv_uart.o
    0x08006288   0x08006288   0x00000018   Code   RO         4426    i.UART4_IRQHandler  stm32f4xx_it.o
    0x080062a0   0x080062a0   0x00000018   Code   RO         4427    i.UART5_IRQHandler  stm32f4xx_it.o
    0x080062b8   0x080062b8   0x00000010   Code   RO         7535    i.UART_DMAAbortOnError  stm32f4xx_hal_uart.o
    0x080062c8   0x080062c8   0x0000004a   Code   RO         7536    i.UART_DMAError     stm32f4xx_hal_uart.o
    0x08006312   0x08006312   0x00000042   Code   RO         7541    i.UART_DMATransmitCplt  stm32f4xx_hal_uart.o
    0x08006354   0x08006354   0x0000000a   Code   RO         7543    i.UART_DMATxHalfCplt  stm32f4xx_hal_uart.o
    0x0800635e   0x0800635e   0x0000004e   Code   RO         7545    i.UART_EndRxTransfer  stm32f4xx_hal_uart.o
    0x080063ac   0x080063ac   0x0000001c   Code   RO         7546    i.UART_EndTxTransfer  stm32f4xx_hal_uart.o
    0x080063c8   0x080063c8   0x000000c0   Code   RO         7547    i.UART_Receive_IT   stm32f4xx_hal_uart.o
    0x08006488   0x08006488   0x0000010c   Code   RO         7548    i.UART_SetConfig    stm32f4xx_hal_uart.o
    0x08006594   0x08006594   0x00000018   Code   RO         4428    i.USART1_IRQHandler  stm32f4xx_it.o
    0x080065ac   0x080065ac   0x00000038   Code   RO          336    i.USART1_Init       drv_uart.o
    0x080065e4   0x080065e4   0x0000001c   Code   RO         3909    i.USART1_rxDataHandler  vision_protocol.o
    0x08006600   0x08006600   0x00000018   Code   RO         4429    i.USART2_IRQHandler  stm32f4xx_it.o
    0x08006618   0x08006618   0x0000003c   Code   RO          338    i.USART2_Init       drv_uart.o
    0x08006654   0x08006654   0x0000001c   Code   RO         3633    i.USART2_rxDataHandler  rc_protocol.o
    0x08006670   0x08006670   0x00000038   Code   RO          340    i.USART4_Init       drv_uart.o
    0x080066a8   0x080066a8   0x00000002   Code   RO          341    i.USART4_rxDataHandler  drv_uart.o
    0x080066aa   0x080066aa   0x00000002   PAD
    0x080066ac   0x080066ac   0x00000038   Code   RO          342    i.USART5_Init       drv_uart.o
    0x080066e4   0x080066e4   0x00000002   Code   RO          343    i.USART5_rxDataHandler  drv_uart.o
    0x080066e6   0x080066e6   0x00000002   Code   RO         4430    i.UsageFault_Handler  stm32f4xx_it.o
    0x080066e8   0x080066e8   0x0000003c   Code   RO         3271    i.Verify_CRC16_Check_Sum  crc.o
    0x08006724   0x08006724   0x0000002a   Code   RO         3272    i.Verify_CRC8_Check_Sum  crc.o
    0x0800674e   0x0800674e   0x00000002   PAD
    0x08006750   0x08006750   0x00000040   Code   RO         3147    i.Vision_Init       vision_task.o
    0x08006790   0x08006790   0x000000d8   Code   RO         3148    i.Vision_Normal     vision_task.o
    0x08006868   0x08006868   0x0000003c   Code   RO         3149    i.Vision_Reset      vision_task.o
    0x080068a4   0x080068a4   0x0000005c   Code   RO         2790    i.Yaw_Auto          gimbal.o
    0x08006900   0x08006900   0x000000c0   Code   RO         3150    i.ZeroCrossing_Handle  vision_task.o
    0x080069c0   0x080069c0   0x00000030   Code   RO         9717    i.__ARM_fpclassify  m_wm.l(fpclassify.o)
    0x080069f0   0x080069f0   0x00000020   Code   RO         5641    i.__NVIC_SetPriority  stm32f4xx_hal_cortex.o
    0x08006a10   0x08006a10   0x00000024   Code   RO         2917    i.__NVIC_SystemReset  system_task.o
    0x08006a34   0x08006a34   0x00000004   PAD
    0x08006a38   0x08006a38   0x00000360   Code   RO         9559    i.__hardfp_asin     m_wm.l(asin.o)
    0x08006d98   0x08006d98   0x000002d8   Code   RO         9683    i.__hardfp_atan     m_wm.l(atan.o)
    0x08007070   0x08007070   0x000001f0   Code   RO         9573    i.__hardfp_atan2    m_wm.l(atan2.o)
    0x08007260   0x08007260   0x000000f8   Code   RO         9719    i.__kernel_poly     m_wm.l(poly.o)
    0x08007358   0x08007358   0x00000014   Code   RO         9698    i.__mathlib_dbl_infnan  m_wm.l(dunder.o)
    0x0800736c   0x0800736c   0x00000014   Code   RO         9699    i.__mathlib_dbl_infnan2  m_wm.l(dunder.o)
    0x08007380   0x08007380   0x00000020   Code   RO         9700    i.__mathlib_dbl_invalid  m_wm.l(dunder.o)
    0x080073a0   0x080073a0   0x00000020   Code   RO         9703    i.__mathlib_dbl_underflow  m_wm.l(dunder.o)
    0x080073c0   0x080073c0   0x00000078   Code   RO         8000    i.arm_cos_f32       arm_cos_f32.o
    0x08007438   0x08007438   0x0000008c   Code   RO         8028    i.arm_sin_f32       arm_sin_f32.o
    0x080074c4   0x080074c4   0x00000010   Code   RO         9685    i.atan              m_wm.l(atan.o)
    0x080074d4   0x080074d4   0x00000078   Code   RO         2047    i.bmi270_init       bmi270.o
    0x0800754c   0x0800754c   0x00000002   Code   RO         1898    i.bmi2_error_codes_print_result  bmi2_common.o
    0x0800754e   0x0800754e   0x00000036   Code   RO          802    i.bmi2_extract_input_feat_config  bmi2.o
    0x08007584   0x08007584   0x000000a0   Code   RO          807    i.bmi2_get_feat_config  bmi2.o
    0x08007624   0x08007624   0x0000003c   Code   RO          814    i.bmi2_get_gyro_cross_sense  bmi2.o
    0x08007660   0x08007660   0x00000030   Code   RO          817    i.bmi2_get_internal_status  bmi2.o
    0x08007690   0x08007690   0x00000092   Code   RO          818    i.bmi2_get_regs     bmi2.o
    0x08007722   0x08007722   0x00000002   PAD
    0x08007724   0x08007724   0x0000023a   Code   RO          820    i.bmi2_get_sensor_config  bmi2.o
    0x0800795e   0x0800795e   0x000002de   Code   RO          821    i.bmi2_get_sensor_data  bmi2.o
    0x08007c3c   0x08007c3c   0x00000026   Code   RO          822    i.bmi2_get_status   bmi2.o
    0x08007c62   0x08007c62   0x00000002   PAD
    0x08007c64   0x08007c64   0x00000040   Code   RO         1899    i.bmi2_interface_selection  bmi2_common.o
    0x08007ca4   0x08007ca4   0x00000076   Code   RO          823    i.bmi2_map_data_int  bmi2.o
    0x08007d1a   0x08007d1a   0x00000002   PAD
    0x08007d1c   0x08007d1c   0x00000064   Code   RO          833    i.bmi2_sec_init     bmi2.o
    0x08007d80   0x08007d80   0x00000038   Code   RO          835    i.bmi2_sensor_enable  bmi2.o
    0x08007db8   0x08007db8   0x00000062   Code   RO          837    i.bmi2_set_adv_power_save  bmi2.o
    0x08007e1a   0x08007e1a   0x00000002   PAD
    0x08007e1c   0x08007e1c   0x0000009c   Code   RO          847    i.bmi2_set_regs     bmi2.o
    0x08007eb8   0x08007eb8   0x000001e6   Code   RO          849    i.bmi2_set_sensor_config  bmi2.o
    0x0800809e   0x0800809e   0x00000060   Code   RO          850    i.bmi2_soft_reset   bmi2.o
    0x080080fe   0x080080fe   0x00000056   Code   RO          854    i.bmi2_write_config_file  bmi2.o
    0x08008154   0x08008154   0x0000003e   Code   RO          857    i.cfg_error_status  bmi2.o
    0x08008192   0x08008192   0x00000030   Code   RO          858    i.check_boundary_val  bmi2.o
    0x080081c2   0x080081c2   0x0000001a   Code   RO          860    i.comp_gyro_cross_axis_sensitivity  bmi2.o
    0x080081dc   0x080081dc   0x000000dc   Code   RO          861    i.config_aux_interface  bmi2.o
    0x080082b8   0x080082b8   0x00000018   Code   RO          541    i.delay_us          drv_haltick.o
    0x080082d0   0x080082d0   0x00000068   Code   RO         2975    i.device_heart_beat  monitor_task.o
    0x08008338   0x08008338   0x00000024   Code   RO         2402    i.dial_motor_update  motor.o
    0x0800835c   0x0800835c   0x00000018   Code   RO          344    i.dma_m0_rxcplt_callback  drv_uart.o
    0x08008374   0x08008374   0x00000018   Code   RO          345    i.dma_m1_rxcplt_callback  drv_uart.o
    0x0800838c   0x0800838c   0x00000058   Code   RO         2976    i.event_notify      monitor_task.o
    0x080083e4   0x080083e4   0x00000036   Code   RO          868    i.extract_output_feat_config  bmi2.o
    0x0800841a   0x0800841a   0x00000018   Code   RO         9713    i.fabs              m_wm.l(fabs.o)
    0x08008432   0x08008432   0x0000002c   Code   RO         2403    i.fric_motor_update  motor.o
    0x0800845e   0x0800845e   0x00000020   Code   RO          869    i.get_acc_gyr_data  bmi2.o
    0x0800847e   0x0800847e   0x0000004e   Code   RO          870    i.get_accel_config  bmi2.o
    0x080084cc   0x080084cc   0x00000068   Code   RO          871    i.get_accel_self_test_status  bmi2.o
    0x08008534   0x08008534   0x0000008a   Code   RO          872    i.get_any_motion_config  bmi2.o
    0x080085be   0x080085be   0x000000aa   Code   RO          873    i.get_aux_config    bmi2.o
    0x08008668   0x08008668   0x00000058   Code   RO          875    i.get_ext_sens_sync_config  bmi2.o
    0x080086c0   0x080086c0   0x00000086   Code   RO          876    i.get_flat_config   bmi2.o
    0x08008746   0x08008746   0x00000082   Code   RO          877    i.get_free_fall_det_config  bmi2.o
    0x080087c8   0x080087c8   0x00000058   Code   RO          878    i.get_glance_detect_config  bmi2.o
    0x08008820   0x08008820   0x0000005e   Code   RO          879    i.get_gyro_config   bmi2.o
    0x0800887e   0x0800887e   0x00000072   Code   RO          880    i.get_gyro_cross_sense  bmi2.o
    0x080088f0   0x080088f0   0x0000008a   Code   RO          881    i.get_gyro_gain_update_config  bmi2.o
    0x0800897a   0x0800897a   0x00000068   Code   RO          882    i.get_gyro_gain_update_status  bmi2.o
    0x080089e2   0x080089e2   0x000000a4   Code   RO          883    i.get_high_g_config  bmi2.o
    0x08008a86   0x08008a86   0x00000092   Code   RO          884    i.get_low_g_config  bmi2.o
    0x08008b18   0x08008b18   0x0000008a   Code   RO          886    i.get_no_motion_config  bmi2.o
    0x08008ba2   0x08008ba2   0x00000076   Code   RO          887    i.get_nvm_error_status  bmi2.o
    0x08008c18   0x08008c18   0x000000b4   Code   RO          888    i.get_ois_output    bmi2.o
    0x08008ccc   0x08008ccc   0x0000008c   Code   RO          889    i.get_orient_config  bmi2.o
    0x08008d58   0x08008d58   0x00000056   Code   RO          892    i.get_remapped_data  bmi2.o
    0x08008dae   0x08008dae   0x000000be   Code   RO          893    i.get_sig_motion_config  bmi2.o
    0x08008e6c   0x08008e6c   0x0000008a   Code   RO          895    i.get_step_config   bmi2.o
    0x08008ef6   0x08008ef6   0x000000aa   Code   RO          896    i.get_step_count_params_config  bmi2.o
    0x08008fa0   0x08008fa0   0x0000006e   Code   RO          897    i.get_step_counter_output  bmi2.o
    0x0800900e   0x0800900e   0x00000058   Code   RO          898    i.get_tilt_config   bmi2.o
    0x08009066   0x08009066   0x00000058   Code   RO          899    i.get_up_hold_to_wake_config  bmi2.o
    0x080090be   0x080090be   0x0000007c   Code   RO          901    i.get_wake_up_config  bmi2.o
    0x0800913a   0x0800913a   0x00000076   Code   RO          902    i.get_wrist_gest_config  bmi2.o
    0x080091b0   0x080091b0   0x0000008a   Code   RO          903    i.get_wrist_gest_w_config  bmi2.o
    0x0800923a   0x0800923a   0x0000008e   Code   RO          904    i.get_wrist_wear_wake_up_config  bmi2.o
    0x080092c8   0x080092c8   0x0000009c   Code   RO          905    i.get_wrist_wear_wake_up_wh_config  bmi2.o
    0x08009364   0x08009364   0x0000002c   Code   RO         2404    i.gimbal_motor_update  motor.o
    0x08009390   0x08009390   0x00000044   Code   RO         2318    i.imu_sensor_check  imu_sensor.o
    0x080093d4   0x080093d4   0x00000006   Code   RO         2319    i.imu_sensor_heart_beat  imu_sensor.o
    0x080093da   0x080093da   0x00000002   PAD
    0x080093dc   0x080093dc   0x0000004c   Code   RO         3676    i.imu_sensor_init   imu_protocol.o
    0x08009428   0x08009428   0x0000005c   Code   RO         3677    i.imu_sensor_update  imu_protocol.o
    0x08009484   0x08009484   0x0000002c   Code   RO          700    i.inVSqrt           bmi.o
    0x080094b0   0x080094b0   0x00000026   Code   RO          701    i.lsb_to_dps        bmi.o
    0x080094d6   0x080094d6   0x00000002   PAD
    0x080094d8   0x080094d8   0x00000034   Code   RO          702    i.lsb_to_mps2       bmi.o
    0x0800950c   0x0800950c   0x0000004e   Code   RO         3955    i.main              main.o
    0x0800955a   0x0800955a   0x0000000c   Code   RO         8952    i.makeFreeRtosPriority  cmsis_os.o
    0x08009566   0x08009566   0x0000001c   Code   RO         2405    i.master_check      motor.o
    0x08009582   0x08009582   0x00000024   Code   RO         2406    i.master_heart_beat  motor.o
    0x080095a6   0x080095a6   0x00000018   Code   RO         2407    i.master_init       motor.o
    0x080095be   0x080095be   0x00000010   Code   RO         2408    i.master_update     motor.o
    0x080095ce   0x080095ce   0x00000002   PAD
    0x080095d0   0x080095d0   0x00000028   Code   RO          542    i.micros            drv_haltick.o
    0x080095f8   0x080095f8   0x00000048   Code   RO         2409    i.motor_check       motor.o
    0x08009640   0x08009640   0x00000022   Code   RO         2410    i.motor_heart_beat  motor.o
    0x08009662   0x08009662   0x00000060   Code   RO         2411    i.motor_init        motor.o
    0x080096c2   0x080096c2   0x00000018   Code   RO          907    i.null_ptr_check    bmi2.o
    0x080096da   0x080096da   0x0000000e   Code   RO         8954    i.osDelay           cmsis_os.o
    0x080096e8   0x080096e8   0x0000000a   Code   RO         8957    i.osKernelStart     cmsis_os.o
    0x080096f2   0x080096f2   0x00000054   Code   RO         8991    i.osThreadCreate    cmsis_os.o
    0x08009746   0x08009746   0x00000002   PAD
    0x08009748   0x08009748   0x00000028   Code   RO         3229    i.pid_val_init      pid.o
    0x08009770   0x08009770   0x00000070   Code   RO         8634    i.prvAddCurrentTaskToDelayedList  tasks.o
    0x080097e0   0x080097e0   0x000000d0   Code   RO         8635    i.prvAddNewTaskToReadyList  tasks.o
    0x080098b0   0x080098b0   0x00000034   Code   RO         8636    i.prvDeleteTCB      tasks.o
    0x080098e4   0x080098e4   0x0000004c   Code   RO         9319    i.prvHeapInit       heap_4.o
    0x08009930   0x08009930   0x00000060   Code   RO         8637    i.prvIdleTask       tasks.o
    0x08009990   0x08009990   0x00000098   Code   RO         8638    i.prvInitialiseNewTask  tasks.o
    0x08009a28   0x08009a28   0x0000004c   Code   RO         9320    i.prvInsertBlockIntoFreeList  heap_4.o
    0x08009a74   0x08009a74   0x00000020   Code   RO         8639    i.prvResetNextTaskUnblockTime  tasks.o
    0x08009a94   0x08009a94   0x00000028   Code   RO         9388    i.prvTaskExitError  port.o
    0x08009abc   0x08009abc   0x000000dc   Code   RO         9321    i.pvPortMalloc      heap_4.o
    0x08009b98   0x08009b98   0x0000002c   Code   RO         9389    i.pxPortInitialiseStack  port.o
    0x08009bc4   0x08009bc4   0x00000002   Code   RO         2412    i.rc_master_check   motor.o
    0x08009bc6   0x08009bc6   0x00000024   Code   RO         2413    i.rc_master_heart_beat  motor.o
    0x08009bea   0x08009bea   0x00000018   Code   RO         2414    i.rc_master_init    motor.o
    0x08009c02   0x08009c02   0x0000000c   Code   RO         2415    i.rc_master_update  motor.o
    0x08009c0e   0x08009c0e   0x00000006   Code   RO         2078    i.rc_sensor_check   rc_sensor.o
    0x08009c14   0x08009c14   0x00000024   Code   RO         2079    i.rc_sensor_heart_beat  rc_sensor.o
    0x08009c38   0x08009c38   0x00000016   Code   RO         3634    i.rc_sensor_init    rc_protocol.o
    0x08009c4e   0x08009c4e   0x00000088   Code   RO         3635    i.rc_sensor_update  rc_protocol.o
    0x08009cd6   0x08009cd6   0x0000014e   Code   RO          921    i.select_sensor     bmi2.o
    0x08009e24   0x08009e24   0x000003c4   Code   RO          924    i.sensor_enable     bmi2.o
    0x0800a1e8   0x0800a1e8   0x00000098   Code   RO          925    i.set_accel_config  bmi2.o
    0x0800a280   0x0800a280   0x00000056   Code   RO          927    i.set_act_recog     bmi2.o
    0x0800a2d6   0x0800a2d6   0x0000005a   Code   RO          928    i.set_any_motion    bmi2.o
    0x0800a330   0x0800a330   0x000000c6   Code   RO          929    i.set_any_motion_config  bmi2.o
    0x0800a3f6   0x0800a3f6   0x00000090   Code   RO          930    i.set_aux_config    bmi2.o
    0x0800a486   0x0800a486   0x00000036   Code   RO          931    i.set_config_load   bmi2.o
    0x0800a4bc   0x0800a4bc   0x00000056   Code   RO          932    i.set_double_tap    bmi2.o
    0x0800a512   0x0800a512   0x00000056   Code   RO          933    i.set_ext_sens_sync  bmi2.o
    0x0800a568   0x0800a568   0x0000008e   Code   RO          934    i.set_ext_sens_sync_config  bmi2.o
    0x0800a5f6   0x0800a5f6   0x00000002   PAD
    0x0800a5f8   0x0800a5f8   0x00000068   Code   RO          935    i.set_feat_accel_self_test  bmi2.o
    0x0800a660   0x0800a660   0x00000056   Code   RO          936    i.set_flat          bmi2.o
    0x0800a6b6   0x0800a6b6   0x000000bc   Code   RO          937    i.set_flat_config   bmi2.o
    0x0800a772   0x0800a772   0x00000056   Code   RO          938    i.set_free_fall_det  bmi2.o
    0x0800a7c8   0x0800a7c8   0x000000a8   Code   RO          939    i.set_free_fall_det_config  bmi2.o
    0x0800a870   0x0800a870   0x0000008e   Code   RO          940    i.set_glance_detect_config  bmi2.o
    0x0800a8fe   0x0800a8fe   0x00000056   Code   RO          941    i.set_glance_detector  bmi2.o
    0x0800a954   0x0800a954   0x000000ac   Code   RO          942    i.set_gyro_config   bmi2.o
    0x0800aa00   0x0800aa00   0x00000056   Code   RO          943    i.set_gyro_self_offset_corr  bmi2.o
    0x0800aa56   0x0800aa56   0x0000005a   Code   RO          944    i.set_gyro_user_gain  bmi2.o
    0x0800aab0   0x0800aab0   0x000000a2   Code   RO          945    i.set_gyro_user_gain_config  bmi2.o
    0x0800ab52   0x0800ab52   0x0000005a   Code   RO          946    i.set_high_g        bmi2.o
    0x0800abac   0x0800abac   0x000000da   Code   RO          947    i.set_high_g_config  bmi2.o
    0x0800ac86   0x0800ac86   0x0000005a   Code   RO          949    i.set_low_g         bmi2.o
    0x0800ace0   0x0800ace0   0x000000ba   Code   RO          950    i.set_low_g_config  bmi2.o
    0x0800ad9a   0x0800ad9a   0x0000005a   Code   RO          952    i.set_no_motion     bmi2.o
    0x0800adf4   0x0800adf4   0x000000c6   Code   RO          953    i.set_no_motion_config  bmi2.o
    0x0800aeba   0x0800aeba   0x000000c6   Code   RO          955    i.set_orient_config  bmi2.o
    0x0800af80   0x0800af80   0x00000056   Code   RO          956    i.set_orientation   bmi2.o
    0x0800afd6   0x0800afd6   0x0000009e   Code   RO          957    i.set_primary_ois_config  bmi2.o
    0x0800b074   0x0800b074   0x0000005a   Code   RO          959    i.set_sig_motion    bmi2.o
    0x0800b0ce   0x0800b0ce   0x000000be   Code   RO          960    i.set_sig_motion_config  bmi2.o
    0x0800b18c   0x0800b18c   0x00000056   Code   RO          961    i.set_single_tap    bmi2.o
    0x0800b1e2   0x0800b1e2   0x0000005a   Code   RO          962    i.set_step_activity  bmi2.o
    0x0800b23c   0x0800b23c   0x000000c0   Code   RO          963    i.set_step_config   bmi2.o
    0x0800b2fc   0x0800b2fc   0x000000d4   Code   RO          964    i.set_step_count_params_config  bmi2.o
    0x0800b3d0   0x0800b3d0   0x0000005a   Code   RO          965    i.set_step_counter  bmi2.o
    0x0800b42a   0x0800b42a   0x0000005a   Code   RO          966    i.set_step_detector  bmi2.o
    0x0800b484   0x0800b484   0x00000056   Code   RO          967    i.set_tilt          bmi2.o
    0x0800b4da   0x0800b4da   0x0000008e   Code   RO          968    i.set_tilt_config   bmi2.o
    0x0800b568   0x0800b568   0x00000056   Code   RO          969    i.set_triple_tap    bmi2.o
    0x0800b5be   0x0800b5be   0x00000056   Code   RO          970    i.set_up_hold_to_wake  bmi2.o
    0x0800b614   0x0800b614   0x0000008e   Code   RO          971    i.set_up_hold_to_wake_config  bmi2.o
    0x0800b6a2   0x0800b6a2   0x00000056   Code   RO          972    i.set_wake_up       bmi2.o
    0x0800b6f8   0x0800b6f8   0x000000bc   Code   RO          973    i.set_wake_up_config  bmi2.o
    0x0800b7b4   0x0800b7b4   0x000000b6   Code   RO          974    i.set_wrist_gest_config  bmi2.o
    0x0800b86a   0x0800b86a   0x000000c8   Code   RO          975    i.set_wrist_gest_w_config  bmi2.o
    0x0800b932   0x0800b932   0x00000056   Code   RO          976    i.set_wrist_gesture  bmi2.o
    0x0800b988   0x0800b988   0x00000056   Code   RO          977    i.set_wrist_gesture_wh  bmi2.o
    0x0800b9de   0x0800b9de   0x00000056   Code   RO          978    i.set_wrist_wear_wake_up  bmi2.o
    0x0800ba34   0x0800ba34   0x000000c8   Code   RO          979    i.set_wrist_wear_wake_up_config  bmi2.o
    0x0800bafc   0x0800bafc   0x00000056   Code   RO          980    i.set_wrist_wear_wake_up_wh  bmi2.o
    0x0800bb52   0x0800bb52   0x000000fa   Code   RO          981    i.set_wrist_wear_wake_up_wh_config  bmi2.o
    0x0800bc4c   0x0800bc4c   0x00000096   Code   RO         3230    i.single_pid_ctrl   pid.o
    0x0800bce2   0x0800bce2   0x0000006e   Code   RO         9724    i.sqrt              m_wm.l(sqrt.o)
    0x0800bd50   0x0800bd50   0x0000002c   Code   RO         2918    i.system_state_machine  system_task.o
    0x0800bd7c   0x0800bd7c   0x000000c8   Code   RO          346    i.uart_rx_idle_callback  drv_uart.o
    0x0800be44   0x0800be44   0x00000040   Code   RO          993    i.upload_file       bmi2.o
    0x0800be84   0x0800be84   0x00000004   Code   RO         1903    i.user_delay_us     bmi2_common.o
    0x0800be88   0x0800be88   0x00000024   Code   RO         1904    i.user_i2c_reg_read  bmi2_common.o
    0x0800beac   0x0800beac   0x0000004c   Code   RO         1905    i.user_i2c_reg_write  bmi2_common.o
    0x0800bef8   0x0800bef8   0x00000026   Code   RO         8273    i.uxListRemove      list.o
    0x0800bf1e   0x0800bf1e   0x00000002   PAD
    0x0800bf20   0x0800bf20   0x00000014   Code   RO         4049    i.vApplicationGetIdleTaskMemory  freertos.o
    0x0800bf34   0x0800bf34   0x00000016   Code   RO         8274    i.vListInitialise   list.o
    0x0800bf4a   0x0800bf4a   0x00000006   Code   RO         8275    i.vListInitialiseItem  list.o
    0x0800bf50   0x0800bf50   0x00000030   Code   RO         8276    i.vListInsert       list.o
    0x0800bf80   0x0800bf80   0x00000018   Code   RO         8277    i.vListInsertEnd    list.o
    0x0800bf98   0x0800bf98   0x00000040   Code   RO         9391    i.vPortEnterCritical  port.o
    0x0800bfd8   0x0800bfd8   0x00000028   Code   RO         9392    i.vPortExitCritical  port.o
    0x0800c000   0x0800c000   0x00000064   Code   RO         9322    i.vPortFree         heap_4.o
    0x0800c064   0x0800c064   0x00000024   Code   RO         9393    i.vPortSetupTimerInterrupt  port.o
    0x0800c088   0x0800c088   0x0000004c   Code   RO         8648    i.vTaskDelay        tasks.o
    0x0800c0d4   0x0800c0d4   0x0000006c   Code   RO         8661    i.vTaskStartScheduler  tasks.o
    0x0800c140   0x0800c140   0x00000010   Code   RO         8663    i.vTaskSuspendAll   tasks.o
    0x0800c150   0x0800c150   0x0000005c   Code   RO         8664    i.vTaskSwitchContext  tasks.o
    0x0800c1ac   0x0800c1ac   0x00000002   Code   RO         2508    i.vision_check      vision_sensor.o
    0x0800c1ae   0x0800c1ae   0x0000002a   Code   RO         2509    i.vision_heart_beat  vision_sensor.o
    0x0800c1d8   0x0800c1d8   0x0000001c   Code   RO         3910    i.vision_init       vision_protocol.o
    0x0800c1f4   0x0800c1f4   0x0000006a   Code   RO         3911    i.vision_update     vision_protocol.o
    0x0800c25e   0x0800c25e   0x00000002   PAD
    0x0800c260   0x0800c260   0x000000e4   Code   RO          999    i.write_config_file  bmi2.o
    0x0800c344   0x0800c344   0x000000f4   Code   RO         9395    i.xPortStartScheduler  port.o
    0x0800c438   0x0800c438   0x0000005a   Code   RO         8667    i.xTaskCreate       tasks.o
    0x0800c492   0x0800c492   0x00000056   Code   RO         8668    i.xTaskCreateStatic  tasks.o
    0x0800c4e8   0x0800c4e8   0x000000e0   Code   RO         8669    i.xTaskGenericNotify  tasks.o
    0x0800c5c8   0x0800c5c8   0x000000cc   Code   RO         8675    i.xTaskIncrementTick  tasks.o
    0x0800c694   0x0800c694   0x0000008c   Code   RO         8677    i.xTaskNotifyWait   tasks.o
    0x0800c720   0x0800c720   0x000000c4   Code   RO         8681    i.xTaskResumeAll    tasks.o
    0x0800c7e4   0x0800c7e4   0x00000018   Code   RO         9666    x$fpl$basic         fz_wm.l(basic.o)
    0x0800c7fc   0x0800c7fc   0x00000062   Code   RO         9543    x$fpl$d2f           fz_wm.l(d2f.o)
    0x0800c85e   0x0800c85e   0x00000002   PAD
    0x0800c860   0x0800c860   0x00000150   Code   RO         9668    x$fpl$dadd          fz_wm.l(daddsub_clz.o)
    0x0800c9b0   0x0800c9b0   0x000002b0   Code   RO         9546    x$fpl$ddiv          fz_wm.l(ddiv.o)
    0x0800cc60   0x0800cc60   0x00000026   Code   RO         9549    x$fpl$dfltu         fz_wm.l(dflt_clz.o)
    0x0800cc86   0x0800cc86   0x00000002   PAD
    0x0800cc88   0x0800cc88   0x00000154   Code   RO         9555    x$fpl$dmul          fz_wm.l(dmul.o)
    0x0800cddc   0x0800cddc   0x0000009c   Code   RO         9674    x$fpl$dnaninf       fz_wm.l(dnaninf.o)
    0x0800ce78   0x0800ce78   0x0000000c   Code   RO         9676    x$fpl$dretinf       fz_wm.l(dretinf.o)
    0x0800ce84   0x0800ce84   0x00000016   Code   RO         9669    x$fpl$drsb          fz_wm.l(daddsub_clz.o)
    0x0800ce9a   0x0800ce9a   0x00000002   PAD
    0x0800ce9c   0x0800ce9c   0x00000198   Code   RO         9780    x$fpl$dsqrt         fz_wm.l(dsqrt_umaal.o)
    0x0800d034   0x0800d034   0x000001d4   Code   RO         9670    x$fpl$dsub          fz_wm.l(daddsub_clz.o)
    0x0800d208   0x0800d208   0x00000056   Code   RO         9557    x$fpl$f2d           fz_wm.l(f2d.o)
    0x0800d25e   0x0800d25e   0x0000008c   Code   RO         9678    x$fpl$fnaninf       fz_wm.l(fnaninf.o)
    0x0800d2ea   0x0800d2ea   0x0000000a   Code   RO         9782    x$fpl$fpinit        fz_wm.l(fpinit.o)
    0x0800d2f4   0x0800d2f4   0x0000000a   Code   RO         9680    x$fpl$fretinf       fz_wm.l(fretinf.o)
    0x0800d2fe   0x0800d2fe   0x00000000   Code   RO         9682    x$fpl$usenofp       fz_wm.l(usenofp.o)
    0x0800d2fe   0x0800d2fe   0x00000002   PAD
    0x0800d300   0x0800d300   0x00000006   Data   RO         1001    .constdata          bmi2.o
    0x0800d306   0x0800d306   0x00002045   Data   RO         2048    .constdata          bmi270.o
    0x0800f34b   0x0800f34b   0x00000001   PAD
    0x0800f34c   0x0800f34c   0x00000300   Data   RO         3274    .constdata          crc.o
    0x0800f64c   0x0800f64c   0x000000c4   Data   RO         4051    .constdata          freertos.o
    0x0800f710   0x0800f710   0x00000008   Data   RO         5358    .constdata          stm32f4xx_hal_dma.o
    0x0800f718   0x0800f718   0x00000804   Data   RO         8108    .constdata          arm_common_tables.o
    0x0800ff1c   0x0800ff1c   0x00000010   Data   RO         8136    .constdata          system_stm32f4xx.o
    0x0800ff2c   0x0800ff2c   0x00000008   Data   RO         8137    .constdata          system_stm32f4xx.o
    0x0800ff34   0x0800ff34   0x00000004   PAD
    0x0800ff38   0x0800ff38   0x00000050   Data   RO         9562    .constdata          m_wm.l(asin.o)
    0x0800ff88   0x0800ff88   0x00000098   Data   RO         9686    .constdata          m_wm.l(atan.o)
    0x08010020   0x08010020   0x00000008   Data   RO         9721    .constdata          m_wm.l(qnan.o)
    0x08010028   0x08010028   0x00000054   Data   RO         4052    .conststring        freertos.o
    0x0801007c   0x0801007c   0x00000020   Data   RO         9873    Region$$Table       anon$$obj.o


    Execution Region RW_IRAM1 (Exec base: 0x20000000, Load base: 0x0801009c, Size: 0x00005ce8, Max: 0x00020000, ABSOLUTE, COMPRESSED[0x00000210])

    Exec Addr    Load Addr    Size         Type   Attr      Idx    E Section Name        Object

    0x20000000   COMPRESSED   0x00000010   Data   RW          170    .data               drv_can.o
    0x20000010   COMPRESSED   0x00000004   Data   RW          543    .data               drv_haltick.o
    0x20000014   COMPRESSED   0x0000006c   Data   RW          705    .data               bmi.o
    0x20000080   COMPRESSED   0x00000002   Data   RW         1908    .data               bmi2_common.o
    0x20000082   COMPRESSED   0x0000001a   Data   RW         2081    .data               rc_sensor.o
    0x2000009c   COMPRESSED   0x0000001c   Data   RW         2082    .data               rc_sensor.o
    0x200000b8   COMPRESSED   0x00000002   Data   RW         2320    .data               imu_sensor.o
    0x200000ba   COMPRESSED   0x00000002   PAD
    0x200000bc   COMPRESSED   0x00000020   Data   RW         2321    .data               imu_sensor.o
    0x200000dc   COMPRESSED   0x0000001c   Data   RW         2322    .data               imu_sensor.o
    0x200000f8   COMPRESSED   0x00000020   Data   RW         2358    .data               device.o
    0x20000118   COMPRESSED   0x000000b4   Data   RW         2416    .data               motor.o
    0x200001cc   COMPRESSED   0x00000064   Data   RW         2417    .data               motor.o
    0x20000230   COMPRESSED   0x0000008c   Data   RW         2418    .data               motor.o
    0x200002bc   COMPRESSED   0x0000000d   Data   RW         2419    .data               motor.o
    0x200002c9   COMPRESSED   0x00000003   PAD
    0x200002cc   COMPRESSED   0x00000018   Data   RW         2420    .data               motor.o
    0x200002e4   COMPRESSED   0x00000007   Data   RW         2421    .data               motor.o
    0x200002eb   COMPRESSED   0x00000001   PAD
    0x200002ec   COMPRESSED   0x00000018   Data   RW         2422    .data               motor.o
    0x20000304   COMPRESSED   0x00000008   Data   RW         2510    .data               vision_sensor.o
    0x2000030c   COMPRESSED   0x00000048   Data   RW         2511    .data               vision_sensor.o
    0x20000354   COMPRESSED   0x0000001c   Data   RW         2512    .data               vision_sensor.o
    0x20000370   COMPRESSED   0x000001cc   Data   RW         2581    .data               dial.o
    0x2000053c   COMPRESSED   0x00000004   Data   RW         2582    .data               dial.o
    0x20000540   COMPRESSED   0x0000013c   Data   RW         2791    .data               gimbal.o
    0x2000067c   COMPRESSED   0x00000004   Data   RW         2792    .data               gimbal.o
    0x20000680   COMPRESSED   0x00000028   Data   RW         2793    .data               gimbal.o
    0x200006a8   COMPRESSED   0x00000005   Data   RW         2919    .data               system_task.o
    0x200006ad   COMPRESSED   0x00000003   PAD
    0x200006b0   COMPRESSED   0x0000000c   Data   RW         2977    .data               monitor_task.o
    0x200006bc   COMPRESSED   0x00000004   Data   RW         3055    .data               send_task.o
    0x200006c0   COMPRESSED   0x0000001c   Data   RW         3152    .data               vision_task.o
    0x200006dc   COMPRESSED   0x00000002   Data   RW         3275    .data               crc.o
    0x200006de   COMPRESSED   0x0000000c   Data   RW         3678    .data               imu_protocol.o
    0x200006ea   COMPRESSED   0x00000002   PAD
    0x200006ec   COMPRESSED   0x0000001c   Data   RW         4053    .data               freertos.o
    0x20000708   COMPRESSED   0x00000004   Data   RW         4144    .data               can.o
    0x2000070c   COMPRESSED   0x0000000c   Data   RW         5785    .data               stm32f4xx_hal.o
    0x20000718   COMPRESSED   0x00000004   Data   RW         8138    .data               system_stm32f4xx.o
    0x2000071c   COMPRESSED   0x0000003c   Data   RW         8684    .data               tasks.o
    0x20000758   COMPRESSED   0x00000020   Data   RW         9328    .data               heap_4.o
    0x20000778   COMPRESSED   0x0000000c   Data   RW         9396    .data               port.o
    0x20000784        -       0x00000080   Zero   RW          167    .bss                drv_can.o
    0x20000804        -       0x000001c0   Zero   RW          347    .bss                drv_uart.o
    0x200009c4   COMPRESSED   0x00000004   PAD
    0x200009c8        -       0x00000068   Zero   RW          704    .bss                bmi.o
    0x20000a30        -       0x00000024   Zero   RW         2580    .bss                dial.o
    0x20000a54        -       0x00000390   Zero   RW         3151    .bss                vision_task.o
    0x20000de4        -       0x00000180   Zero   RW         3333    .bss                kalman.o
    0x20000f64        -       0x00000360   Zero   RW         3580    .bss                moving_filter.o
    0x200012c4        -       0x00000254   Zero   RW         4050    .bss                freertos.o
    0x20001518        -       0x00000048   Zero   RW         4100    .bss                adc.o
    0x20001560        -       0x00000050   Zero   RW         4143    .bss                can.o
    0x200015b0        -       0x00000014   Zero   RW         4191    .bss                dac.o
    0x200015c4        -       0x0000000c   Zero   RW         4258    .bss                iwdg.o
    0x200015d0        -       0x00000090   Zero   RW         4294    .bss                tim.o
    0x20001660        -       0x000002f0   Zero   RW         4359    .bss                usart.o
    0x20001950        -       0x00000048   Zero   RW         4570    .bss                stm32f4xx_hal_timebase_tim.o
    0x20001998        -       0x000000f0   Zero   RW         8683    .bss                tasks.o
    0x20001a88        -       0x00003c00   Zero   RW         9327    .bss                heap_4.o
    0x20005688        -       0x00000060   Zero   RW         9737    .bss                c_w.l(libspace.o)
    0x200056e8        -       0x00000200   Zero   RW            2    HEAP                startup_stm32f407xx.o
    0x200058e8        -       0x00000400   Zero   RW            1    STACK               startup_stm32f407xx.o


==============================================================================

Image component sizes


      Code (inc. data)   RO Data    RW Data    ZI Data      Debug   Object Name

       196         24          0          0         72       1945   adc.o
         0          0       2052          0          0       4852   arm_common_tables.o
       120         12          0          0          0        826   arm_cos_f32.o
         0          0          0          0          0        384   arm_mat_init_f32.o
       140         16          0          0          0        842   arm_sin_f32.o
      1602         46          0        108        104      47947   bmi.o
     15630        116          6          0          0     121394   bmi2.o
       120         10       8261          0          0       1790   bmi270.o
       354         30          0          2          0       6050   bmi2_common.o
       396         46          0          4         80       2782   can.o
       260         14          0          0          0       5344   can_protocol.o
       120          0          0          0          0      23837   cmsis_os.o
       104         18          0          0          0       1435   control_task.o
       250         22        768          2          0       5532   crc.o
       156         20          0          0         20       1911   dac.o
        60          4          0         32          0       9030   device.o
      2004        324          0        464         36      20443   dial.o
       124          4          0          0          0        966   dma.o
        54          0          0          0          0      14058   driver.o
        14          4          0          0          0       1062   drv_adda.o
       844         70          0         16        128      46141   drv_can.o
       116         24          0          4          0       2454   drv_haltick.o
         0          0          0          0          0     720884   drv_io.o
        88         18          0          0          0       2232   drv_tim.o
      1194         88          0          0        448      13325   drv_uart.o
         0          0          0          0          0      17124   event_groups.o
        64         12          0          0          0        628   fire_task.o
       192         14        280         28        596       2774   freertos.o
      2190        218          0        360          0      14702   gimbal.o
        60         14          0          0          0        630   gimbal_task.o
       320         22          0          0          0       1219   gpio.o
       472         24          0         32      15360       7839   heap_4.o
       168         10          0         12          0       3454   imu_protocol.o
        74          0          0         62          0       2927   imu_sensor.o
        44          8          0          0         12        847   iwdg.o
       294         24          0          0        384       4672   kalman.o
       138          0          0          0          0       3906   list.o
       234          8          0          0          0       3100   main.o
       336         68          0         12          0       7826   monitor_task.o
       504          0          0        488          0      12118   motor.o
        60         16          0          0        864       2670   moving_filter.o
       190          6          0          0          0       1641   pid.o
       702         72          0         12          0      11656   port.o
       186          6          0          0          0       6494   rc_protocol.o
       100          0          0         54          0     708404   rc_sensor.o
       130          0          0          0          0       7685   rm_protocol.o
       328         24          0          0          0       4228   rp_math.o
        60         12          0          4          0        899   send_task.o
       544         62          0          0          0       4719   soft_iic.o
        64         26        392          0       1536        904   startup_stm32f407xx.o
        64         10          0         12          0       7876   stm32f4xx_hal.o
       712         28          0          0          0       3123   stm32f4xx_hal_adc.o
      1638          6          0          0          0      15487   stm32f4xx_hal_can.o
       158         14          0          0          0      33462   stm32f4xx_hal_cortex.o
       202          0          0          0          0       2919   stm32f4xx_hal_dac.o
      1084         16          8          0          0       7898   stm32f4xx_hal_dma.o
       522         46          0          0          0       3077   stm32f4xx_hal_gpio.o
       102          0          0          0          0       2067   stm32f4xx_hal_iwdg.o
        56          4          0          0          0        990   stm32f4xx_hal_msp.o
      1412         86          0          0          0       6321   stm32f4xx_hal_rcc.o
      2326        136          0          0          0      20405   stm32f4xx_hal_tim.o
       148         28          0          0          0       2697   stm32f4xx_hal_tim_ex.o
       116         14          0          0         72       1603   stm32f4xx_hal_timebase_tim.o
      1596         30          0          0          0      13238   stm32f4xx_hal_uart.o
       204         72          0          0          0       9759   stm32f4xx_it.o
        28          6         24          4          0       1335   system_stm32f4xx.o
       208         36          0          5          0      39688   system_task.o
      1884        140          0         60        240      22933   tasks.o
       500         50          0          0        144       4159   tim.o
      1036         86          0          0        752       4806   usart.o
       162          6          0          0          0       5037   vision_protocol.o
        44          0          0        108          0       4496   vision_sensor.o
       888        132          0         28        912       9763   vision_task.o

    ----------------------------------------------------------------------
     46578       2506      11828       1924      21764    2113671   Object Totals
         0          0         32          0          0          0   (incl. Generated)
        88          4          5         11          4          0   (incl. Padding)

    ----------------------------------------------------------------------

      Code (inc. data)   RO Data    RW Data    ZI Data      Debug   Library Member Name

        90          0          0          0          0          0   __dczerorl2.o
         8          0          0          0          0         68   __main.o
         0          0          0          0          0          0   __rtentry.o
        12          0          0          0          0          0   __rtentry2.o
         6          0          0          0          0          0   __rtentry4.o
        52          8          0          0          0          0   __scatter.o
        28          0          0          0          0          0   __scatter_zi.o
        22          0          0          0          0        100   _rserrno.o
        10          0          0          0          0         68   defsig_exit.o
        50          0          0          0          0         88   defsig_general.o
        80         58          0          0          0         76   defsig_rtmem_inner.o
        14          0          0          0          0         80   defsig_rtmem_outer.o
        18          0          0          0          0         80   exit.o
        94          0          0          0          0         80   h1_alloc.o
        52          0          0          0          0         68   h1_extend.o
        78          0          0          0          0         80   h1_free.o
        14          0          0          0          0         84   h1_init.o
         6          0          0          0          0        152   heapauxi.o
         4          0          0          0          0        136   hguard.o
         0          0          0          0          0          0   indicate_semi.o
       138          0          0          0          0        168   init_alloc.o
         2          0          0          0          0          0   libinit.o
        14          0          0          0          0          0   libinit2.o
         2          0          0          0          0          0   libshutdown.o
         2          0          0          0          0          0   libshutdown2.o
         8          4          0          0         96         68   libspace.o
       238          0          0          0          0        100   lludivv7m.o
         0          0          0          0          0          0   maybetermalloc1.o
         8          4          0          0          0         68   rt_errno_addr_intlibspace.o
         8          4          0          0          0         68   rt_heap_descriptor_intlibspace.o
        68          0          0          0          0         68   rt_memclr.o
        78          0          0          0          0         80   rt_memclr_w.o
       138          0          0          0          0         68   rt_memcpy_v6.o
       100          0          0          0          0         80   rt_memcpy_w.o
         2          0          0          0          0          0   rtexit.o
        10          0          0          0          0          0   rtexit2.o
        12          4          0          0          0         68   sys_exit.o
        74          0          0          0          0         80   sys_stackheap_outer.o
        14          0          0          0          0         76   sys_wrch.o
         2          0          0          0          0         68   use_no_semi.o
        24          0          0          0          0        164   basic.o
        98          4          0          0          0        140   d2f.o
       826         16          0          0          0        492   daddsub_clz.o
       688        140          0          0          0        256   ddiv.o
        38          0          0          0          0        116   dflt_clz.o
       340         12          0          0          0        152   dmul.o
       156          4          0          0          0        140   dnaninf.o
        12          0          0          0          0        116   dretinf.o
       408         56          0          0          0        168   dsqrt_umaal.o
        86          4          0          0          0        132   f2d.o
       140          4          0          0          0        132   fnaninf.o
        10          0          0          0          0        116   fpinit.o
        10          0          0          0          0        116   fretinf.o
         0          0          0          0          0          0   usenofp.o
       864         94         80          0          0        280   asin.o
       744        106        152          0          0        352   atan.o
       496         64          0          0          0        192   atan2.o
       104         16          0          0          0        496   dunder.o
        24          0          0          0          0        124   fabs.o
        48          0          0          0          0        124   fpclassify.o
       248          0          0          0          0        152   poly.o
         0          0          8          0          0          0   qnan.o
       110          0          0          0          0        148   sqrt.o

    ----------------------------------------------------------------------
      7046        602        240          0         96       6328   Library Totals
        16          0          0          0          0          0   (incl. Padding)

    ----------------------------------------------------------------------

      Code (inc. data)   RO Data    RW Data    ZI Data      Debug   Library Name

      1556         82          0          0         96       2220   c_w.l
      2836        240          0          0          0       2240   fz_wm.l
      2638        280        240          0          0       1868   m_wm.l

    ----------------------------------------------------------------------
      7046        602        240          0         96       6328   Library Totals

    ----------------------------------------------------------------------

==============================================================================


      Code (inc. data)   RO Data    RW Data    ZI Data      Debug   

     53624       3108      12068       1924      21860    2071603   Grand Totals
     53624       3108      12068        528      21860    2071603   ELF Image Totals (compressed)
     53624       3108      12068        528          0          0   ROM Totals

==============================================================================

    Total RO  Size (Code + RO Data)                65692 (  64.15kB)
    Total RW  Size (RW Data + ZI Data)             23784 (  23.23kB)
    Total ROM Size (Code + RO Data + RW Data)      66220 (  64.67kB)

==============================================================================

