Component: ARM Compiler 5.06 update 6 (build 750) Tool: armlink [4d35ed]

==============================================================================

Section Cross References

    startup_stm32f334x8.o(STACK) refers (Special) to heapauxi.o(.text) for __use_two_region_memory
    startup_stm32f334x8.o(HEAP) refers (Special) to heapauxi.o(.text) for __use_two_region_memory
    startup_stm32f334x8.o(RESET) refers (Special) to heapauxi.o(.text) for __use_two_region_memory
    startup_stm32f334x8.o(RESET) refers to startup_stm32f334x8.o(STACK) for __initial_sp
    startup_stm32f334x8.o(RESET) refers to startup_stm32f334x8.o(.text) for Reset_Handler
    startup_stm32f334x8.o(RESET) refers to stm32f3xx_it.o(i.NMI_Handler) for NMI_Handler
    startup_stm32f334x8.o(RESET) refers to stm32f3xx_it.o(i.HardFault_Handler) for HardFault_Handler
    startup_stm32f334x8.o(RESET) refers to stm32f3xx_it.o(i.MemManage_Handler) for MemManage_Handler
    startup_stm32f334x8.o(RESET) refers to stm32f3xx_it.o(i.BusFault_Handler) for BusFault_Handler
    startup_stm32f334x8.o(RESET) refers to stm32f3xx_it.o(i.UsageFault_Handler) for UsageFault_Handler
    startup_stm32f334x8.o(RESET) refers to port.o(.emb_text) for SVC_Handler
    startup_stm32f334x8.o(RESET) refers to stm32f3xx_it.o(i.DebugMon_Handler) for DebugMon_Handler
    startup_stm32f334x8.o(RESET) refers to port.o(i.SysTick_Handler) for SysTick_Handler
    startup_stm32f334x8.o(RESET) refers to stm32f3xx_it.o(i.DMA1_Channel1_IRQHandler) for DMA1_Channel1_IRQHandler
    startup_stm32f334x8.o(RESET) refers to stm32f3xx_it.o(i.DMA1_Channel2_IRQHandler) for DMA1_Channel2_IRQHandler
    startup_stm32f334x8.o(RESET) refers to stm32f3xx_it.o(i.CAN_RX0_IRQHandler) for CAN_RX0_IRQHandler
    startup_stm32f334x8.o(RESET) refers to stm32f3xx_it.o(i.TIM2_IRQHandler) for TIM2_IRQHandler
    startup_stm32f334x8.o(RESET) refers to stm32f3xx_it.o(i.TIM3_IRQHandler) for TIM3_IRQHandler
    startup_stm32f334x8.o(.text) refers (Special) to heapauxi.o(.text) for __use_two_region_memory
    startup_stm32f334x8.o(.text) refers to system_stm32f3xx.o(i.SystemInit) for SystemInit
    startup_stm32f334x8.o(.text) refers to __main.o(!!!main) for __main
    startup_stm32f334x8.o(.text) refers to startup_stm32f334x8.o(HEAP) for Heap_Mem
    startup_stm32f334x8.o(.text) refers to startup_stm32f334x8.o(STACK) for Stack_Mem
    main.o(i.HAL_TIM_PeriodElapsedCallback) refers to stm32f3xx_hal.o(i.HAL_IncTick) for HAL_IncTick
    main.o(i.SystemClock_Config) refers to rt_memclr_w.o(.text) for __aeabi_memclr4
    main.o(i.SystemClock_Config) refers to stm32f3xx_hal_rcc.o(i.HAL_RCC_OscConfig) for HAL_RCC_OscConfig
    main.o(i.SystemClock_Config) refers to main.o(i.Error_Handler) for Error_Handler
    main.o(i.SystemClock_Config) refers to stm32f3xx_hal_rcc.o(i.HAL_RCC_ClockConfig) for HAL_RCC_ClockConfig
    main.o(i.SystemClock_Config) refers to stm32f3xx_hal_rcc_ex.o(i.HAL_RCCEx_PeriphCLKConfig) for HAL_RCCEx_PeriphCLKConfig
    main.o(i.main) refers to stm32f3xx_hal.o(i.HAL_Init) for HAL_Init
    main.o(i.main) refers to main.o(i.SystemClock_Config) for SystemClock_Config
    main.o(i.main) refers to gpio.o(i.MX_GPIO_Init) for MX_GPIO_Init
    main.o(i.main) refers to can.o(i.MX_CAN_Init) for MX_CAN_Init
    main.o(i.main) refers to dma.o(i.MX_DMA_Init) for MX_DMA_Init
    main.o(i.main) refers to adc.o(i.MX_ADC1_Init) for MX_ADC1_Init
    main.o(i.main) refers to adc.o(i.MX_ADC2_Init) for MX_ADC2_Init
    main.o(i.main) refers to opamp.o(i.MX_OPAMP2_Init) for MX_OPAMP2_Init
    main.o(i.main) refers to tim.o(i.MX_TIM2_Init) for MX_TIM2_Init
    main.o(i.main) refers to hrtim.o(i.MX_HRTIM1_Init) for MX_HRTIM1_Init
    main.o(i.main) refers to usart.o(i.MX_USART2_UART_Init) for MX_USART2_UART_Init
    main.o(i.main) refers to cap.o(i.system_init) for system_init
    main.o(i.main) refers to cmsis_os2.o(i.osKernelInitialize) for osKernelInitialize
    main.o(i.main) refers to freertos.o(i.MX_FREERTOS_Init) for MX_FREERTOS_Init
    main.o(i.main) refers to cmsis_os2.o(i.osKernelStart) for osKernelStart
    gpio.o(i.MX_GPIO_Init) refers to rt_memclr_w.o(.text) for __aeabi_memclr4
    gpio.o(i.MX_GPIO_Init) refers to stm32f3xx_hal_gpio.o(i.HAL_GPIO_WritePin) for HAL_GPIO_WritePin
    gpio.o(i.MX_GPIO_Init) refers to stm32f3xx_hal_gpio.o(i.HAL_GPIO_Init) for HAL_GPIO_Init
    freertos.o(i.MX_FREERTOS_Init) refers to cmsis_os2.o(i.osThreadNew) for osThreadNew
    freertos.o(i.MX_FREERTOS_Init) refers to freertos.o(.constdata) for defaultTask_attributes
    freertos.o(i.MX_FREERTOS_Init) refers to freertos.o(i.StartDefaultTask) for StartDefaultTask
    freertos.o(i.MX_FREERTOS_Init) refers to freertos.o(.data) for defaultTaskHandle
    freertos.o(i.MX_FREERTOS_Init) refers to cap.o(i.StartOLED) for StartOLED
    freertos.o(i.MX_FREERTOS_Init) refers to cap.o(i.Startcap_loop) for Startcap_loop
[...]
    __aeabi_memclr4                          0x0800081d   Thumb Code     0  rt_memclr_w.o(.text)
    __aeabi_memclr8                          0x0800081d   Thumb Code     0  rt_memclr_w.o(.text)
    __rt_memclr_w                            0x0800081d   Thumb Code    78  rt_memclr_w.o(.text)
    _memset_w                                0x08000821   Thumb Code     0  rt_memclr_w.o(.text)
    __use_two_region_memory                  0x0800086b   Thumb Code     2  heapauxi.o(.text)
    __rt_heap_escrow$2region                 0x0800086d   Thumb Code     2  heapauxi.o(.text)
    __rt_heap_expand$2region                 0x0800086f   Thumb Code     2  heapauxi.o(.text)
    _printf_int_common                       0x08000871   Thumb Code   178  _printf_intcommon.o(.text)
    __lib_sel_fp_printf                      0x08000923   Thumb Code     2  _printf_fp_dec.o(.text)
    _printf_fp_dec_real                      0x08000ad5   Thumb Code   620  _printf_fp_dec.o(.text)
    _printf_char_common                      0x08000d4b   Thumb Code    32  _printf_char_common.o(.text)
    _sputc                                   0x08000d71   Thumb Code    10  _sputc.o(.text)
    __aeabi_memclr                           0x08000d7b   Thumb Code     0  rt_memclr.o(.text)
    __rt_memclr                              0x08000d7b   Thumb Code    68  rt_memclr.o(.text)
    _memset                                  0x08000d7f   Thumb Code     0  rt_memclr.o(.text)
    __rt_locale                              0x08000dc1   Thumb Code     8  rt_locale_intlibspace.o(.text)
    _ll_udiv10                               0x08000dc9   Thumb Code   138  lludiv10.o(.text)
    _printf_fp_infnan                        0x08000e55   Thumb Code   112  _printf_fp_infnan.o(.text)
    _btod_etento                             0x08000ed5   Thumb Code   224  bigflt0.o(.text)
    __user_libspace                          0x08000fb9   Thumb Code     8  libspace.o(.text)
    __user_perproc_libspace                  0x08000fb9   Thumb Code     0  libspace.o(.text)
    __user_perthread_libspace                0x08000fb9   Thumb Code     0  libspace.o(.text)
    __user_setup_stackheap                   0x08000fc1   Thumb Code    74  sys_stackheap_outer.o(.text)
    exit                                     0x0800100b   Thumb Code    18  exit.o(.text)
    strcmp                                   0x0800101d   Thumb Code   128  strcmpv7m.o(.text)
    _sys_exit                                0x0800109d   Thumb Code     8  sys_exit.o(.text)
    __I$use$semihosting                      0x080010a9   Thumb Code     0  use_no_semi.o(.text)
    __use_no_semihosting_swi                 0x080010a9   Thumb Code     2  use_no_semi.o(.text)
    __semihosting_library_function           0x080010ab   Thumb Code     0  indicate_semi.o(.text)
    _btod_d2e                                0x080010ab   Thumb Code    62  btod.o(CL$$btod_d2e)
    _d2e_denorm_low                          0x080010e9   Thumb Code    70  btod.o(CL$$btod_d2e_denorm_low)
    _d2e_norm_op1                            0x0800112f   Thumb Code    96  btod.o(CL$$btod_d2e_norm_op1)
    __btod_div_common                        0x0800118f   Thumb Code   696  btod.o(CL$$btod_div_common)
    _e2e                                     0x080014c7   Thumb Code   220  btod.o(CL$$btod_e2e)
    _btod_ediv                               0x080015a3   Thumb Code    42  btod.o(CL$$btod_ediv)
    _btod_emul                               0x080015cd   Thumb Code    42  btod.o(CL$$btod_emul)
    __btod_mult_common                       0x080015f7   Thumb Code   580  btod.o(CL$$btod_mult_common)
    BusFault_Handler                         0x080019f5   Thumb Code     4  stm32f3xx_it.o(i.BusFault_Handler)
    CAN_Init                                 0x08001a15   Thumb Code    36  can.o(i.CAN_Init)
    CAN_RX0_IRQHandler                       0x08001a3d   Thumb Code    10  stm32f3xx_it.o(i.CAN_RX0_IRQHandler)
    CAN_SendData                             0x08001a4d   Thumb Code   100  can.o(i.CAN_SendData)
    CAN_rxDataHandler                        0x08001ab5   Thumb Code   322  cap.o(i.CAN_rxDataHandler)
    DMA1_Channel1_IRQHandler                 0x08001c15   Thumb Code    10  stm32f3xx_it.o(i.DMA1_Channel1_IRQHandler)
    DMA1_Channel2_IRQHandler                 0x08001c25   Thumb Code    10  stm32f3xx_it.o(i.DMA1_Channel2_IRQHandler)
    DebugMon_Handler                         0x08001c7d   Thumb Code     2  stm32f3xx_it.o(i.DebugMon_Handler)
    Erase_Flash_SECTOR_ALL                   0x08001c81   Thumb Code    32  flash.o(i.Erase_Flash_SECTOR_ALL)
    Erase_Flash_SECTOR_NOW                   0x08001ca5   Thumb Code    54  flash.o(i.Erase_Flash_SECTOR_NOW)
    Error_Handler                            0x08001ce5   Thumb Code     6  main.o(i.Error_Handler)
    FLASH_PageErase                          0x08001d15   Thumb Code    32  stm32f3xx_hal_flash_ex.o(i.FLASH_PageErase)
    FLASH_WaitForLastOperation               0x08001da5   Thumb Code    96  stm32f3xx_hal_flash.o(i.FLASH_WaitForLastOperation)
    Flash_Empty_Check                        0x08001e09   Thumb Code    56  flash.o(i.Flash_Empty_Check)
    Flash_Erase                              0x08001e49   Thumb Code    30  flash.o(i.Flash_Erase)
    Flash_Init                               0x08001e6d   Thumb Code   100  flash.o(i.Flash_Init)
    Flash_Read                               0x08001ed9   Thumb Code    44  flash.o(i.Flash_Read)
    Flash_Write                              0x08001f11   Thumb Code   134  flash.o(i.Flash_Write)
    Flash_usart_solve                        0x08001fa9   Thumb Code   740  flash.o(i.Flash_usart_solve)
    HAL_ADCEx_Calibration_Start              0x080022ad   Thumb Code   188  stm32f3xx_hal_adc_ex.o(i.HAL_ADCEx_Calibration_Start)
    HAL_ADCEx_MultiModeConfigChannel         0x08002369   Thumb Code   306  stm32f3xx_hal_adc_ex.o(i.HAL_ADCEx_MultiModeConfigChannel)
    HAL_ADC_ConfigChannel                    0x080024a5   Thumb Code  1032  stm32f3xx_hal_adc_ex.o(i.HAL_ADC_ConfigChannel)
    HAL_ADC_ConvCpltCallback                 0x080028c1   Thumb Code     2  stm32f3xx_hal_adc.o(i.HAL_ADC_ConvCpltCallback)
    HAL_ADC_ConvHalfCpltCallback             0x080028c3   Thumb Code     2  stm32f3xx_hal_adc.o(i.HAL_ADC_ConvHalfCpltCallback)
    HAL_ADC_ErrorCallback                    0x080028c5   Thumb Code     2  stm32f3xx_hal_adc.o(i.HAL_ADC_ErrorCallback)
    HAL_ADC_Init                             0x080028c9   Thumb Code   576  stm32f3xx_hal_adc_ex.o(i.HAL_ADC_Init)
    HAL_ADC_MspInit                          0x08002b1d   Thumb Code   436  adc.o(i.HAL_ADC_MspInit)
    HAL_ADC_Start_DMA                        0x08002ced   Thumb Code   338  stm32f3xx_hal_adc_ex.o(i.HAL_ADC_Start_DMA)
    HAL_CAN_ActivateNotification             0x08002e55   Thumb Code    42  stm32f3xx_hal_can.o(i.HAL_CAN_ActivateNotification)
    HAL_CAN_AddTxMessage                     0x08002e7f   Thumb Code   342  stm32f3xx_hal_can.o(i.HAL_CAN_AddTxMessage)
    HAL_CAN_ConfigFilter                     0x08002fd5   Thumb Code   266  stm32f3xx_hal_can.o(i.HAL_CAN_ConfigFilter)
    HAL_CAN_ErrorCallback                    0x080030df   Thumb Code     2  stm32f3xx_hal_can.o(i.HAL_CAN_ErrorCallback)
    HAL_CAN_GetRxMessage                     0x080030e1   Thumb Code   378  stm32f3xx_hal_can.o(i.HAL_CAN_GetRxMessage)
    HAL_CAN_IRQHandler                       0x0800325b   Thumb Code   590  stm32f3xx_hal_can.o(i.HAL_CAN_IRQHandler)
    HAL_CAN_Init                             0x080034a9   Thumb Code   372  stm32f3xx_hal_can.o(i.HAL_CAN_Init)
    HAL_CAN_MspInit                          0x0800361d   Thumb Code   126  can.o(i.HAL_CAN_MspInit)
    HAL_CAN_RxFifo0FullCallback              0x080036a5   Thumb Code     2  stm32f3xx_hal_can.o(i.HAL_CAN_RxFifo0FullCallback)
    HAL_CAN_RxFifo0MsgPendingCallback        0x080036a9   Thumb Code    32  can.o(i.HAL_CAN_RxFifo0MsgPendingCallback)
    HAL_CAN_RxFifo1FullCallback              0x080036cd   Thumb Code     2  stm32f3xx_hal_can.o(i.HAL_CAN_RxFifo1FullCallback)
    HAL_CAN_RxFifo1MsgPendingCallback        0x080036cf   Thumb Code     2  stm32f3xx_hal_can.o(i.HAL_CAN_RxFifo1MsgPendingCallback)
    HAL_CAN_SleepCallback                    0x080036d1   Thumb Code     2  stm32f3xx_hal_can.o(i.HAL_CAN_SleepCallback)
    HAL_CAN_Start                            0x080036d3   Thumb Code    94  stm32f3xx_hal_can.o(i.HAL_CAN_Start)
    HAL_CAN_TxMailbox0AbortCallback          0x08003731   Thumb Code     2  stm32f3xx_hal_can.o(i.HAL_CAN_TxMailbox0AbortCallback)
    HAL_CAN_TxMailbox0CompleteCallback       0x08003733   Thumb Code     2  stm32f3xx_hal_can.o(i.HAL_CAN_TxMailbox0CompleteCallback)
    HAL_CAN_TxMailbox1AbortCallback          0x08003735   Thumb Code     2  stm32f3xx_hal_can.o(i.HAL_CAN_TxMailbox1AbortCallback)
    HAL_CAN_TxMailbox1CompleteCallback       0x08003737   Thumb Code     2  stm32f3xx_hal_can.o(i.HAL_CAN_TxMailbox1CompleteCallback)
    HAL_CAN_TxMailbox2AbortCallback          0x08003739   Thumb Code     2  stm32f3xx_hal_can.o(i.HAL_CAN_TxMailbox2AbortCallback)
    HAL_CAN_TxMailbox2CompleteCallback       0x0800373b   Thumb Code     2  stm32f3xx_hal_can.o(i.HAL_CAN_TxMailbox2CompleteCallback)
    HAL_CAN_WakeUpFromRxMsgCallback          0x0800373d   Thumb Code     2  stm32f3xx_hal_can.o(i.HAL_CAN_WakeUpFromRxMsgCallback)
    HAL_DMA_IRQHandler                       0x0800373f   Thumb Code   230  stm32f3xx_hal_dma.o(i.HAL_DMA_IRQHandler)
    HAL_DMA_Init                             0x08003825   Thumb Code    86  stm32f3xx_hal_dma.o(i.HAL_DMA_Init)
    HAL_DMA_Start_IT                         0x0800387b   Thumb Code   156  stm32f3xx_hal_dma.o(i.HAL_DMA_Start_IT)
    HAL_Delay                                0x08003919   Thumb Code    36  stm32f3xx_hal.o(i.HAL_Delay)
    HAL_FLASHEx_Erase                        0x08003941   Thumb Code   166  stm32f3xx_hal_flash_ex.o(i.HAL_FLASHEx_Erase)
    HAL_FLASH_Lock                           0x080039f1   Thumb Code    16  stm32f3xx_hal_flash.o(i.HAL_FLASH_Lock)
    HAL_FLASH_Program                        0x08003a05   Thumb Code   168  stm32f3xx_hal_flash.o(i.HAL_FLASH_Program)
    HAL_FLASH_Unlock                         0x08003ab5   Thumb Code    36  stm32f3xx_hal_flash.o(i.HAL_FLASH_Unlock)
    HAL_GPIO_Init                            0x08003ae5   Thumb Code   406  stm32f3xx_hal_gpio.o(i.HAL_GPIO_Init)
    HAL_GPIO_ReadPin                         0x08003c95   Thumb Code    16  stm32f3xx_hal_gpio.o(i.HAL_GPIO_ReadPin)
    HAL_GPIO_WritePin                        0x08003ca5   Thumb Code    10  stm32f3xx_hal_gpio.o(i.HAL_GPIO_WritePin)
    HAL_GetTick                              0x08003cb1   Thumb Code     6  stm32f3xx_hal.o(i.HAL_GetTick)
    HAL_HRTIM_DLLCalibrationStart            0x08003cbd   Thumb Code   128  stm32f3xx_hal_hrtim.o(i.HAL_HRTIM_DLLCalibrationStart)
    HAL_HRTIM_DeadTimeConfig                 0x08003d3d   Thumb Code   162  stm32f3xx_hal_hrtim.o(i.HAL_HRTIM_DeadTimeConfig)
    HAL_HRTIM_Init                           0x08003de9   Thumb Code   256  stm32f3xx_hal_hrtim.o(i.HAL_HRTIM_Init)
    HAL_HRTIM_MspInit                        0x08003ef1   Thumb Code    40  hrtim.o(i.HAL_HRTIM_MspInit)
    HAL_HRTIM_MspPostInit                    0x08003f21   Thumb Code   142  hrtim.o(i.HAL_HRTIM_MspPostInit)
    HAL_HRTIM_PollForDLLCalibration          0x08003fbd   Thumb Code    74  stm32f3xx_hal_hrtim.o(i.HAL_HRTIM_PollForDLLCalibration)
    HAL_HRTIM_TimeBaseConfig                 0x08004007   Thumb Code    58  stm32f3xx_hal_hrtim.o(i.HAL_HRTIM_TimeBaseConfig)
    HAL_HRTIM_WaveformCompareConfig          0x08004041   Thumb Code   504  stm32f3xx_hal_hrtim.o(i.HAL_HRTIM_WaveformCompareConfig)
    HAL_HRTIM_WaveformCountStart             0x08004239   Thumb Code    60  stm32f3xx_hal_hrtim.o(i.HAL_HRTIM_WaveformCountStart)
    HAL_HRTIM_WaveformOutputConfig           0x08004275   Thumb Code    84  stm32f3xx_hal_hrtim.o(i.HAL_HRTIM_WaveformOutputConfig)
    HAL_HRTIM_WaveformOutputStart            0x080042c9   Thumb Code    64  stm32f3xx_hal_hrtim.o(i.HAL_HRTIM_WaveformOutputStart)
    HAL_HRTIM_WaveformOutputStop             0x08004309   Thumb Code    64  stm32f3xx_hal_hrtim.o(i.HAL_HRTIM_WaveformOutputStop)
    HAL_HRTIM_WaveformTimerConfig            0x08004349   Thumb Code   178  stm32f3xx_hal_hrtim.o(i.HAL_HRTIM_WaveformTimerConfig)
    HAL_IncTick                              0x080043fd   Thumb Code    16  stm32f3xx_hal.o(i.HAL_IncTick)
    HAL_Init                                 0x08004415   Thumb Code    34  stm32f3xx_hal.o(i.HAL_Init)
    HAL_InitTick                             0x0800443d   Thumb Code   118  stm32f3xx_hal_timebase_tim.o(i.HAL_InitTick)
    HAL_MspInit                              0x080044c5   Thumb Code    68  stm32f3xx_hal_msp.o(i.HAL_MspInit)
    HAL_NVIC_EnableIRQ                       0x0800450d   Thumb Code    32  stm32f3xx_hal_cortex.o(i.HAL_NVIC_EnableIRQ)
    HAL_NVIC_SetPriority                     0x0800452d   Thumb Code   124  stm32f3xx_hal_cortex.o(i.HAL_NVIC_SetPriority)
    HAL_NVIC_SetPriorityGrouping             0x080045a9   Thumb Code    32  stm32f3xx_hal_cortex.o(i.HAL_NVIC_SetPriorityGrouping)
    HAL_OPAMP_Init                           0x080045d1   Thumb Code   264  stm32f3xx_hal_opamp.o(i.HAL_OPAMP_Init)
    HAL_OPAMP_MspInit                        0x080046e1   Thumb Code    76  opamp.o(i.HAL_OPAMP_MspInit)
    HAL_OPAMP_Start                          0x08004735   Thumb Code    54  stm32f3xx_hal_opamp.o(i.HAL_OPAMP_Start)
    HAL_RCCEx_PeriphCLKConfig                0x0800476d   Thumb Code   512  stm32f3xx_hal_rcc_ex.o(i.HAL_RCCEx_PeriphCLKConfig)
    HAL_RCC_ClockConfig                      0x08004979   Thumb Code   664  stm32f3xx_hal_rcc.o(i.HAL_RCC_ClockConfig)
    HAL_RCC_GetClockConfig                   0x08004c25   Thumb Code    58  stm32f3xx_hal_rcc.o(i.HAL_RCC_GetClockConfig)
    HAL_RCC_GetHCLKFreq                      0x08004c69   Thumb Code     6  stm32f3xx_hal_rcc.o(i.HAL_RCC_GetHCLKFreq)
    HAL_RCC_GetPCLK1Freq                     0x08004c75   Thumb Code    36  stm32f3xx_hal_rcc.o(i.HAL_RCC_GetPCLK1Freq)
    HAL_RCC_GetPCLK2Freq                     0x08004ca1   Thumb Code    36  stm32f3xx_hal_rcc.o(i.HAL_RCC_GetPCLK2Freq)
    HAL_RCC_GetSysClockFreq                  0x08004ccd   Thumb Code   138  stm32f3xx_hal_rcc.o(i.HAL_RCC_GetSysClockFreq)
    HAL_RCC_OscConfig                        0x08004d6d   Thumb Code  2586  stm32f3xx_hal_rcc.o(i.HAL_RCC_OscConfig)
    HAL_TIMEx_Break2Callback                 0x08005791   Thumb Code     2  stm32f3xx_hal_tim_ex.o(i.HAL_TIMEx_Break2Callback)
    HAL_TIMEx_BreakCallback                  0x08005793   Thumb Code     2  stm32f3xx_hal_tim_ex.o(i.HAL_TIMEx_BreakCallback)
    HAL_TIMEx_CommutCallback                 0x08005795   Thumb Code     2  stm32f3xx_hal_tim_ex.o(i.HAL_TIMEx_CommutCallback)
    HAL_TIMEx_MasterConfigSynchronization    0x08005799   Thumb Code   134  stm32f3xx_hal_tim_ex.o(i.HAL_TIMEx_MasterConfigSynchronization)
    HAL_TIM_Base_Init                        0x0800582d   Thumb Code   110  stm32f3xx_hal_tim.o(i.HAL_TIM_Base_Init)
    HAL_TIM_Base_MspInit                     0x0800589d   Thumb Code    58  tim.o(i.HAL_TIM_Base_MspInit)
    HAL_TIM_Base_Start_IT                    0x080058dd   Thumb Code   114  stm32f3xx_hal_tim.o(i.HAL_TIM_Base_Start_IT)
    HAL_TIM_ConfigClockSource                0x08005961   Thumb Code   268  stm32f3xx_hal_tim.o(i.HAL_TIM_ConfigClockSource)
    HAL_TIM_IC_CaptureCallback               0x08005a71   Thumb Code     2  stm32f3xx_hal_tim.o(i.HAL_TIM_IC_CaptureCallback)
    HAL_TIM_IRQHandler                       0x08005a73   Thumb Code   440  stm32f3xx_hal_tim.o(i.HAL_TIM_IRQHandler)
    HAL_TIM_OC_DelayElapsedCallback          0x08005c2b   Thumb Code     2  stm32f3xx_hal_tim.o(i.HAL_TIM_OC_DelayElapsedCallback)
    HAL_TIM_PWM_PulseFinishedCallback        0x08005c2d   Thumb Code     2  stm32f3xx_hal_tim.o(i.HAL_TIM_PWM_PulseFinishedCallback)
    HAL_TIM_PeriodElapsedCallback            0x08005c31   Thumb Code    18  main.o(i.HAL_TIM_PeriodElapsedCallback)
    HAL_TIM_TriggerCallback                  0x08005c49   Thumb Code     2  stm32f3xx_hal_tim.o(i.HAL_TIM_TriggerCallback)
    HAL_UART_Init                            0x08005c4b   Thumb Code   116  stm32f3xx_hal_uart.o(i.HAL_UART_Init)
    HAL_UART_MspInit                         0x08005cc1   Thumb Code   108  usart.o(i.HAL_UART_MspInit)
    HAL_UART_Receive                         0x08005d39   Thumb Code   296  stm32f3xx_hal_uart.o(i.HAL_UART_Receive)
    HAL_UART_Transmit                        0x08005e61   Thumb Code   210  stm32f3xx_hal_uart.o(i.HAL_UART_Transmit)
    HardFault_Handler                        0x0800634b   Thumb Code     4  stm32f3xx_it.o(i.HardFault_Handler)
    IIC_Start                                0x08006351   Thumb Code    48  oled.o(i.IIC_Start)
    IIC_Stop                                 0x08006385   Thumb Code    36  oled.o(i.IIC_Stop)
    IIC_Wait_Ack                             0x080063ad   Thumb Code    26  oled.o(i.IIC_Wait_Ack)
    KalmanCreate                             0x080063cd   Thumb Code    58  kalman.o(i.KalmanCreate)
    KalmanFilter                             0x0800640d   Thumb Code   134  kalman.o(i.KalmanFilter)
    MX_ADC1_Init                             0x08006495   Thumb Code   196  adc.o(i.MX_ADC1_Init)
    MX_ADC2_Init                             0x0800655d   Thumb Code   166  adc.o(i.MX_ADC2_Init)
    MX_CAN_Init                              0x0800660d   Thumb Code    58  can.o(i.MX_CAN_Init)
    MX_DMA_Init                              0x08006651   Thumb Code    64  dma.o(i.MX_DMA_Init)
    MX_FREERTOS_Init                         0x08006695   Thumb Code    46  freertos.o(i.MX_FREERTOS_Init)
    MX_GPIO_Init                             0x080066e9   Thumb Code   200  gpio.o(i.MX_GPIO_Init)
    MX_HRTIM1_Init                           0x080067b9   Thumb Code   564  hrtim.o(i.MX_HRTIM1_Init)
    MX_OPAMP2_Init                           0x080069f5   Thumb Code    40  opamp.o(i.MX_OPAMP2_Init)
    MX_TIM2_Init                             0x08006a25   Thumb Code   104  tim.o(i.MX_TIM2_Init)
    MX_USART2_UART_Init                      0x08006a91   Thumb Code    56  usart.o(i.MX_USART2_UART_Init)
    MemManage_Handler                        0x08006ad1   Thumb Code     4  stm32f3xx_it.o(i.MemManage_Handler)
    NMI_Handler                              0x08006ad5   Thumb Code     4  stm32f3xx_it.o(i.NMI_Handler)
    OLED_Clear                               0x08006ad9   Thumb Code    62  oled.o(i.OLED_Clear)
    OLED_Init                                0x08006b17   Thumb Code   198  oled.o(i.OLED_Init)
    OLED_Set_Pos                             0x08006bdd   Thumb Code    40  oled.o(i.OLED_Set_Pos)
    OLED_ShowChar                            0x08006c05   Thumb Code   154  oled.o(i.OLED_ShowChar)
    OLED_ShowString                          0x08006ca9   Thumb Code    56  oled.o(i.OLED_ShowString)
    OLED_WR_Byte                             0x08006ce1   Thumb Code    24  oled.o(i.OLED_WR_Byte)
    StartDefaultTask                         0x08006cf9   Thumb Code    10  freertos.o(i.StartDefaultTask)
    StartOLED                                0x08006d03   Thumb Code    14  cap.o(i.StartOLED)
    Startcap_loop                            0x08006d11   Thumb Code    24  cap.o(i.Startcap_loop)
    SysTick_Handler                          0x08006d29   Thumb Code    46  port.o(i.SysTick_Handler)
    SystemClock_Config                       0x08006d5d   Thumb Code   132  main.o(i.SystemClock_Config)
    SystemInit                               0x08006de1   Thumb Code    14  system_stm32f3xx.o(i.SystemInit)
    TIM2_IRQHandler                          0x08006df5   Thumb Code    90  stm32f3xx_it.o(i.TIM2_IRQHandler)
    TIM3_IRQHandler                          0x08006e6d   Thumb Code    10  stm32f3xx_it.o(i.TIM3_IRQHandler)
    TIM_Base_SetConfig                       0x08006e7d   Thumb Code   128  stm32f3xx_hal_tim.o(i.TIM_Base_SetConfig)
    TIM_ETR_SetConfig                        0x08006f11   Thumb Code    22  stm32f3xx_hal_tim.o(i.TIM_ETR_SetConfig)
    UART_AdvFeatureConfig                    0x08006f87   Thumb Code   248  stm32f3xx_hal_uart.o(i.UART_AdvFeatureConfig)
    UART_CheckIdleState                      0x0800707f   Thumb Code   114  stm32f3xx_hal_uart.o(i.UART_CheckIdleState)
    UART_SetConfig                           0x080070f1   Thumb Code   406  stm32f3xx_hal_uart.o(i.UART_SetConfig)
    UART_WaitOnFlagUntilTimeout              0x080072a1   Thumb Code   248  stm32f3xx_hal_uart.o(i.UART_WaitOnFlagUntilTimeout)
    UsageFault_Handler                       0x08007399   Thumb Code     4  stm32f3xx_it.o(i.UsageFault_Handler)
    Write_IIC_Byte                           0x0800739d   Thumb Code    96  oled.o(i.Write_IIC_Byte)
    Write_IIC_Command                        0x08007401   Thumb Code    44  oled.o(i.Write_IIC_Command)
    Write_IIC_Data                           0x0800742d   Thumb Code    44  oled.o(i.Write_IIC_Data)
    __ARM_fpclassify                         0x08007459   Thumb Code    48  fpclassify.o(i.__ARM_fpclassify)
    _is_digit                                0x080074d3   Thumb Code    14  __printf_wp.o(i._is_digit)
    adc_solve                                0x080074e1   Thumb Code   308  cap.o(i.adc_solve)
    can_send                                 0x0800762d   Thumb Code    78  cap.o(i.can_send)
    cap_loop                                 0x08007691   Thumb Code   116  cap.o(i.cap_loop)
    cap_pid_bat_power                        0x0800770d   Thumb Code  1412  cap.o(i.cap_pid_bat_power)
    cap_pid_i                                0x08007c9d   Thumb Code   352  cap.o(i.cap_pid_i)
    cap_pid_powerbuffer                      0x08007e11   Thumb Code   594  cap.o(i.cap_pid_powerbuffer)
    data_cal                                 0x0800807d   Thumb Code   350  cap.o(i.data_cal)
    err_adjust                               0x08008205   Thumb Code   542  cap.o(i.err_adjust)
    error_check                              0x08008451   Thumb Code   560  cap.o(i.error_check)
    flash_loop                               0x080086ad   Thumb Code   136  cap.o(i.flash_loop)
    float_to_int16                           0x08008751   Thumb Code    56  cap.o(i.float_to_int16)
    get_tickus                               0x08008789   Thumb Code    26  cap.o(i.get_tickus)
    hdma_adc1_cplt                           0x080087a9   Thumb Code   116  cap.o(i.hdma_adc1_cplt)
    hdma_adc2_cplt                           0x08008831   Thumb Code   116  cap.o(i.hdma_adc2_cplt)
    int16_to_float                           0x080088b9   Thumb Code    46  cap.o(i.int16_to_float)
    key_scan                                 0x080088e9   Thumb Code    64  cap.o(i.key_scan)
    led_blue_set                             0x08008939   Thumb Code    48  cap.o(i.led_blue_set)
    led_red_set                              0x0800896d   Thumb Code    36  cap.o(i.led_red_set)
    main                                     0x08008999   Thumb Code    64  main.o(i.main)
    oled_cal                                 0x080089d9   Thumb Code   800  cap.o(i.oled_cal)
    oled_display                             0x08008d41   Thumb Code   844  cap.o(i.oled_display)
    osDelay                                  0x080091a5   Thumb Code    50  cmsis_os2.o(i.osDelay)
    osKernelInitialize                       0x080091dd   Thumb Code    58  cmsis_os2.o(i.osKernelInitialize)
    osKernelStart                            0x0800921d   Thumb Code    64  cmsis_os2.o(i.osKernelStart)
    osThreadNew                              0x08009261   Thumb Code   216  cmsis_os2.o(i.osThreadNew)
    pvPortMalloc                             0x08009d09   Thumb Code   296  heap_4.o(i.pvPortMalloc)
    pwm_output                               0x08009e45   Thumb Code   226  cap.o(i.pwm_output)
    pxPortInitialiseStack                    0x08009f3d   Thumb Code    38  port.o(i.pxPortInitialiseStack)
    system_init                              0x08009f69   Thumb Code   222  cap.o(i.system_init)
    uxListRemove                             0x0800a095   Thumb Code    40  list.o(i.uxListRemove)
    vApplicationGetIdleTaskMemory            0x0800a0bd   Thumb Code    14  cmsis_os2.o(i.vApplicationGetIdleTaskMemory)
    vApplicationGetTimerTaskMemory           0x0800a0d5   Thumb Code    16  cmsis_os2.o(i.vApplicationGetTimerTaskMemory)
    vListInitialise                          0x0800a0ed   Thumb Code    26  list.o(i.vListInitialise)
    vListInitialiseItem                      0x0800a107   Thumb Code     6  list.o(i.vListInitialiseItem)
    vListInsert                              0x0800a10d   Thumb Code    52  list.o(i.vListInsert)
    vListInsertEnd                           0x0800a141   Thumb Code    24  list.o(i.vListInsertEnd)
    vPortEnterCritical                       0x0800a159   Thumb Code    76  port.o(i.vPortEnterCritical)
    vPortExitCritical                        0x0800a1ad   Thumb Code    56  port.o(i.vPortExitCritical)
    vPortFree                                0x0800a1e9   Thumb Code   140  heap_4.o(i.vPortFree)
    vPortSetupTimerInterrupt                 0x0800a27d   Thumb Code    36  port.o(i.vPortSetupTimerInterrupt)
    vPortValidateInterruptPriority           0x0800a2a5   Thumb Code   106  port.o(i.vPortValidateInterruptPriority)
    vQueueAddToRegistry                      0x0800a31d   Thumb Code    38  queue.o(i.vQueueAddToRegistry)
    vQueueWaitForMessageRestricted           0x0800a349   Thumb Code    74  queue.o(i.vQueueWaitForMessageRestricted)
    vTaskDelay                               0x0800a395   Thumb Code    82  tasks.o(i.vTaskDelay)
    vTaskDelayUntil                          0x0800a3f1   Thumb Code   200  tasks.o(i.vTaskDelayUntil)
    vTaskInternalSetTimeOutState             0x0800a4c5   Thumb Code    14  tasks.o(i.vTaskInternalSetTimeOutState)
    vTaskMissedYield                         0x0800a4dd   Thumb Code     8  tasks.o(i.vTaskMissedYield)
    vTaskPlaceOnEventList                    0x0800a4e9   Thumb Code    52  tasks.o(i.vTaskPlaceOnEventList)
    vTaskPlaceOnEventListRestricted          0x0800a521   Thumb Code    60  tasks.o(i.vTaskPlaceOnEventListRestricted)
    vTaskStartScheduler                      0x0800a561   Thumb Code   156  tasks.o(i.vTaskStartScheduler)
    vTaskSuspendAll                          0x0800a619   Thumb Code    12  tasks.o(i.vTaskSuspendAll)
    vTaskSwitchContext                       0x0800a629   Thumb Code   122  tasks.o(i.vTaskSwitchContext)
    xPortStartScheduler                      0x0800a6b9   Thumb Code   330  port.o(i.xPortStartScheduler)
    xQueueGenericCreateStatic                0x0800a821   Thumb Code   222  queue.o(i.xQueueGenericCreateStatic)
    xQueueGenericReset                       0x0800a901   Thumb Code   146  queue.o(i.xQueueGenericReset)
    xQueueGenericSend                        0x0800a999   Thumb Code   420  queue.o(i.xQueueGenericSend)
    xQueueGenericSendFromISR                 0x0800ab41   Thumb Code   248  queue.o(i.xQueueGenericSendFromISR)
    xQueueReceive                            0x0800ac39   Thumb Code   356  queue.o(i.xQueueReceive)
    xTaskCheckForTimeOut                     0x0800ada1   Thumb Code   132  tasks.o(i.xTaskCheckForTimeOut)
    xTaskCreate                              0x0800ae2d   Thumb Code   100  tasks.o(i.xTaskCreate)
    xTaskCreateStatic                        0x0800ae91   Thumb Code   184  tasks.o(i.xTaskCreateStatic)
    xTaskGetSchedulerState                   0x0800af49   Thumb Code    24  tasks.o(i.xTaskGetSchedulerState)
    xTaskGetTickCount                        0x0800af69   Thumb Code     6  tasks.o(i.xTaskGetTickCount)
    xTaskIncrementTick                       0x0800af75   Thumb Code   280  tasks.o(i.xTaskIncrementTick)
    xTaskPriorityDisinherit                  0x0800b0b9   Thumb Code   152  tasks.o(i.xTaskPriorityDisinherit)
    xTaskRemoveFromEventList                 0x0800b15d   Thumb Code   126  tasks.o(i.xTaskRemoveFromEventList)
    xTaskResumeAll                           0x0800b1f5   Thumb Code   222  tasks.o(i.xTaskResumeAll)
    xTimerCreateTimerTask                    0x0800b2f9   Thumb Code   100  timers.o(i.xTimerCreateTimerTask)
    xTimerGenericCommand                     0x0800b371   Thumb Code   128  timers.o(i.xTimerGenericCommand)
    _get_lc_numeric                          0x0800b3f5   Thumb Code    44  lc_numeric_c.o(locale$$code)
    __fpl_dretinf                            0x0800b421   Thumb Code    12  dretinf.o(x$fpl$dretinf)
    __aeabi_f2d                              0x0800b42d   Thumb Code     0  f2d.o(x$fpl$f2d)
    _f2d                                     0x0800b42d   Thumb Code    86  f2d.o(x$fpl$f2d)
    __fpl_fnaninf                            0x0800b483   Thumb Code   140  fnaninf.o(x$fpl$fnaninf)
    _fp_init                                 0x0800b50f   Thumb Code    10  fpinit.o(x$fpl$fpinit)
    __fplib_config_fpu_vfp                   0x0800b517   Thumb Code     0  fpinit.o(x$fpl$fpinit)
    __fplib_config_pureend_doubles           0x0800b517   Thumb Code     0  fpinit.o(x$fpl$fpinit)
    _printf_fp_dec                           0x0800b519   Thumb Code     4  printf1.o(x$fpl$printf1)
    __I$use$fp                               0x0800b51c   Number         0  usenofp.o(x$fpl$usenofp)
    defaultTask_attributes                   0x0800b51c   Data          36  freertos.o(.constdata)
    OLED_attributes                          0x0800b540   Data          36  freertos.o(.constdata)
    cap_loop_attributes                      0x0800b564   Data          36  freertos.o(.constdata)
    aPLLMULFactorTable                       0x0800b588   Data          16  stm32f3xx_hal_rcc.o(.constdata)
    aPredivFactorTable                       0x0800b598   Data          16  stm32f3xx_hal_rcc.o(.constdata)
    AHBPrescTable                            0x0800b5a8   Data          16  system_stm32f3xx.o(.constdata)
    APBPrescTable                            0x0800b5b8   Data           8  system_stm32f3xx.o(.constdata)
    F6x8                                     0x0800b5c0   Data         552  oled.o(.constdata)
    F8X16                                    0x0800b7e8   Data        1520  oled.o(.constdata)
    Region$$Table$$Base                      0x0800bea0   Number         0  anon$$obj.o(Region$$Table)
    Region$$Table$$Limit                     0x0800bee0   Number         0  anon$$obj.o(Region$$Table)
    defaultTaskHandle                        0x10000000   Data           4  freertos.o(.data)
    OLEDHandle                               0x10000004   Data           4  freertos.o(.data)
    cap_loopHandle                           0x10000008   Data           4  freertos.o(.data)
    pxCurrentTCB                             0x10000010   Data           4  tasks.o(.data)
    hadc1                                    0x10000074   Data          80  adc.o(.bss)
    hadc2                                    0x100000c4   Data          80  adc.o(.bss)
    hdma_adc1                                0x10000114   Data          68  adc.o(.bss)
    hdma_adc2                                0x10000158   Data          68  adc.o(.bss)
    huart2                                   0x1000019c   Data         132  usart.o(.bss)
    htim3                                    0x10000220   Data          76  stm32f3xx_hal_timebase_tim.o(.bss)
    pFlash                                   0x10000270   Data          32  stm32f3xx_hal_flash.o(.bss)
    __libspace_start                         0x100003a8   Data          96  libspace.o(.bss)
    __temporary_stack_top$libspace           0x10000408   Data           0  libspace.o(.bss)
    uwTick                                   0x20000000   Data           4  stm32f3xx_hal.o(.data)
    uwTickPrio                               0x20000004   Data           4  stm32f3xx_hal.o(.data)
    uwTickFreq                               0x20000008   Data           1  stm32f3xx_hal.o(.data)
    SystemCoreClock                          0x2000000c   Data           4  system_stm32f3xx.o(.data)
    cap_vol_max_limit                        0x20000010   Data           4  cap.o(.data)
    bat_power                                0x20000014   Data           4  cap.o(.data)
    cap_power                                0x20000018   Data           4  cap.o(.data)
    chas_power                               0x2000001c   Data           4  cap.o(.data)
    count                                    0x20000020   Data           4  cap.o(.data)
    efficiency_sec                           0x20000024   Data           4  cap.o(.data)
    efficiency_rec                           0x20000028   Data           4  cap.o(.data)
    capacity                                 0x2000002c   Data           4  cap.o(.data)
    resistance                               0x20000030   Data           4  cap.o(.data)
    can_send_data                            0x20000034   Data           8  cap.o(.data)
    outtime                                  0x2000003c   Data          20  cap.o(.data)
    pwm_switch                               0x20000050   Data           1  cap.o(.data)
    adjust_switch                            0x20000051   Data           1  cap.o(.data)
    key_press                                0x20000052   Data           1  cap.o(.data)
    display_mode                             0x20000053   Data           1  cap.o(.data)
    powerin_rec                              0x20000054   Data           4  cap.o(.data)
    powerout_rec                             0x20000058   Data           4  cap.o(.data)
    cap_state                                0x2000005c   Data           2  cap.o(.data)
    adc_data                                 0x20000060   Data         116  cap.o(.data)
    pid_cap_i                                0x200000d4   Data          80  cap.o(.data)
    pid_bat_power                            0x20000124   Data          80  cap.o(.data)
    pid_powerbuffer                          0x20000174   Data          80  cap.o(.data)
    count_hdma_adc1                          0x200001c4   Data           4  cap.o(.data)
    count_hdma_adc2                          0x200001c8   Data           4  cap.o(.data)
    energy_rec                               0x200001cc   Data           4  cap.o(.data)
    time_rec                                 0x200001d0   Data           4  cap.o(.data)
    flash_info                               0x200001f9   Data          12  flash.o(.data)
    hcanRxFrame                              0x2000021c   Data          36  can.o(.bss)
    hcanTxFrame                              0x20000240   Data          36  can.o(.bss)
    hcan                                     0x20000264   Data          40  can.o(.bss)
    hhrtim1                                  0x2000028c   Data         220  hrtim.o(.bss)
    hopamp2                                  0x20000368   Data          52  opamp.o(.bss)
    htim2                                    0x2000039c   Data          76  tim.o(.bss)
    p_bat_v                                  0x200003e8   Data          48  cap.o(.bss)
    p_bat_i                                  0x20000418   Data          48  cap.o(.bss)
    p_cap_v                                  0x20000448   Data          48  cap.o(.bss)
    p_cap_i                                  0x20000478   Data          48  cap.o(.bss)
    p_chas_v                                 0x200004a8   Data          48  cap.o(.bss)
    p_chas_i                                 0x200004d8   Data          48  cap.o(.bss)
    p_bat_i_err                              0x20000508   Data          48  cap.o(.bss)
    p_bat_v_err                              0x20000538   Data          48  cap.o(.bss)
    power_adjust                             0x20000568   Data          12  cap.o(.bss)
    cap_vol_max_adjust                       0x20000574   Data         176  cap.o(.bss)
    receive_data                             0x20000624   Data          14  cap.o(.bss)
    load                                     0x20000634   Data          40  cap.o(.bss)
    cap_vol                                  0x2000065c   Data          28  cap.o(.bss)
    chas_pow                                 0x20000678   Data          28  cap.o(.bss)
    powerbuff                                0x20000694   Data          20  cap.o(.bss)
    flash_cmd                                0x200006bc   Data          20  flash.o(.bss)
    data_temp                                0x200006d0   Data          12  flash.o(.bss)
    xQueueRegistry                           0x200006dc   Data          64  queue.o(.bss)



==============================================================================

Memory Map of the image

  Image Entry point : 0x08000189

  Load Region LR_IROM1 (Base: 0x08000000, Size: 0x0000c18c, Max: 0x00010000, ABSOLUTE, COMPRESSED[0x0000bfcc])

    Execution Region ER_IROM1 (Exec base: 0x08000000, Load base: 0x08000000, Size: 0x0000befc, Max: 0x00010000, ABSOLUTE)

    Exec Addr    Load Addr    Size         Type   Attr      Idx    E Section Name        Object

    0x08000000   0x08000000   0x00000188   Data   RO            3    RESET               startup_stm32f334x8.o
    0x08000188   0x08000188   0x00000008   Code   RO         7689  * !!!main             c_w.l(__main.o)
    0x08000190   0x08000190   0x00000034   Code   RO         7923    !!!scatter          c_w.l(__scatter.o)
    0x080001c4   0x080001c4   0x0000005a   Code   RO         7921    !!dczerorl2         c_w.l(__dczerorl2.o)
    0x0800021e   0x0800021e   0x00000002   PAD
    0x08000220   0x08000220   0x0000001a   Code   RO         7925    !!handler_copy      c_w.l(__scatter_copy.o)
    0x0800023a   0x0800023a   0x00000002   PAD
    0x0800023c   0x0800023c   0x0000001c   Code   RO         7927    !!handler_zi        c_w.l(__scatter_zi.o)
    0x08000258   0x08000258   0x00000000   Code   RO         7674    .ARM.Collect$$_printf_percent$$00000000  c_w.l(_printf_percent.o)
    0x08000258   0x08000258   0x00000006   Code   RO         7673    .ARM.Collect$$_printf_percent$$00000003  c_w.l(_printf_f.o)
    0x0800025e   0x0800025e   0x00000006   Code   RO         7672    .ARM.Collect$$_printf_percent$$00000009  c_w.l(_printf_d.o)
    0x08000264   0x08000264   0x00000004   Code   RO         7708    .ARM.Collect$$_printf_percent$$00000017  c_w.l(_printf_percent_end.o)
    0x08000268   0x08000268   0x00000002   Code   RO         7794    .ARM.Collect$$libinit$$00000000  c_w.l(libinit.o)
    0x0800026a   0x0800026a   0x00000004   Code   RO         7795    .ARM.Collect$$libinit$$00000001  c_w.l(libinit2.o)
    0x0800026e   0x0800026e   0x00000000   Code   RO         7798    .ARM.Collect$$libinit$$00000004  c_w.l(libinit2.o)
    0x0800026e   0x0800026e   0x00000000   Code   RO         7801    .ARM.Collect$$libinit$$0000000A  c_w.l(libinit2.o)
    0x0800026e   0x0800026e   0x00000000   Code   RO         7803    .ARM.Collect$$libinit$$0000000C  c_w.l(libinit2.o)
    0x0800026e   0x0800026e   0x00000000   Code   RO         7805    .ARM.Collect$$libinit$$0000000E  c_w.l(libinit2.o)
    0x0800026e   0x0800026e   0x00000006   Code   RO         7806    .ARM.Collect$$libinit$$0000000F  c_w.l(libinit2.o)
    0x08000274   0x08000274   0x00000000   Code   RO         7808    .ARM.Collect$$libinit$$00000011  c_w.l(libinit2.o)
    0x08000274   0x08000274   0x00000000   Code   RO         7810    .ARM.Collect$$libinit$$00000013  c_w.l(libinit2.o)
    0x08000274   0x08000274   0x00000000   Code   RO         7812    .ARM.Collect$$libinit$$00000015  c_w.l(libinit2.o)
    0x08000274   0x08000274   0x0000000a   Code   RO         7813    .ARM.Collect$$libinit$$00000016  c_w.l(libinit2.o)
    0x0800027e   0x0800027e   0x00000000   Code   RO         7814    .ARM.Collect$$libinit$$00000017  c_w.l(libinit2.o)
    0x0800027e   0x0800027e   0x00000000   Code   RO         7816    .ARM.Collect$$libinit$$00000019  c_w.l(libinit2.o)
    0x0800027e   0x0800027e   0x00000000   Code   RO         7818    .ARM.Collect$$libinit$$0000001B  c_w.l(libinit2.o)
    0x0800027e   0x0800027e   0x00000000   Code   RO         7820    .ARM.Collect$$libinit$$0000001D  c_w.l(libinit2.o)
    0x0800027e   0x0800027e   0x00000000   Code   RO         7822    .ARM.Collect$$libinit$$0000001F  c_w.l(libinit2.o)
    0x0800027e   0x0800027e   0x00000000   Code   RO         7824    .ARM.Collect$$libinit$$00000021  c_w.l(libinit2.o)
    0x0800027e   0x0800027e   0x00000000   Code   RO         7826    .ARM.Collect$$libinit$$00000023  c_w.l(libinit2.o)
    0x0800027e   0x0800027e   0x00000000   Code   RO         7828    .ARM.Collect$$libinit$$00000025  c_w.l(libinit2.o)
    0x0800027e   0x0800027e   0x00000000   Code   RO         7832    .ARM.Collect$$libinit$$0000002C  c_w.l(libinit2.o)
    0x0800027e   0x0800027e   0x00000000   Code   RO         7834    .ARM.Collect$$libinit$$0000002E  c_w.l(libinit2.o)
    0x0800027e   0x0800027e   0x00000000   Code   RO         7836    .ARM.Collect$$libinit$$00000030  c_w.l(libinit2.o)
    0x0800027e   0x0800027e   0x00000000   Code   RO         7838    .ARM.Collect$$libinit$$00000032  c_w.l(libinit2.o)
    0x0800027e   0x0800027e   0x00000002   Code   RO         7839    .ARM.Collect$$libinit$$00000033  c_w.l(libinit2.o)
    0x08000280   0x08000280   0x00000002   Code   RO         7886    .ARM.Collect$$libshutdown$$00000000  c_w.l(libshutdown.o)
    0x08000282   0x08000282   0x00000000   Code   RO         7904    .ARM.Collect$$libshutdown$$00000002  c_w.l(libshutdown2.o)
    0x08000282   0x08000282   0x00000000   Code   RO         7906    .ARM.Collect$$libshutdown$$00000004  c_w.l(libshutdown2.o)
    0x08000282   0x08000282   0x00000000   Code   RO         7909    .ARM.Collect$$libshutdown$$00000007  c_w.l(libshutdown2.o)
    0x08000282   0x08000282   0x00000000   Code   RO         7912    .ARM.Collect$$libshutdown$$0000000A  c_w.l(libshutdown2.o)
    0x08000282   0x08000282   0x00000000   Code   RO         7914    .ARM.Collect$$libshutdown$$0000000C  c_w.l(libshutdown2.o)
    0x08000282   0x08000282   0x00000000   Code   RO         7917    .ARM.Collect$$libshutdown$$0000000F  c_w.l(libshutdown2.o)
    0x08000282   0x08000282   0x00000002   Code   RO         7918    .ARM.Collect$$libshutdown$$00000010  c_w.l(libshutdown2.o)
    0x08000284   0x08000284   0x00000000   Code   RO         7695    .ARM.Collect$$rtentry$$00000000  c_w.l(__rtentry.o)
    0x08000284   0x08000284   0x00000000   Code   RO         7717    .ARM.Collect$$rtentry$$00000002  c_w.l(__rtentry2.o)
    0x08000284   0x08000284   0x00000006   Code   RO         7729    .ARM.Collect$$rtentry$$00000004  c_w.l(__rtentry4.o)
    0x0800028a   0x0800028a   0x00000000   Code   RO         7719    .ARM.Collect$$rtentry$$00000009  c_w.l(__rtentry2.o)
    0x0800028a   0x0800028a   0x00000004   Code   RO         7720    .ARM.Collect$$rtentry$$0000000A  c_w.l(__rtentry2.o)
    0x0800028e   0x0800028e   0x00000000   Code   RO         7722    .ARM.Collect$$rtentry$$0000000C  c_w.l(__rtentry2.o)
    0x0800028e   0x0800028e   0x00000008   Code   RO         7723    .ARM.Collect$$rtentry$$0000000D  c_w.l(__rtentry2.o)
    0x08000296   0x08000296   0x00000002   Code   RO         7840    .ARM.Collect$$rtexit$$00000000  c_w.l(rtexit.o)
    0x08000298   0x08000298   0x00000000   Code   RO         7855    .ARM.Collect$$rtexit$$00000002  c_w.l(rtexit2.o)
    0x08000298   0x08000298   0x00000004   Code   RO         7856    .ARM.Collect$$rtexit$$00000003  c_w.l(rtexit2.o)
    0x0800029c   0x0800029c   0x00000006   Code   RO         7857    .ARM.Collect$$rtexit$$00000004  c_w.l(rtexit2.o)
    0x080002a2   0x080002a2   0x00000002   PAD
    0x080002a4   0x080002a4   0x000000be   Code   RO         7559    .emb_text           port.o
    0x08000362   0x08000362   0x00000002   PAD
    0x08000364   0x08000364   0x00000040   Code   RO            4    .text               startup_stm32f334x8.o
    0x080003a4   0x080003a4   0x000000ee   Code   RO         7638    .text               c_w.l(lludivv7m.o)
    0x08000492   0x08000492   0x00000026   Code   RO         7640    .text               c_w.l(llushr.o)
    0x080004b8   0x080004b8   0x00000028   Code   RO         7644    .text               c_w.l(noretval__2sprintf.o)
    0x080004e0   0x080004e0   0x0000004e   Code   RO         7648    .text               c_w.l(_printf_pad.o)
    0x0800052e   0x0800052e   0x00000002   PAD
    0x08000530   0x08000530   0x00000078   Code   RO         7650    .text               c_w.l(_printf_dec.o)
    0x080005a8   0x080005a8   0x00000138   Code   RO         7664    .text               c_w.l(__printf_flags_wp.o)
    0x080006e0   0x080006e0   0x0000003e   Code   RO         7675    .text               c_w.l(strlen.o)
    0x0800071e   0x0800071e   0x0000008a   Code   RO         7677    .text               c_w.l(rt_memcpy_v6.o)
    0x080007a8   0x080007a8   0x00000064   Code   RO         7679    .text               c_w.l(rt_memcpy_w.o)
    0x0800080c   0x0800080c   0x00000010   Code   RO         7683    .text               c_w.l(aeabi_memset.o)
    0x0800081c   0x0800081c   0x0000004e   Code   RO         7685    .text               c_w.l(rt_memclr_w.o)
    0x0800086a   0x0800086a   0x00000006   Code   RO         7687    .text               c_w.l(heapauxi.o)
    0x08000870   0x08000870   0x000000b2   Code   RO         7700    .text               c_w.l(_printf_intcommon.o)
    0x08000922   0x08000922   0x0000041e   Code   RO         7702    .text               c_w.l(_printf_fp_dec.o)
    0x08000d40   0x08000d40   0x00000030   Code   RO         7704    .text               c_w.l(_printf_char_common.o)
    0x08000d70   0x08000d70   0x0000000a   Code   RO         7706    .text               c_w.l(_sputc.o)
    0x08000d7a   0x08000d7a   0x00000044   Code   RO         7709    .text               c_w.l(rt_memclr.o)
    0x08000dbe   0x08000dbe   0x00000002   PAD
    0x08000dc0   0x08000dc0   0x00000008   Code   RO         7736    .text               c_w.l(rt_locale_intlibspace.o)
    0x08000dc8   0x08000dc8   0x0000008a   Code   RO         7738    .text               c_w.l(lludiv10.o)
    0x08000e52   0x08000e52   0x00000002   PAD
    0x08000e54   0x08000e54   0x00000080   Code   RO         7740    .text               c_w.l(_printf_fp_infnan.o)
    0x08000ed4   0x08000ed4   0x000000e4   Code   RO         7744    .text               c_w.l(bigflt0.o)
    0x08000fb8   0x08000fb8   0x00000008   Code   RO         7776    .text               c_w.l(libspace.o)
    0x08000fc0   0x08000fc0   0x0000004a   Code   RO         7779    .text               c_w.l(sys_stackheap_outer.o)
    0x0800100a   0x0800100a   0x00000012   Code   RO         7781    .text               c_w.l(exit.o)
    0x0800101c   0x0800101c   0x00000080   Code   RO         7787    .text               c_w.l(strcmpv7m.o)
    0x0800109c   0x0800109c   0x0000000c   Code   RO         7852    .text               c_w.l(sys_exit.o)
    0x080010a8   0x080010a8   0x00000002   Code   RO         7873    .text               c_w.l(use_no_semi.o)
    0x080010aa   0x080010aa   0x00000000   Code   RO         7875    .text               c_w.l(indicate_semi.o)
    0x080010aa   0x080010aa   0x0000003e   Code   RO         7747    CL$$btod_d2e        c_w.l(btod.o)
    0x080010e8   0x080010e8   0x00000046   Code   RO         7749    CL$$btod_d2e_denorm_low  c_w.l(btod.o)
    0x0800112e   0x0800112e   0x00000060   Code   RO         7748    CL$$btod_d2e_norm_op1  c_w.l(btod.o)
    0x0800118e   0x0800118e   0x00000338   Code   RO         7757    CL$$btod_div_common  c_w.l(btod.o)
    0x080014c6   0x080014c6   0x000000dc   Code   RO         7754    CL$$btod_e2e        c_w.l(btod.o)
    0x080015a2   0x080015a2   0x0000002a   Code   RO         7751    CL$$btod_ediv       c_w.l(btod.o)
    0x080015cc   0x080015cc   0x0000002a   Code   RO         7750    CL$$btod_emul       c_w.l(btod.o)
    0x080015f6   0x080015f6   0x00000244   Code   RO         7756    CL$$btod_mult_common  c_w.l(btod.o)
    0x0800183a   0x0800183a   0x0000004e   Code   RO          943    i.ADC_DMAConvCplt   stm32f3xx_hal_adc_ex.o
    0x08001888   0x08001888   0x0000001e   Code   RO          944    i.ADC_DMAError      stm32f3xx_hal_adc_ex.o
    0x080018a6   0x080018a6   0x0000000e   Code   RO          945    i.ADC_DMAHalfConvCplt  stm32f3xx_hal_adc_ex.o
    0x080018b4   0x080018b4   0x000000a2   Code   RO          946    i.ADC_Disable       stm32f3xx_hal_adc_ex.o
    0x08001956   0x08001956   0x00000002   PAD
    0x08001958   0x08001958   0x0000009c   Code   RO          947    i.ADC_Enable        stm32f3xx_hal_adc_ex.o
    0x080019f4   0x080019f4   0x00000004   Code   RO          641    i.BusFault_Handler  stm32f3xx_it.o
    0x080019f8   0x080019f8   0x0000001c   Code   RO          378    i.CAN_Filter_ParamsInit  can.o
    0x08001a14   0x08001a14   0x00000028   Code   RO          379    i.CAN_Init          can.o
    0x08001a3c   0x08001a3c   0x00000010   Code   RO          642    i.CAN_RX0_IRQHandler  stm32f3xx_it.o
    0x08001a4c   0x08001a4c   0x00000068   Code   RO          380    i.CAN_SendData      can.o
    0x08001ab4   0x08001ab4   0x00000160   Code   RO         5353    i.CAN_rxDataHandler  cap.o
    0x08001c14   0x08001c14   0x00000010   Code   RO          643    i.DMA1_Channel1_IRQHandler  stm32f3xx_it.o
    0x08001c24   0x08001c24   0x00000010   Code   RO          644    i.DMA1_Channel2_IRQHandler  stm32f3xx_it.o
    0x08001c34   0x08001c34   0x0000001c   Code   RO         1593    i.DMA_CalcBaseAndBitshift  stm32f3xx_hal_dma.o
    0x08001c50   0x08001c50   0x0000002c   Code   RO         1594    i.DMA_SetConfig     stm32f3xx_hal_dma.o
    0x08001c7c   0x08001c7c   0x00000002   Code   RO          645    i.DebugMon_Handler  stm32f3xx_it.o
    0x08001c7e   0x08001c7e   0x00000002   PAD
    0x08001c80   0x08001c80   0x00000024   Code   RO         5897    i.Erase_Flash_SECTOR_ALL  flash.o
    0x08001ca4   0x08001ca4   0x00000040   Code   RO         5898    i.Erase_Flash_SECTOR_NOW  flash.o
    0x08001ce4   0x08001ce4   0x00000006   Code   RO           13    i.Error_Handler     main.o
    0x08001cea   0x08001cea   0x00000002   PAD
    0x08001cec   0x08001cec   0x00000028   Code   RO         2056    i.FLASH_MassErase   stm32f3xx_hal_flash_ex.o
    0x08001d14   0x08001d14   0x00000028   Code   RO         2065    i.FLASH_PageErase   stm32f3xx_hal_flash_ex.o
    0x08001d3c   0x08001d3c   0x00000020   Code   RO         1953    i.FLASH_Program_HalfWord  stm32f3xx_hal_flash.o
    0x08001d5c   0x08001d5c   0x00000048   Code   RO         1954    i.FLASH_SetErrorCode  stm32f3xx_hal_flash.o
    0x08001da4   0x08001da4   0x00000064   Code   RO         1955    i.FLASH_WaitForLastOperation  stm32f3xx_hal_flash.o
    0x08001e08   0x08001e08   0x00000040   Code   RO         5899    i.Flash_Empty_Check  flash.o
    0x08001e48   0x08001e48   0x00000024   Code   RO         5900    i.Flash_Erase       flash.o
    0x08001e6c   0x08001e6c   0x0000006c   Code   RO         5901    i.Flash_Init        flash.o
    0x08001ed8   0x08001ed8   0x00000038   Code   RO         5902    i.Flash_Read        flash.o
    0x08001f10   0x08001f10   0x00000098   Code   RO         5903    i.Flash_Write       flash.o
    0x08001fa8   0x08001fa8   0x00000304   Code   RO         5904    i.Flash_usart_solve  flash.o
    0x080022ac   0x080022ac   0x000000bc   Code   RO          950    i.HAL_ADCEx_Calibration_Start  stm32f3xx_hal_adc_ex.o
    0x08002368   0x08002368   0x0000013c   Code   RO          962    i.HAL_ADCEx_MultiModeConfigChannel  stm32f3xx_hal_adc_ex.o
    0x080024a4   0x080024a4   0x0000041c   Code   RO          971    i.HAL_ADC_ConfigChannel  stm32f3xx_hal_adc_ex.o
    0x080028c0   0x080028c0   0x00000002   Code   RO          794    i.HAL_ADC_ConvCpltCallback  stm32f3xx_hal_adc.o
    0x080028c2   0x080028c2   0x00000002   Code   RO          795    i.HAL_ADC_ConvHalfCpltCallback  stm32f3xx_hal_adc.o
    0x080028c4   0x080028c4   0x00000002   Code   RO          797    i.HAL_ADC_ErrorCallback  stm32f3xx_hal_adc.o
    0x080028c6   0x080028c6   0x00000002   PAD
    0x080028c8   0x080028c8   0x00000254   Code   RO          975    i.HAL_ADC_Init      stm32f3xx_hal_adc_ex.o
    0x08002b1c   0x08002b1c   0x000001d0   Code   RO          330    i.HAL_ADC_MspInit   adc.o
    0x08002cec   0x08002cec   0x00000168   Code   RO          979    i.HAL_ADC_Start_DMA  stm32f3xx_hal_adc_ex.o
    0x08002e54   0x08002e54   0x0000002a   Code   RO         2751    i.HAL_CAN_ActivateNotification  stm32f3xx_hal_can.o
    0x08002e7e   0x08002e7e   0x00000156   Code   RO         2752    i.HAL_CAN_AddTxMessage  stm32f3xx_hal_can.o
    0x08002fd4   0x08002fd4   0x0000010a   Code   RO         2753    i.HAL_CAN_ConfigFilter  stm32f3xx_hal_can.o
    0x080030de   0x080030de   0x00000002   Code   RO         2756    i.HAL_CAN_ErrorCallback  stm32f3xx_hal_can.o
    0x080030e0   0x080030e0   0x0000017a   Code   RO         2759    i.HAL_CAN_GetRxMessage  stm32f3xx_hal_can.o
    0x0800325a   0x0800325a   0x0000024e   Code   RO         2763    i.HAL_CAN_IRQHandler  stm32f3xx_hal_can.o
    0x080034a8   0x080034a8   0x00000174   Code   RO         2764    i.HAL_CAN_Init      stm32f3xx_hal_can.o
    0x0800361c   0x0800361c   0x00000088   Code   RO          382    i.HAL_CAN_MspInit   can.o
    0x080036a4   0x080036a4   0x00000002   Code   RO         2771    i.HAL_CAN_RxFifo0FullCallback  stm32f3xx_hal_can.o
    0x080036a6   0x080036a6   0x00000002   PAD
    0x080036a8   0x080036a8   0x00000024   Code   RO          383    i.HAL_CAN_RxFifo0MsgPendingCallback  can.o
    0x080036cc   0x080036cc   0x00000002   Code   RO         2773    i.HAL_CAN_RxFifo1FullCallback  stm32f3xx_hal_can.o
    0x080036ce   0x080036ce   0x00000002   Code   RO         2774    i.HAL_CAN_RxFifo1MsgPendingCallback  stm32f3xx_hal_can.o
    0x080036d0   0x080036d0   0x00000002   Code   RO         2775    i.HAL_CAN_SleepCallback  stm32f3xx_hal_can.o
    0x080036d2   0x080036d2   0x0000005e   Code   RO         2776    i.HAL_CAN_Start     stm32f3xx_hal_can.o
    0x08003730   0x08003730   0x00000002   Code   RO         2778    i.HAL_CAN_TxMailbox0AbortCallback  stm32f3xx_hal_can.o
    0x08003732   0x08003732   0x00000002   Code   RO         2779    i.HAL_CAN_TxMailbox0CompleteCallback  stm32f3xx_hal_can.o
    0x08003734   0x08003734   0x00000002   Code   RO         2780    i.HAL_CAN_TxMailbox1AbortCallback  stm32f3xx_hal_can.o
    0x08003736   0x08003736   0x00000002   Code   RO         2781    i.HAL_CAN_TxMailbox1CompleteCallback  stm32f3xx_hal_can.o
    0x08003738   0x08003738   0x00000002   Code   RO         2782    i.HAL_CAN_TxMailbox2AbortCallback  stm32f3xx_hal_can.o
    0x0800373a   0x0800373a   0x00000002   Code   RO         2783    i.HAL_CAN_TxMailbox2CompleteCallback  stm32f3xx_hal_can.o
    0x0800373c   0x0800373c   0x00000002   Code   RO         2785    i.HAL_CAN_WakeUpFromRxMsgCallback  stm32f3xx_hal_can.o
    0x0800373e   0x0800373e   0x000000e6   Code   RO         1600    i.HAL_DMA_IRQHandler  stm32f3xx_hal_dma.o
    0x08003824   0x08003824   0x00000056   Code   RO         1601    i.HAL_DMA_Init      stm32f3xx_hal_dma.o
    0x0800387a   0x0800387a   0x0000009c   Code   RO         1605    i.HAL_DMA_Start_IT  stm32f3xx_hal_dma.o
    0x08003916   0x08003916   0x00000002   PAD
    0x08003918   0x08003918   0x00000028   Code   RO         1213    i.HAL_Delay         stm32f3xx_hal.o
    0x08003940   0x08003940   0x000000b0   Code   RO         2066    i.HAL_FLASHEx_Erase  stm32f3xx_hal_flash_ex.o
    0x080039f0   0x080039f0   0x00000014   Code   RO         1959    i.HAL_FLASH_Lock    stm32f3xx_hal_flash.o
    0x08003a04   0x08003a04   0x000000b0   Code   RO         1964    i.HAL_FLASH_Program  stm32f3xx_hal_flash.o
    0x08003ab4   0x08003ab4   0x00000030   Code   RO         1966    i.HAL_FLASH_Unlock  stm32f3xx_hal_flash.o
    0x08003ae4   0x08003ae4   0x000001b0   Code   RO         1530    i.HAL_GPIO_Init     stm32f3xx_hal_gpio.o
    0x08003c94   0x08003c94   0x00000010   Code   RO         1532    i.HAL_GPIO_ReadPin  stm32f3xx_hal_gpio.o
    0x08003ca4   0x08003ca4   0x0000000a   Code   RO         1534    i.HAL_GPIO_WritePin  stm32f3xx_hal_gpio.o
    0x08003cae   0x08003cae   0x00000002   PAD
    0x08003cb0   0x08003cb0   0x0000000c   Code   RO         1217    i.HAL_GetTick       stm32f3xx_hal.o
    0x08003cbc   0x08003cbc   0x00000080   Code   RO         3002    i.HAL_HRTIM_DLLCalibrationStart  stm32f3xx_hal_hrtim.o
    0x08003d3c   0x08003d3c   0x000000ac   Code   RO         3005    i.HAL_HRTIM_DeadTimeConfig  stm32f3xx_hal_hrtim.o
    0x08003de8   0x08003de8   0x00000108   Code   RO         3025    i.HAL_HRTIM_Init    stm32f3xx_hal_hrtim.o
    0x08003ef0   0x08003ef0   0x00000030   Code   RO          468    i.HAL_HRTIM_MspInit  hrtim.o
    0x08003f20   0x08003f20   0x0000009c   Code   RO          469    i.HAL_HRTIM_MspPostInit  hrtim.o
    0x08003fbc   0x08003fbc   0x0000004a   Code   RO         3032    i.HAL_HRTIM_PollForDLLCalibration  stm32f3xx_hal_hrtim.o
    0x08004006   0x08004006   0x0000003a   Code   RO         3072    i.HAL_HRTIM_TimeBaseConfig  stm32f3xx_hal_hrtim.o
    0x08004040   0x08004040   0x000001f8   Code   RO         3077    i.HAL_HRTIM_WaveformCompareConfig  stm32f3xx_hal_hrtim.o
    0x08004238   0x08004238   0x0000003c   Code   RO         3078    i.HAL_HRTIM_WaveformCountStart  stm32f3xx_hal_hrtim.o
    0x08004274   0x08004274   0x00000054   Code   RO         3086    i.HAL_HRTIM_WaveformOutputConfig  stm32f3xx_hal_hrtim.o
    0x080042c8   0x080042c8   0x00000040   Code   RO         3087    i.HAL_HRTIM_WaveformOutputStart  stm32f3xx_hal_hrtim.o
    0x08004308   0x08004308   0x00000040   Code   RO         3088    i.HAL_HRTIM_WaveformOutputStop  stm32f3xx_hal_hrtim.o
    0x08004348   0x08004348   0x000000b2   Code   RO         3090    i.HAL_HRTIM_WaveformTimerConfig  stm32f3xx_hal_hrtim.o
    0x080043fa   0x080043fa   0x00000002   PAD
    0x080043fc   0x080043fc   0x00000018   Code   RO         1223    i.HAL_IncTick       stm32f3xx_hal.o
    0x08004414   0x08004414   0x00000028   Code   RO         1224    i.HAL_Init          stm32f3xx_hal.o
    0x0800443c   0x0800443c   0x00000088   Code   RO          753    i.HAL_InitTick      stm32f3xx_hal_timebase_tim.o
    0x080044c4   0x080044c4   0x00000048   Code   RO          729    i.HAL_MspInit       stm32f3xx_hal_msp.o
    0x0800450c   0x0800450c   0x00000020   Code   RO         1695    i.HAL_NVIC_EnableIRQ  stm32f3xx_hal_cortex.o
    0x0800452c   0x0800452c   0x0000007c   Code   RO         1701    i.HAL_NVIC_SetPriority  stm32f3xx_hal_cortex.o
    0x080045a8   0x080045a8   0x00000028   Code   RO         1702    i.HAL_NVIC_SetPriorityGrouping  stm32f3xx_hal_cortex.o
    0x080045d0   0x080045d0   0x00000110   Code   RO         3743    i.HAL_OPAMP_Init    stm32f3xx_hal_opamp.o
    0x080046e0   0x080046e0   0x00000054   Code   RO          516    i.HAL_OPAMP_MspInit  opamp.o
    0x08004734   0x08004734   0x00000036   Code   RO         3748    i.HAL_OPAMP_Start   stm32f3xx_hal_opamp.o
    0x0800476a   0x0800476a   0x00000002   PAD
    0x0800476c   0x0800476c   0x0000020c   Code   RO         1487    i.HAL_RCCEx_PeriphCLKConfig  stm32f3xx_hal_rcc_ex.o
    0x08004978   0x08004978   0x000002ac   Code   RO         1381    i.HAL_RCC_ClockConfig  stm32f3xx_hal_rcc.o
    0x08004c24   0x08004c24   0x00000044   Code   RO         1385    i.HAL_RCC_GetClockConfig  stm32f3xx_hal_rcc.o
    0x08004c68   0x08004c68   0x0000000c   Code   RO         1386    i.HAL_RCC_GetHCLKFreq  stm32f3xx_hal_rcc.o
    0x08004c74   0x08004c74   0x0000002c   Code   RO         1388    i.HAL_RCC_GetPCLK1Freq  stm32f3xx_hal_rcc.o
    0x08004ca0   0x08004ca0   0x0000002c   Code   RO         1389    i.HAL_RCC_GetPCLK2Freq  stm32f3xx_hal_rcc.o
    0x08004ccc   0x08004ccc   0x000000a0   Code   RO         1390    i.HAL_RCC_GetSysClockFreq  stm32f3xx_hal_rcc.o
    0x08004d6c   0x08004d6c   0x00000a24   Code   RO         1393    i.HAL_RCC_OscConfig  stm32f3xx_hal_rcc.o
    0x08005790   0x08005790   0x00000002   Code   RO         4563    i.HAL_TIMEx_Break2Callback  stm32f3xx_hal_tim_ex.o
    0x08005792   0x08005792   0x00000002   Code   RO         4564    i.HAL_TIMEx_BreakCallback  stm32f3xx_hal_tim_ex.o
    0x08005794   0x08005794   0x00000002   Code   RO         4565    i.HAL_TIMEx_CommutCallback  stm32f3xx_hal_tim_ex.o
    0x08005796   0x08005796   0x00000002   PAD
    0x08005798   0x08005798   0x00000094   Code   RO         4584    i.HAL_TIMEx_MasterConfigSynchronization  stm32f3xx_hal_tim_ex.o
    0x0800582c   0x0800582c   0x0000006e   Code   RO         3838    i.HAL_TIM_Base_Init  stm32f3xx_hal_tim.o
    0x0800589a   0x0800589a   0x00000002   PAD
    0x0800589c   0x0800589c   0x00000040   Code   RO          558    i.HAL_TIM_Base_MspInit  tim.o
    0x080058dc   0x080058dc   0x00000084   Code   RO         3843    i.HAL_TIM_Base_Start_IT  stm32f3xx_hal_tim.o
    0x08005960   0x08005960   0x00000110   Code   RO         3847    i.HAL_TIM_ConfigClockSource  stm32f3xx_hal_tim.o
    0x08005a70   0x08005a70   0x00000002   Code   RO         3872    i.HAL_TIM_IC_CaptureCallback  stm32f3xx_hal_tim.o
    0x08005a72   0x08005a72   0x000001b8   Code   RO         3886    i.HAL_TIM_IRQHandler  stm32f3xx_hal_tim.o
    0x08005c2a   0x08005c2a   0x00000002   Code   RO         3889    i.HAL_TIM_OC_DelayElapsedCallback  stm32f3xx_hal_tim.o
    0x08005c2c   0x08005c2c   0x00000002   Code   RO         3916    i.HAL_TIM_PWM_PulseFinishedCallback  stm32f3xx_hal_tim.o
    0x08005c2e   0x08005c2e   0x00000002   PAD
    0x08005c30   0x08005c30   0x00000018   Code   RO           14    i.HAL_TIM_PeriodElapsedCallback  main.o
    0x08005c48   0x08005c48   0x00000002   Code   RO         3929    i.HAL_TIM_TriggerCallback  stm32f3xx_hal_tim.o
    0x08005c4a   0x08005c4a   0x00000074   Code   RO         4871    i.HAL_UART_Init     stm32f3xx_hal_uart.o
    0x08005cbe   0x08005cbe   0x00000002   PAD
    0x08005cc0   0x08005cc0   0x00000078   Code   RO          600    i.HAL_UART_MspInit  usart.o
    0x08005d38   0x08005d38   0x00000128   Code   RO         4874    i.HAL_UART_Receive  stm32f3xx_hal_uart.o
    0x08005e60   0x08005e60   0x000000d2   Code   RO         4880    i.HAL_UART_Transmit  stm32f3xx_hal_uart.o
    0x08005f32   0x08005f32   0x00000080   Code   RO         3097    i.HRTIM_ForceRegistersUpdate  stm32f3xx_hal_hrtim.o
    0x08005fb2   0x08005fb2   0x00000028   Code   RO         3102    i.HRTIM_MasterBase_Config  stm32f3xx_hal_hrtim.o
    0x08005fda   0x08005fda   0x0000005c   Code   RO         3103    i.HRTIM_MasterWaveform_Config  stm32f3xx_hal_hrtim.o
    0x08006036   0x08006036   0x000000f2   Code   RO         3105    i.HRTIM_OutputConfig  stm32f3xx_hal_hrtim.o
    0x08006128   0x08006128   0x00000040   Code   RO         3108    i.HRTIM_TimingUnitBase_Config  stm32f3xx_hal_hrtim.o
    0x08006168   0x08006168   0x000001e2   Code   RO         3109    i.HRTIM_TimingUnitWaveform_Config  stm32f3xx_hal_hrtim.o
    0x0800634a   0x0800634a   0x00000004   Code   RO          646    i.HardFault_Handler  stm32f3xx_it.o
    0x0800634e   0x0800634e   0x00000002   PAD
    0x08006350   0x08006350   0x00000034   Code   RO         5718    i.IIC_Start         oled.o
    0x08006384   0x08006384   0x00000028   Code   RO         5719    i.IIC_Stop          oled.o
    0x080063ac   0x080063ac   0x00000020   Code   RO         5720    i.IIC_Wait_Ack      oled.o
    0x080063cc   0x080063cc   0x00000040   Code   RO         5873    i.KalmanCreate      kalman.o
    0x0800640c   0x0800640c   0x00000086   Code   RO         5874    i.KalmanFilter      kalman.o
    0x08006492   0x08006492   0x00000002   PAD
    0x08006494   0x08006494   0x000000c8   Code   RO          331    i.MX_ADC1_Init      adc.o
    0x0800655c   0x0800655c   0x000000b0   Code   RO          332    i.MX_ADC2_Init      adc.o
    0x0800660c   0x0800660c   0x00000044   Code   RO          384    i.MX_CAN_Init       can.o
    0x08006650   0x08006650   0x00000044   Code   RO          443    i.MX_DMA_Init       dma.o
    0x08006694   0x08006694   0x00000054   Code   RO          268    i.MX_FREERTOS_Init  freertos.o
    0x080066e8   0x080066e8   0x000000d0   Code   RO          244    i.MX_GPIO_Init      gpio.o
    0x080067b8   0x080067b8   0x0000023c   Code   RO          470    i.MX_HRTIM1_Init    hrtim.o
    0x080069f4   0x080069f4   0x00000030   Code   RO          517    i.MX_OPAMP2_Init    opamp.o
    0x08006a24   0x08006a24   0x0000006c   Code   RO          559    i.MX_TIM2_Init      tim.o
    0x08006a90   0x08006a90   0x00000040   Code   RO          601    i.MX_USART2_UART_Init  usart.o
    0x08006ad0   0x08006ad0   0x00000004   Code   RO          647    i.MemManage_Handler  stm32f3xx_it.o
    0x08006ad4   0x08006ad4   0x00000004   Code   RO          648    i.NMI_Handler       stm32f3xx_it.o
    0x08006ad8   0x08006ad8   0x0000003e   Code   RO         5721    i.OLED_Clear        oled.o
    0x08006b16   0x08006b16   0x000000c6   Code   RO         5725    i.OLED_Init         oled.o
    0x08006bdc   0x08006bdc   0x00000028   Code   RO         5727    i.OLED_Set_Pos      oled.o
    0x08006c04   0x08006c04   0x000000a4   Code   RO         5729    i.OLED_ShowChar     oled.o
    0x08006ca8   0x08006ca8   0x00000038   Code   RO         5731    i.OLED_ShowString   oled.o
    0x08006ce0   0x08006ce0   0x00000018   Code   RO         5732    i.OLED_WR_Byte      oled.o
    0x08006cf8   0x08006cf8   0x0000000a   Code   RO          269    i.StartDefaultTask  freertos.o
    0x08006d02   0x08006d02   0x0000000e   Code   RO         5354    i.StartOLED         cap.o
    0x08006d10   0x08006d10   0x00000018   Code   RO         5355    i.Startcap_loop     cap.o
    0x08006d28   0x08006d28   0x00000034   Code   RO         7560    i.SysTick_Handler   port.o
    0x08006d5c   0x08006d5c   0x00000084   Code   RO           15    i.SystemClock_Config  main.o
    0x08006de0   0x08006de0   0x00000014   Code   RO         5317    i.SystemInit        system_stm32f3xx.o
    0x08006df4   0x08006df4   0x00000078   Code   RO          649    i.TIM2_IRQHandler   stm32f3xx_it.o
    0x08006e6c   0x08006e6c   0x00000010   Code   RO          650    i.TIM3_IRQHandler   stm32f3xx_it.o
    0x08006e7c   0x08006e7c   0x00000094   Code   RO         3931    i.TIM_Base_SetConfig  stm32f3xx_hal_tim.o
    0x08006f10   0x08006f10   0x00000016   Code   RO         3942    i.TIM_ETR_SetConfig  stm32f3xx_hal_tim.o
    0x08006f26   0x08006f26   0x00000012   Code   RO         3943    i.TIM_ITRx_SetConfig  stm32f3xx_hal_tim.o
    0x08006f38   0x08006f38   0x00000026   Code   RO         3951    i.TIM_TI1_ConfigInputStage  stm32f3xx_hal_tim.o
    0x08006f5e   0x08006f5e   0x00000028   Code   RO         3953    i.TIM_TI2_ConfigInputStage  stm32f3xx_hal_tim.o
    0x08006f86   0x08006f86   0x000000f8   Code   RO         4885    i.UART_AdvFeatureConfig  stm32f3xx_hal_uart.o
    0x0800707e   0x0800707e   0x00000072   Code   RO         4886    i.UART_CheckIdleState  stm32f3xx_hal_uart.o
    0x080070f0   0x080070f0   0x000001b0   Code   RO         4902    i.UART_SetConfig    stm32f3xx_hal_uart.o
    0x080072a0   0x080072a0   0x000000f8   Code   RO         4907    i.UART_WaitOnFlagUntilTimeout  stm32f3xx_hal_uart.o
    0x08007398   0x08007398   0x00000004   Code   RO          651    i.UsageFault_Handler  stm32f3xx_it.o
    0x0800739c   0x0800739c   0x00000064   Code   RO         5733    i.Write_IIC_Byte    oled.o
    0x08007400   0x08007400   0x0000002c   Code   RO         5734    i.Write_IIC_Command  oled.o
    0x0800742c   0x0800742c   0x0000002c   Code   RO         5735    i.Write_IIC_Data    oled.o
    0x08007458   0x08007458   0x00000030   Code   RO         7774    i.__ARM_fpclassify  m_wm.l(fpclassify.o)
    0x08007488   0x08007488   0x00000010   Code   RO         1708    i.__NVIC_GetPriorityGrouping  stm32f3xx_hal_cortex.o
    0x08007498   0x08007498   0x00000028   Code   RO         1709    i.__NVIC_SetPriority  stm32f3xx_hal_cortex.o
    0x080074c0   0x080074c0   0x00000006   Code   RO         7074    i.__get_BASEPRI     cmsis_os2.o
    0x080074c6   0x080074c6   0x00000006   Code   RO         7075    i.__get_IPSR        cmsis_os2.o
    0x080074cc   0x080074cc   0x00000006   Code   RO         7076    i.__get_PRIMASK     cmsis_os2.o
    0x080074d2   0x080074d2   0x0000000e   Code   RO         7662    i._is_digit         c_w.l(__printf_wp.o)
    0x080074e0   0x080074e0   0x0000014c   Code   RO         5356    i.adc_solve         cap.o
    0x0800762c   0x0800762c   0x00000064   Code   RO         5357    i.can_send          cap.o
    0x08007690   0x08007690   0x0000007c   Code   RO         5358    i.cap_loop          cap.o
    0x0800770c   0x0800770c   0x00000590   Code   RO         5359    i.cap_pid_bat_power  cap.o
    0x08007c9c   0x08007c9c   0x00000174   Code   RO         5360    i.cap_pid_i         cap.o
    0x08007e10   0x08007e10   0x0000026c   Code   RO         5361    i.cap_pid_powerbuffer  cap.o
    0x0800807c   0x0800807c   0x00000188   Code   RO         5362    i.data_cal          cap.o
    0x08008204   0x08008204   0x0000024c   Code   RO         5363    i.err_adjust        cap.o
    0x08008450   0x08008450   0x0000025c   Code   RO         5364    i.error_check       cap.o
    0x080086ac   0x080086ac   0x000000a4   Code   RO         5365    i.flash_loop        cap.o
    0x08008750   0x08008750   0x00000038   Code   RO         5366    i.float_to_int16    cap.o
    0x08008788   0x08008788   0x00000020   Code   RO         5367    i.get_tickus        cap.o
    0x080087a8   0x080087a8   0x00000088   Code   RO         5368    i.hdma_adc1_cplt    cap.o
    0x08008830   0x08008830   0x00000088   Code   RO         5369    i.hdma_adc2_cplt    cap.o
    0x080088b8   0x080088b8   0x0000002e   Code   RO         5370    i.int16_to_float    cap.o
    0x080088e6   0x080088e6   0x00000002   PAD
    0x080088e8   0x080088e8   0x00000050   Code   RO         5371    i.key_scan          cap.o
    0x08008938   0x08008938   0x00000034   Code   RO         5372    i.led_blue_set      cap.o
    0x0800896c   0x0800896c   0x0000002c   Code   RO         5373    i.led_red_set       cap.o
    0x08008998   0x08008998   0x00000040   Code   RO           16    i.main              main.o
    0x080089d8   0x080089d8   0x00000368   Code   RO         5374    i.oled_cal          cap.o
    0x08008d40   0x08008d40   0x00000464   Code   RO         5375    i.oled_display      cap.o
    0x080091a4   0x080091a4   0x00000038   Code   RO         7077    i.osDelay           cmsis_os2.o
    0x080091dc   0x080091dc   0x00000040   Code   RO         7091    i.osKernelInitialize  cmsis_os2.o
    0x0800921c   0x0800921c   0x00000044   Code   RO         7094    i.osKernelStart     cmsis_os2.o
    0x08009260   0x08009260   0x000000dc   Code   RO         7128    i.osThreadNew       cmsis_os2.o
    0x0800933c   0x0800933c   0x0000007c   Code   RO         6549    i.prvAddCurrentTaskToDelayedList  tasks.o
    0x080093b8   0x080093b8   0x000000b8   Code   RO         6550    i.prvAddNewTaskToReadyList  tasks.o
    0x08009470   0x08009470   0x00000074   Code   RO         6910    i.prvCheckForValidListAndQueue  timers.o
    0x080094e4   0x080094e4   0x00000048   Code   RO         6551    i.prvCheckTasksWaitingTermination  tasks.o
    0x0800952c   0x0800952c   0x0000002a   Code   RO         6142    i.prvCopyDataFromQueue  queue.o
    0x08009556   0x08009556   0x0000007c   Code   RO         6143    i.prvCopyDataToQueue  queue.o
    0x080095d2   0x080095d2   0x00000050   Code   RO         6552    i.prvDeleteTCB      tasks.o
    0x08009622   0x08009622   0x00000002   PAD
    0x08009624   0x08009624   0x00000028   Code   RO         6911    i.prvGetNextExpireTime  timers.o
    0x0800964c   0x0800964c   0x0000007c   Code   RO         7510    i.prvHeapInit       heap_4.o
    0x080096c8   0x080096c8   0x00000028   Code   RO         6553    i.prvIdleTask       tasks.o
    0x080096f0   0x080096f0   0x0000002a   Code   RO         6146    i.prvInitialiseNewQueue  queue.o
    0x0800971a   0x0800971a   0x000000b4   Code   RO         6554    i.prvInitialiseNewTask  tasks.o
    0x080097ce   0x080097ce   0x00000002   PAD
    0x080097d0   0x080097d0   0x00000068   Code   RO         6555    i.prvInitialiseTaskLists  tasks.o
    0x08009838   0x08009838   0x00000068   Code   RO         7511    i.prvInsertBlockIntoFreeList  heap_4.o
    0x080098a0   0x080098a0   0x00000058   Code   RO         6913    i.prvInsertTimerInActiveList  timers.o
    0x080098f8   0x080098f8   0x0000001a   Code   RO         6147    i.prvIsQueueEmpty   queue.o
    0x08009912   0x08009912   0x0000001e   Code   RO         6148    i.prvIsQueueFull    queue.o
    0x08009930   0x08009930   0x00000064   Code   RO         6914    i.prvProcessExpiredTimer  timers.o
    0x08009994   0x08009994   0x00000128   Code   RO         6915    i.prvProcessReceivedCommands  timers.o
    0x08009abc   0x08009abc   0x00000074   Code   RO         6916    i.prvProcessTimerOrBlockTask  timers.o
    0x08009b30   0x08009b30   0x00000034   Code   RO         6557    i.prvResetNextTaskUnblockTime  tasks.o
    0x08009b64   0x08009b64   0x0000002c   Code   RO         6917    i.prvSampleTimeNow  timers.o
    0x08009b90   0x08009b90   0x000000a0   Code   RO         6918    i.prvSwitchTimerLists  timers.o
    0x08009c30   0x08009c30   0x00000040   Code   RO         7561    i.prvTaskExitError  port.o
    0x08009c70   0x08009c70   0x0000001a   Code   RO         6919    i.prvTimerTask      timers.o
    0x08009c8a   0x08009c8a   0x0000007e   Code   RO         6149    i.prvUnlockQueue    queue.o
    0x08009d08   0x08009d08   0x0000013c   Code   RO         7512    i.pvPortMalloc      heap_4.o
    0x08009e44   0x08009e44   0x000000f8   Code   RO         5376    i.pwm_output        cap.o
    0x08009f3c   0x08009f3c   0x0000002c   Code   RO         7562    i.pxPortInitialiseStack  port.o
    0x08009f68   0x08009f68   0x0000012c   Code   RO         5377    i.system_init       cap.o
    0x0800a094   0x0800a094   0x00000028   Code   RO         6102    i.uxListRemove      list.o
    0x0800a0bc   0x0800a0bc   0x00000018   Code   RO         7140    i.vApplicationGetIdleTaskMemory  cmsis_os2.o
    0x0800a0d4   0x0800a0d4   0x00000018   Code   RO         7141    i.vApplicationGetTimerTaskMemory  cmsis_os2.o
    0x0800a0ec   0x0800a0ec   0x0000001a   Code   RO         6103    i.vListInitialise   list.o
    0x0800a106   0x0800a106   0x00000006   Code   RO         6104    i.vListInitialiseItem  list.o
    0x0800a10c   0x0800a10c   0x00000034   Code   RO         6105    i.vListInsert       list.o
    0x0800a140   0x0800a140   0x00000018   Code   RO         6106    i.vListInsertEnd    list.o
    0x0800a158   0x0800a158   0x00000054   Code   RO         7564    i.vPortEnterCritical  port.o
    0x0800a1ac   0x0800a1ac   0x0000003c   Code   RO         7565    i.vPortExitCritical  port.o
    0x0800a1e8   0x0800a1e8   0x00000094   Code   RO         7513    i.vPortFree         heap_4.o
    0x0800a27c   0x0800a27c   0x00000028   Code   RO         7566    i.vPortSetupTimerInterrupt  port.o
    0x0800a2a4   0x0800a2a4   0x00000078   Code   RO         7567    i.vPortValidateInterruptPriority  port.o
    0x0800a31c   0x0800a31c   0x0000002c   Code   RO         6155    i.vQueueAddToRegistry  queue.o
    0x0800a348   0x0800a348   0x0000004a   Code   RO         6159    i.vQueueWaitForMessageRestricted  queue.o
    0x0800a392   0x0800a392   0x00000002   PAD
    0x0800a394   0x0800a394   0x0000005c   Code   RO         6569    i.vTaskDelay        tasks.o
    0x0800a3f0   0x0800a3f0   0x000000d4   Code   RO         6570    i.vTaskDelayUntil   tasks.o
    0x0800a4c4   0x0800a4c4   0x00000018   Code   RO         6574    i.vTaskInternalSetTimeOutState  tasks.o
    0x0800a4dc   0x0800a4dc   0x0000000c   Code   RO         6575    i.vTaskMissedYield  tasks.o
    0x0800a4e8   0x0800a4e8   0x00000038   Code   RO         6577    i.vTaskPlaceOnEventList  tasks.o
    0x0800a520   0x0800a520   0x00000040   Code   RO         6578    i.vTaskPlaceOnEventListRestricted  tasks.o
    0x0800a560   0x0800a560   0x000000b8   Code   RO         6586    i.vTaskStartScheduler  tasks.o
    0x0800a618   0x0800a618   0x00000010   Code   RO         6588    i.vTaskSuspendAll   tasks.o
    0x0800a628   0x0800a628   0x00000090   Code   RO         6589    i.vTaskSwitchContext  tasks.o
    0x0800a6b8   0x0800a6b8   0x00000168   Code   RO         7568    i.xPortStartScheduler  port.o
    0x0800a820   0x0800a820   0x000000de   Code   RO         6165    i.xQueueGenericCreateStatic  queue.o
    0x0800a8fe   0x0800a8fe   0x00000002   PAD
    0x0800a900   0x0800a900   0x00000098   Code   RO         6166    i.xQueueGenericReset  queue.o
    0x0800a998   0x0800a998   0x000001a8   Code   RO         6167    i.xQueueGenericSend  queue.o
    0x0800ab40   0x0800ab40   0x000000f8   Code   RO         6168    i.xQueueGenericSendFromISR  queue.o
    0x0800ac38   0x0800ac38   0x00000168   Code   RO         6177    i.xQueueReceive     queue.o
    0x0800ada0   0x0800ada0   0x0000008c   Code   RO         6590    i.xTaskCheckForTimeOut  tasks.o
    0x0800ae2c   0x0800ae2c   0x00000064   Code   RO         6591    i.xTaskCreate       tasks.o
    0x0800ae90   0x0800ae90   0x000000b8   Code   RO         6592    i.xTaskCreateStatic  tasks.o
    0x0800af48   0x0800af48   0x00000020   Code   RO         6596    i.xTaskGetSchedulerState  tasks.o
    0x0800af68   0x0800af68   0x0000000c   Code   RO         6597    i.xTaskGetTickCount  tasks.o
    0x0800af74   0x0800af74   0x00000144   Code   RO         6599    i.xTaskIncrementTick  tasks.o
    0x0800b0b8   0x0800b0b8   0x000000a4   Code   RO         6602    i.xTaskPriorityDisinherit  tasks.o
    0x0800b15c   0x0800b15c   0x00000098   Code   RO         6604    i.xTaskRemoveFromEventList  tasks.o
    0x0800b1f4   0x0800b1f4   0x00000104   Code   RO         6605    i.xTaskResumeAll    tasks.o
    0x0800b2f8   0x0800b2f8   0x00000078   Code   RO         6926    i.xTimerCreateTimerTask  timers.o
    0x0800b370   0x0800b370   0x00000084   Code   RO         6927    i.xTimerGenericCommand  timers.o
    0x0800b3f4   0x0800b3f4   0x0000002c   Code   RO         7770    locale$$code        c_w.l(lc_numeric_c.o)
    0x0800b420   0x0800b420   0x0000000c   Code   RO         7711    x$fpl$dretinf       fz_wm.l(dretinf.o)
    0x0800b42c   0x0800b42c   0x00000056   Code   RO         7691    x$fpl$f2d           fz_wm.l(f2d.o)
    0x0800b482   0x0800b482   0x0000008c   Code   RO         7713    x$fpl$fnaninf       fz_wm.l(fnaninf.o)
    0x0800b50e   0x0800b50e   0x0000000a   Code   RO         7850    x$fpl$fpinit        fz_wm.l(fpinit.o)
    0x0800b518   0x0800b518   0x00000004   Code   RO         7693    x$fpl$printf1       fz_wm.l(printf1.o)
    0x0800b51c   0x0800b51c   0x00000000   Code   RO         7715    x$fpl$usenofp       fz_wm.l(usenofp.o)
    0x0800b51c   0x0800b51c   0x0000006c   Data   RO          272    .constdata          freertos.o
    0x0800b588   0x0800b588   0x00000020   Data   RO         1394    .constdata          stm32f3xx_hal_rcc.o
    0x0800b5a8   0x0800b5a8   0x00000018   Data   RO         5318    .constdata          system_stm32f3xx.o
    0x0800b5c0   0x0800b5c0   0x00000818   Data   RO         5738    .constdata          oled.o
    0x0800bdd8   0x0800bdd8   0x00000011   Data   RO         7665    .constdata          c_w.l(__printf_flags_wp.o)
    0x0800bde9   0x0800bde9   0x00000003   PAD
    0x0800bdec   0x0800bdec   0x00000094   Data   RO         7745    .constdata          c_w.l(bigflt0.o)
    0x0800be80   0x0800be80   0x0000001d   Data   RO          273    .conststring        freertos.o
    0x0800be9d   0x0800be9d   0x00000003   PAD
    0x0800bea0   0x0800bea0   0x00000040   Data   RO         7919    Region$$Table       anon$$obj.o
    0x0800bee0   0x0800bee0   0x0000001c   Data   RO         7769    locale$$data        c_w.l(lc_numeric_c.o)


    Execution Region RW_IRAM2 (Exec base: 0x10000000, Load base: 0x0800bf58, Size: 0x00000a08, Max: 0x00001000, ABSOLUTE)

    Exec Addr    Load Addr    Size         Type   Attr      Idx    E Section Name        Object

    0x10000000   0x0800bf58   0x0000000c   Data   RW          274    .data               freertos.o
    0x1000000c   0x0800bf64   0x00000004   Data   RW          334    .data               adc.o
    0x10000010   0x0800bf68   0x0000003c   Data   RW         6608    .data               tasks.o
    0x1000004c   0x0800bfa4   0x00000004   Data   RW         7143    .data               cmsis_os2.o
    0x10000050   0x0800bfa8   0x00000018   Data   RW         7518    .data               heap_4.o
    0x10000068   0x0800bfc0   0x0000000c   Data   RW         7569    .data               port.o
    0x10000074        -       0x00000128   Zero   RW          333    .bss                adc.o
    0x1000019c        -       0x00000084   Zero   RW          602    .bss                usart.o
    0x10000220        -       0x0000004c   Zero   RW          756    .bss                stm32f3xx_hal_timebase_tim.o
    0x1000026c   0x0800bfcc   0x00000004   PAD
    0x10000270        -       0x00000020   Zero   RW         1967    .bss                stm32f3xx_hal_flash.o
    0x10000290        -       0x00000118   Zero   RW         6934    .bss                timers.o
    0x100003a8        -       0x00000060   Zero   RW         7777    .bss                c_w.l(libspace.o)
    0x10000408        -       0x00000200   Zero   RW            2    HEAP                startup_stm32f334x8.o
    0x10000608        -       0x00000400   Zero   RW            1    STACK               startup_stm32f334x8.o


    Execution Region RW_IRAM1 (Exec base: 0x20000000, Load base: 0x0800befc, Size: 0x00002a08, Max: 0x00003000, ABSOLUTE, COMPRESSED[0x0000005c])

    Exec Addr    Load Addr    Size         Type   Attr      Idx    E Section Name        Object

    0x20000000   COMPRESSED   0x00000009   Data   RW         1231    .data               stm32f3xx_hal.o
    0x20000009   COMPRESSED   0x00000003   PAD
    0x2000000c   COMPRESSED   0x00000004   Data   RW         5319    .data               system_stm32f3xx.o
    0x20000010   COMPRESSED   0x000001e9   Data   RW         5379    .data               cap.o
    0x200001f9   COMPRESSED   0x0000000c   Data   RW         5906    .data               flash.o
    0x20000205   COMPRESSED   0x00000003   PAD
    0x20000208   COMPRESSED   0x00000014   Data   RW         6935    .data               timers.o
    0x2000021c        -       0x00000070   Zero   RW          385    .bss                can.o
    0x2000028c        -       0x000000dc   Zero   RW          471    .bss                hrtim.o
    0x20000368        -       0x00000034   Zero   RW          518    .bss                opamp.o
    0x2000039c        -       0x0000004c   Zero   RW          560    .bss                tim.o
    0x200003e8        -       0x000002d4   Zero   RW         5378    .bss                cap.o
    0x200006bc        -       0x00000020   Zero   RW         5905    .bss                flash.o
    0x200006dc        -       0x00000040   Zero   RW         6181    .bss                queue.o
    0x2000071c        -       0x000004c4   Zero   RW         6607    .bss                tasks.o
    0x20000be0        -       0x000006b8   Zero   RW         7142    .bss                cmsis_os2.o
    0x20001298        -       0x00001770   Zero   RW         7517    .bss                heap_4.o


==============================================================================

Image component sizes


      Code (inc. data)   RO Data    RW Data    ZI Data      Debug   Object Name

       840         42          0          4        296       3046   adc.o
       412         32          0          0        112       4349   can.o
      8236        870          0        489        724     577339   cap.o
       474         38          0          4       1720      16926   cmsis_os2.o
        68          4          0          0          0        794   dma.o
         0          0          0          0          0      20172   event_groups.o
      1288         98          0         12         32       5957   flash.o
        94         38        137         12          0       4607   freertos.o
       208          8          0          0          0        995   gpio.o
       692         62          0         24       6000       4855   heap_4.o
       776         30          0          0        220       2879   hrtim.o
       198          6          0          0          0       1878   kalman.o
       148          0          0          0          0       3650   list.o
       226          6          0          0          0     799132   main.o
       856         28       2072          0          0       8138   oled.o
       132         16          0          0         52       1695   opamp.o
      1014         92          0         12          0      11845   port.o
      1914         20          0          0         64      17352   queue.o
        64         26        392          0       1536        856   startup_stm32f334x8.o
       116         24          0          9          0      14594   stm32f3xx_hal.o
         6          0          0          0          0       2158   stm32f3xx_hal_adc.o
      2952         76          0          0          0       9872   stm32f3xx_hal_adc_ex.o
      2108          0          0          0          0      14567   stm32f3xx_hal_can.o
       252         22          0          0          0      32066   stm32f3xx_hal_cortex.o
       544          4          0          0          0       4155   stm32f3xx_hal_dma.o
       448         46          0          0         32       4386   stm32f3xx_hal_flash.o
       256         28          0          0          0       2699   stm32f3xx_hal_flash_ex.o
       458         26          0          0          0       2767   stm32f3xx_hal_gpio.o
      2698         30          0          0          0      15122   stm32f3xx_hal_hrtim.o
        72          4          0          0          0        878   stm32f3xx_hal_msp.o
       326          8          0          0          0       1975   stm32f3xx_hal_opamp.o
      3608        106         32          0          0       7189   stm32f3xx_hal_rcc.o
       524         12          0          0          0       1500   stm32f3xx_hal_rcc_ex.o
      1228         42          0          0          0       9863   stm32f3xx_hal_tim.o
       154         14          0          0          0       3144   stm32f3xx_hal_tim_ex.o
       136         18          0          0         76       1507   stm32f3xx_hal_timebase_tim.o
      1664         46          0          0          0       7376   stm32f3xx_hal_uart.o
       206         54          0          0          0       5484   stm32f3xx_it.o
         0          0          0          0          0       8896   stream_buffer.o
        20          6         24          4          0       1171   system_stm32f3xx.o
      3008        358          0         60       1220      26104   tasks.o
       172         10          0          0         76       1734   tim.o
      1238        124          0         20        280      27131   timers.o
       184         20          0          0        132       1750   usart.o

    ----------------------------------------------------------------------
     40060       2494       2724        656      12576    1694553   Object Totals
         0          0         64          0          0          0   (incl. Generated)
        42          0          3          6          4          0   (incl. Padding)

    ----------------------------------------------------------------------

      Code (inc. data)   RO Data    RW Data    ZI Data      Debug   Library Member Name

        90          0          0          0          0          0   __dczerorl2.o
         8          0          0          0          0         68   __main.o
       312          4         17          0          0         92   __printf_flags_wp.o
        14          0          0          0          0         68   __printf_wp.o
         0          0          0          0          0          0   __rtentry.o
        12          0          0          0          0          0   __rtentry2.o
         6          0          0          0          0          0   __rtentry4.o
        52          8          0          0          0          0   __scatter.o
        26          0          0          0          0          0   __scatter_copy.o
        28          0          0          0          0          0   __scatter_zi.o
        48          6          0          0          0         96   _printf_char_common.o
         6          0          0          0          0          0   _printf_d.o
       120         16          0          0          0         92   _printf_dec.o
         6          0          0          0          0          0   _printf_f.o
      1054          0          0          0          0        216   _printf_fp_dec.o
       128         16          0          0          0         84   _printf_fp_infnan.o
       178          0          0          0          0         88   _printf_intcommon.o
        78          0          0          0          0        108   _printf_pad.o
         0          0          0          0          0          0   _printf_percent.o
         4          0          0          0          0          0   _printf_percent_end.o
        10          0          0          0          0         68   _sputc.o
        16          0          0          0          0         68   aeabi_memset.o
       228          4        148          0          0         96   bigflt0.o
      1936        128          0          0          0        672   btod.o
        18          0          0          0          0         80   exit.o
         6          0          0          0          0        152   heapauxi.o
         0          0          0          0          0          0   indicate_semi.o
        44         10         28          0          0         76   lc_numeric_c.o
         2          0          0          0          0          0   libinit.o
        22          0          0          0          0          0   libinit2.o
         2          0          0          0          0          0   libshutdown.o
         2          0          0          0          0          0   libshutdown2.o
         8          4          0          0         96         68   libspace.o
       138          0          0          0          0         80   lludiv10.o
       238          0          0          0          0        100   lludivv7m.o
        38          0          0          0          0         68   llushr.o
        40          6          0          0          0         84   noretval__2sprintf.o
         8          4          0          0          0         68   rt_locale_intlibspace.o
        68          0          0          0          0         68   rt_memclr.o
        78          0          0          0          0         80   rt_memclr_w.o
       138          0          0          0          0         68   rt_memcpy_v6.o
       100          0          0          0          0         80   rt_memcpy_w.o
         2          0          0          0          0          0   rtexit.o
        10          0          0          0          0          0   rtexit2.o
       128          0          0          0          0         68   strcmpv7m.o
        62          0          0          0          0         76   strlen.o
        12          4          0          0          0         68   sys_exit.o
        74          0          0          0          0         80   sys_stackheap_outer.o
         2          0          0          0          0         68   use_no_semi.o
        12          0          0          0          0        116   dretinf.o
        86          4          0          0          0        132   f2d.o
       140          4          0          0          0        132   fnaninf.o
        10          0          0          0          0        116   fpinit.o
         4          0          0          0          0        116   printf1.o
         0          0          0          0          0          0   usenofp.o
        48          0          0          0          0        124   fpclassify.o

    ----------------------------------------------------------------------
      5912        218        196          0         96       3984   Library Totals
        12          0          3          0          0          0   (incl. Padding)

    ----------------------------------------------------------------------

      Code (inc. data)   RO Data    RW Data    ZI Data      Debug   Library Name

      5600        210        193          0         96       3248   c_w.l
       252          8          0          0          0        612   fz_wm.l
        48          0          0          0          0        124   m_wm.l

    ----------------------------------------------------------------------
      5912        218        196          0         96       3984   Library Totals

    ----------------------------------------------------------------------

==============================================================================


      Code (inc. data)   RO Data    RW Data    ZI Data      Debug   

     45972       2712       2920        656      12672    1670185   Grand Totals
     45972       2712       2920        208      12672    1670185   ELF Image Totals (compressed)
     45972       2712       2920        208          0          0   ROM Totals

==============================================================================

    Total RO  Size (Code + RO Data)                48892 (  47.75kB)
    Total RW  Size (RW Data + ZI Data)             13328 (  13.02kB)
    Total ROM Size (Code + RO Data + RW Data)      49100 (  47.95kB)

==============================================================================

